Component: ARM Compiler 5.05 update 1 (build 106) Tool: armlink [4d0efa]

==============================================================================

Section Cross References

    main.o(i._Z12RunStartTaskPv) refers to os_cpu_c.o(i.OS_CPU_SysTickInit) for OS_CPU_SysTickInit
    main.o(i._Z12RunStartTaskPv) refers to tasks.o(i._Z7AppInitv) for AppInit()
    main.o(i._Z12RunStartTaskPv) refers to os_time.o(i.OSTimeDlyHMSM) for OSTimeDlyHMSM
    main.o(i.main) refers to cpu_a.o(.text) for CPU_IntDis
    main.o(i.main) refers to os_core.o(i.OSInit) for OSInit
    main.o(i.main) refers to os_task.o(i.OSTaskCreateExt) for OSTaskCreateExt
    main.o(i.main) refers to os_core.o(i.OSStart) for OSStart
    main.o(i.main) refers to main.o(.bss) for .bss
    main.o(i.main) refers to main.o(i._Z12RunStartTaskPv) for RunStartTask(void*)
    main.o(.ARM.exidx) refers to main.o(i._Z12RunStartTaskPv) for i._Z12RunStartTaskPv
    main.o(.ARM.exidx) refers to main.o(i.main) for i.main
    tasks.o(i._Z10RunGUITaskv) refers to ek_gui.o(i._Z16GUI_Touch_Configv) for GUI_Touch_Config()
    tasks.o(i._Z10RunGUITaskv) refers to dialog.o(i._Z25CreatePrintableMainWindowv) for CreatePrintableMainWindow()
    tasks.o(i._Z10RunGUITaskv) refers to printf4.o(i.__0printf$4) for __2printf
    tasks.o(i._Z10RunGUITaskv) refers to guitime.o(i.GUI_Delay) for GUI_Delay
    tasks.o(i._Z12RunUSARTTaskv) refers to printf4.o(i.__0printf$4) for __2printf
    tasks.o(i._Z12RunUSARTTaskv) refers to ek_usart.o(i._ZN5USART6ReadLnEPci) for USART::ReadLn(char*, int)
    tasks.o(i._Z12RunUSARTTaskv) refers to tasks.o(i._ZSt6strstrPcPKc) for std::strstr(char*, const char*)
    tasks.o(i._Z12RunUSARTTaskv) refers to tasks.o(t._ZN4TaskILi512EE3RunEv) for Task<(int)512>::Run()
    tasks.o(i._Z12RunUSARTTaskv) refers to tasks.o(i._Z9ListFilesv) for ListFiles()
    tasks.o(i._Z12RunUSARTTaskv) refers to tasks.o(i._Z8ReadFilePc) for ReadFile(char*)
    tasks.o(i._Z12RunUSARTTaskv) refers to strlen.o(.text) for strlen
    tasks.o(i._Z12RunUSARTTaskv) refers to ek_sd.o(i._ZN7SD_Card5WriteEPcS0_j) for SD_Card::Write(char*, char*, unsigned)
    tasks.o(i._Z12RunUSARTTaskv) refers to ek_sd.o(i._ZN7SD_Card4ReadEPcS0_j) for SD_Card::Read(char*, char*, unsigned)
    tasks.o(i._Z12RunUSARTTaskv) refers to guistream.o(i.GUI_DrawStreamedBitmap) for GUI_DrawStreamedBitmap
    tasks.o(i._Z12RunUSARTTaskv) refers to tasks.o(.bss) for .bss
    tasks.o(i._Z12RunUSARTTaskv) refers to tasks.o(.data) for .data
    tasks.o(i._Z17RunTouchPanelTaskv) refers to gui_touch_driveranalog.o(i.GUI_TOUCH_Exec) for GUI_TOUCH_Exec
    tasks.o(i._Z17RunTouchPanelTaskv) refers to os_time.o(i.OSTimeDlyHMSM) for OSTimeDlyHMSM
    tasks.o(i._Z7AppInitv) refers to os_task.o(i.OSTaskCreate) for OSTaskCreate
    tasks.o(i._Z7AppInitv) refers to tasks.o(t._ZN4TaskILi512EE3RunEv) for Task<(int)512>::Run()
    tasks.o(i._Z7AppInitv) refers to tasks.o(.bss) for .bss
    tasks.o(i._Z8ReadFilePc) refers to ek_sd.o(i._ZN7SD_Card4ReadEPcS0_j) for SD_Card::Read(char*, char*, unsigned)
    tasks.o(i._Z8ReadFilePc) refers to printf4.o(i.__0printf$4) for __2printf
    tasks.o(i._Z8ReadFilePc) refers to tasks.o(.bss) for .bss
    tasks.o(i._Z9ListFilesv) refers to memmovea.o(.text) for __aeabi_memcpy4
    tasks.o(i._Z9ListFilesv) refers to ek_sd.o(i._ZN7SD_Card4ListEPci) for SD_Card::List(char*, int)
    tasks.o(i._Z9ListFilesv) refers to tasks.o(.constdata) for .constdata
    tasks.o(i._Z9ListFilesv) refers to tasks.o(.bss) for .bss
    tasks.o(i._Z9RunSDTaskv) refers to ek_sd.o(i._ZN7SD_Card5MountEv) for SD_Card::Mount()
    tasks.o(i._Z9RunSDTaskv) refers to ek_sd.o(i._ZN7SD_Card9PrintSizeEv) for SD_Card::PrintSize()
    tasks.o(i._Z9RunSDTaskv) refers to os_time.o(i.OSTimeDlyHMSM) for OSTimeDlyHMSM
    tasks.o(i._Z9RunSDTaskv) refers to tasks.o(.bss) for .bss
    tasks.o(i.__sti___9_tasks_cpp_SDTask) refers to ek_usart.o(i._ZN5USARTC1EP13USART_TypeDefjttt) for USART::USART(USART_TypeDef*, unsigned, unsigned short, unsigned short, unsigned short)
    tasks.o(i.__sti___9_tasks_cpp_SDTask) refers to ek_sd.o(i._ZN7SD_CardC1Ev) for SD_Card::SD_Card()
    tasks.o(i.__sti___9_tasks_cpp_SDTask) refers to tasks.o(.bss) for .bss
    tasks.o(i.__sti___9_tasks_cpp_SDTask) refers to tasks.o(i._Z17RunTouchPanelTaskv) for RunTouchPanelTask()
    tasks.o(i.__sti___9_tasks_cpp_SDTask) refers to tasks.o(i._Z12RunUSARTTaskv) for RunUSARTTask()
    tasks.o(i.__sti___9_tasks_cpp_SDTask) refers to tasks.o(i._Z9RunSDTaskv) for RunSDTask()
    tasks.o(i.__sti___9_tasks_cpp_SDTask) refers to tasks.o(i._Z10RunGUITaskv) for RunGUITask()
    tasks.o(.ARM.exidx) refers to tasks.o(i._Z7AppInitv) for i._Z7AppInitv
    tasks.o(.ARM.exidx) refers to tasks.o(i._Z10RunGUITaskv) for i._Z10RunGUITaskv
    tasks.o(.ARM.exidx) refers to tasks.o(i._Z17RunTouchPanelTaskv) for i._Z17RunTouchPanelTaskv
    tasks.o(.ARM.exidx) refers to tasks.o(i._Z9ListFilesv) for i._Z9ListFilesv
[...]
    WM_pfPollPID                             0x200001c4   Data           4  wm.o(.data)
    WM__PaintCallbackCnt                     0x200001c8   Data           1  wm.o(.data)
    WM__TransWindowCnt                       0x200001cc   Data           4  wm.o(.data)
    WM__hATransWindow                        0x200001d0   Data           2  wm.o(.data)
    LCD_aAPI                                 0x200001ec   Data           4  lcd_api.o(.data)
    _pEffectDefault                          0x200001f8   Data           4  widget.o(.data)
    WM__CHWinModal                           0x200001fc   Data           8  wmtouch.o(.data)
    WM__CHWinLast                            0x20000204   Data           8  wmtouch.o(.data)
    __stdout                                 0x2000020c   Data           4  stdout.o(.data)
    SDTask                                   0x20000824   Data        2056  tasks.o(.bss)
    OSEventTbl                               0x200022bc   Data         480  os_core.o(.bss)
    OSTaskIdleStk                            0x2000249c   Data         128  os_core.o(.bss)
    OSTCBPrioTbl                             0x2000251c   Data         256  os_core.o(.bss)
    OSTCBTbl                                 0x2000261c   Data        1764  os_core.o(.bss)
    OSFlagTbl                                0x20002d00   Data          80  os_core.o(.bss)
    OSMemTbl                                 0x20002d50   Data         120  os_core.o(.bss)
    OSQTbl                                   0x20002dc8   Data          96  os_core.o(.bss)
    OSTmrTbl                                 0x20002e28   Data         640  os_core.o(.bss)
    OSTmrTaskStk                             0x200030a8   Data         256  os_core.o(.bss)
    OSTmrWheelTbl                            0x200031a8   Data          64  os_core.o(.bss)
    SDCardInfo                               0x20003208   Data          80  sdio_sd.o(.bss)
    SDIO_InitStructure                       0x20003258   Data          24  sdio_sd.o(.bss)
    SDIO_CmdInitStructure                    0x20003270   Data          20  sdio_sd.o(.bss)
    SDIO_DataInitStructure                   0x20003284   Data          24  sdio_sd.o(.bss)
    GUI_Heap                                 0x2000333c   Data       10000  guialloc.o(.bss)
    GUI_ALLOC                                0x2000641c   Data          20  guialloc.o(.bss)
    GUI_Context                              0x20006430   Data          96  guicore.o(.bss)
    WM_PID__StateLast                        0x20006490   Data          12  wm.o(.bss)
    LCD__aConvTable                          0x20006650   Data         512  lcdcolor.o(.bss)
    __initial_sp                             0x20006c60   Data           0  startup_stm32f10x_hd.o(STACK)



==============================================================================

Memory Map of the image

  Image Entry point : 0x08000131

  Load Region LR_IROM1 (Base: 0x08000000, Size: 0x00014190, Max: 0x00040000, ABSOLUTE, COMPRESSED[0x00013fe4])

    Execution Region ER_IROM1 (Base: 0x08000000, Size: 0x00013f7c, Max: 0x00040000, ABSOLUTE)

    Base Addr    Size         Type   Attr      Idx    E Section Name        Object

    0x08000000   0x00000130   Data   RO         1445    RESET               startup_stm32f10x_hd.o
    0x08000130   0x00000000   Code   RO        14793  * .ARM.Collect$$$$00000000  mc_w.l(entry.o)
    0x08000130   0x00000004   Code   RO        15149    .ARM.Collect$$$$00000001  mc_w.l(entry2.o)
    0x08000134   0x00000004   Code   RO        15152    .ARM.Collect$$$$00000004  mc_w.l(entry5.o)
    0x08000138   0x00000000   Code   RO        15154    .ARM.Collect$$$$00000008  mc_w.l(entry7b.o)
    0x08000138   0x00000004   Code   RO        15155    .ARM.Collect$$$$00000009  mc_w.l(entry8a.o)
    0x0800013c   0x00000000   Code   RO        15156    .ARM.Collect$$$$0000000A  mc_w.l(entry8b.o)
    0x0800013c   0x00000008   Code   RO        15157    .ARM.Collect$$$$0000000B  mc_w.l(entry9a.o)
    0x08000144   0x00000000   Code   RO        15159    .ARM.Collect$$$$0000000D  mc_w.l(entry10a.o)
    0x08000144   0x00000000   Code   RO        15161    .ARM.Collect$$$$0000000F  mc_w.l(entry11a.o)
    0x08000144   0x00000004   Code   RO        15150    .ARM.Collect$$$$00002712  mc_w.l(entry2.o)
    0x08000148   0x00000024   Code   RO         1446    .text               startup_stm32f10x_hd.o
    0x0800016c   0x0000002a   Code   RO         5824    .text               cpu_a.o
    0x08000196   0x00000002   PAD
    0x08000198   0x000000a4   Code   RO         6814    .text               os_cpu_a.o
    0x0800023c   0x00000040   Code   RO        14801    .text               mc_w.l(memmovea.o)
    0x0800027c   0x00000024   Code   RO        14803    .text               mc_w.l(memseta.o)
    0x080002a0   0x00000024   Code   RO        14807    .text               mc_w.l(strstr.o)
    0x080002c4   0x0000000e   Code   RO        14809    .text               mc_w.l(strlen.o)
    0x080002d2   0x0000001a   Code   RO        14811    .text               mc_w.l(memcmp.o)
    0x080002ec   0x00000012   Code   RO        14813    .text               mc_w.l(strcpy.o)
    0x080002fe   0x0000001a   Code   RO        15080    .text               mc_w.l(atoi.o)
    0x08000318   0x00000020   Code   RO        15085    .text               mc_w.l(cpp_init.o)
    0x08000338   0x00000062   Code   RO        15166    .text               mc_w.l(uldiv.o)
    0x0800039a   0x0000001e   Code   RO        15168    .text               mc_w.l(llshl.o)
    0x080003b8   0x00000020   Code   RO        15170    .text               mc_w.l(llushr.o)
    0x080003d8   0x00000070   Code   RO        15181    .text               mc_w.l(strtol.o)
    0x08000448   0x00000024   Code   RO        15198    .text               mc_w.l(init.o)
    0x0800046c   0x00000008   Code   RO        15200    .text               mc_w.l(ctype_o.o)
    0x08000474   0x0000009e   Code   RO        15228    .text               mc_w.l(_strtoul.o)
    0x08000512   0x0000001c   Code   RO        15232    .text               mc_w.l(_chval.o)
    0x0800052e   0x00000056   Code   RO        15242    .text               mc_w.l(__dczerorl2.o)
    0x08000584   0x00000060   Code   RO         1202    i.ADS7843_SPI_Init  touchpanel.o
    0x080005e4   0x00000002   Code   RO          605    i.App_TCBInitHook   os_apphooks.o
    0x080005e6   0x00000002   Code   RO          606    i.App_TaskCreateHook  os_apphooks.o
    0x080005e8   0x00000002   Code   RO          608    i.App_TaskIdleHook  os_apphooks.o
    0x080005ea   0x00000002   Code   RO          611    i.App_TaskSwHook    os_apphooks.o
    0x080005ec   0x00000002   Code   RO          612    i.App_TimeTickHook  os_apphooks.o
    0x080005ee   0x00000056   Code   RO         9770    i.BUTTON_Callback   uCGUI.lib(button.o)
    0x08000644   0x00000068   Code   RO         9771    i.BUTTON_CreateEx   uCGUI.lib(button.o)
    0x080006ac   0x00000050   Code   RO         9903    i.BUTTON_CreateIndirect  uCGUI.lib(button_createindirect.o)
    0x080006fc   0x00000024   Code   RO         9774    i.BUTTON_SetFont    uCGUI.lib(button.o)
    0x08000720   0x0000002e   Code   RO         9777    i.BUTTON_SetText    uCGUI.lib(button.o)
    0x0800074e   0x00000002   Code   RO          536    i.BusFault_Handler  stm32f10x_it.o
    0x08000750   0x000000e8   Code   RO         6817    i.CmdResp1Error     sdio_sd.o
    0x08000838   0x00000034   Code   RO         6818    i.CmdResp2Error     sdio_sd.o
    0x0800086c   0x00000070   Code   RO         6819    i.CmdResp6Error     sdio_sd.o
    0x080008dc   0x00000018   Code   RO         2193    i.DMA_ClearFlag     stm32f10x_dma.o
    0x080008f4   0x00000016   Code   RO         2195    i.DMA_Cmd           stm32f10x_dma.o
    0x0800090a   0x00000002   PAD
    0x0800090c   0x00000020   Code   RO         2198    i.DMA_GetFlagStatus  stm32f10x_dma.o
    0x0800092c   0x0000003a   Code   RO         2201    i.DMA_Init          stm32f10x_dma.o
    0x08000966   0x00000002   Code   RO          537    i.DebugMon_Handler  stm32f10x_it.o
    0x08000968   0x0000001a   Code   RO         1203    i.DelayUS           touchpanel.o
    0x08000982   0x00000002   PAD
    0x08000984   0x0000004c   Code   RO         5656    i.DrawBitLine16BPP  glcd_ucgui.o
    0x080009d0   0x00000260   Code   RO         5657    i.DrawBitLine1BPP   glcd_ucgui.o
    0x08000c30   0x000001ec   Code   RO         5658    i.DrawBitLine2BPP   glcd_ucgui.o
    0x08000e1c   0x00000114   Code   RO         5659    i.DrawBitLine4BPP   glcd_ucgui.o
    0x08000f30   0x00000090   Code   RO         5660    i.DrawBitLine8BPP   glcd_ucgui.o
    0x08000fc0   0x00000020   Code   RO         2505    i.FSMC_NORSRAMCmd   stm32f10x_fsmc.o
    0x08000fe0   0x000000c8   Code   RO         2507    i.FSMC_NORSRAMInit  stm32f10x_fsmc.o
    0x080010a8   0x0000013c   Code   RO         6820    i.FindSCR           sdio_sd.o
    0x080011e4   0x000000a4   Code   RO         8009    i.GL_DrawBitmap     uCGUI.lib(gui_drawbitmap.o)
    0x08001288   0x000000cc   Code   RO         8738    i.GL_FillCircle     uCGUI.lib(guicirc.o)
    0x08001354   0x0000003c   Code   RO         8404    i.GL_SetDefault     uCGUI.lib(gui_setdefault.o)
    0x08001390   0x000000a2   Code   RO         2620    i.GPIO_Init         stm32f10x_gpio.o
    0x08001432   0x0000000e   Code   RO         2624    i.GPIO_ReadInputDataBit  stm32f10x_gpio.o
    0x08001440   0x00000004   Code   RO         2627    i.GPIO_ResetBits    stm32f10x_gpio.o
    0x08001444   0x00000004   Code   RO         2628    i.GPIO_SetBits      stm32f10x_gpio.o
    0x08001448   0x00000180   Code   RO        12397    i.GUIMONO_DispChar  uCGUI.lib(guicharm.o)
    0x080015c8   0x00000014   Code   RO        12398    i.GUIMONO_GetCharDistX  uCGUI.lib(guicharm.o)
    0x080015dc   0x00000008   Code   RO        12399    i.GUIMONO_GetFontInfo  uCGUI.lib(guicharm.o)
    0x080015e4   0x00000030   Code   RO        12400    i.GUIMONO_IsInFont  uCGUI.lib(guicharm.o)
    0x08001614   0x0000011c   Code   RO         8700    i.GUIPROP_DispChar  uCGUI.lib(guicharp.o)
    0x08001730   0x0000001a   Code   RO         8701    i.GUIPROP_FindChar  uCGUI.lib(guicharp.o)
    0x0800174a   0x00000002   PAD
    0x0800174c   0x00000030   Code   RO         8702    i.GUIPROP_GetCharDistX  uCGUI.lib(guicharp.o)
    0x0800177c   0x00000008   Code   RO         8703    i.GUIPROP_GetFontInfo  uCGUI.lib(guicharp.o)
    0x08001784   0x0000001c   Code   RO         8704    i.GUIPROP_IsInFont  uCGUI.lib(guicharp.o)
    0x080017a0   0x00000040   Code   RO        12439    i.GUITASK_CopyContext  uCGUI.lib(guitask.o)
    0x080017e0   0x00000014   Code   RO        12440    i.GUITASK_Init      uCGUI.lib(guitask.o)
    0x080017f4   0x0000001e   Code   RO         8566    i.GUI_ALLOC_AllocNoInit  uCGUI.lib(guialloc.o)
    0x08001812   0x0000002a   Code   RO         7661    i.GUI_ALLOC_AllocZero  uCGUI.lib(gui_alloc_alloczero.o)
    0x0800183c   0x0000001a   Code   RO         8567    i.GUI_ALLOC_Free    uCGUI.lib(guialloc.o)
    0x08001856   0x0000001a   Code   RO         8568    i.GUI_ALLOC_FreePtr  uCGUI.lib(guialloc.o)
    0x08001870   0x0000006c   Code   RO         8569    i.GUI_ALLOC_GetMaxSize  uCGUI.lib(guialloc.o)
    0x080018dc   0x00000038   Code   RO         8572    i.GUI_ALLOC_Init    uCGUI.lib(guialloc.o)
    0x08001914   0x0000001c   Code   RO         8573    i.GUI_ALLOC_h2p     uCGUI.lib(guialloc.o)
    0x08001930   0x00000084   Code   RO        11873    i.GUI_AddDecShift   uCGUI.lib(gui_adddecshift.o)
    0x080019b4   0x00000250   Code   RO         8848    i.GUI_CURSOR_SetPosition  uCGUI.lib(guicurs.o)
    0x08001c04   0x0000001a   Code   RO         8806    i.GUI_Clear         uCGUI.lib(guicore.o)
    0x08001c1e   0x00000002   PAD
    0x08001c20   0x00000078   Code   RO         8807    i.GUI_ClearRect     uCGUI.lib(guicore.o)
    0x08001c98   0x00000076   Code   RO         9917    i.GUI_CreateDialogBox  uCGUI.lib(dialog.o)
    0x08001d0e   0x00000026   Code   RO        13130    i.GUI_DRAW__Draw    uCGUI.lib(gui_draw.o)
    0x08001d34   0x00000036   Code   RO         9003    i.GUI_Delay         uCGUI.lib(guitime.o)
    0x08001d6a   0x00000012   Code   RO         9021    i.GUI_DispDec       uCGUI.lib(guival.o)
    0x08001d7c   0x00000020   Code   RO         9024    i.GUI_DispDecShift  uCGUI.lib(guival.o)
    0x08001d9c   0x00000028   Code   RO         8665    i.GUI_DispNextLine  uCGUI.lib(guichar.o)
    0x08001dc4   0x00000148   Code   RO         7930    i.GUI_DispString    uCGUI.lib(gui_dispstring.o)
    0x08001f0c   0x00000028   Code   RO         7946    i.GUI_DispStringAt  uCGUI.lib(gui_dispstringat.o)
    0x08001f34   0x00000018   Code   RO         7982    i.GUI_DispStringInRect  uCGUI.lib(gui_dispstringinrect.o)
    0x08001f4c   0x0000004c   Code   RO         7983    i.GUI_DispStringInRectMax  uCGUI.lib(gui_dispstringinrect.o)
    0x08001f98   0x00000064   Code   RO         8010    i.GUI_DrawBitmap    uCGUI.lib(gui_drawbitmap.o)
    0x08001ffc   0x00000078   Code   RO        12063    i.GUI_DrawFocusRect  uCGUI.lib(gui_drawfocusrect.o)
    0x08002074   0x00000060   Code   RO         8061    i.GUI_DrawHLine     uCGUI.lib(gui_drawhline.o)
    0x080020d4   0x0000007c   Code   RO         7517    i.GUI_DrawRect      uCGUI.lib(gui2dlib.o)
    0x08002150   0x0000005c   Code   RO         8991    i.GUI_DrawStreamedBitmap  uCGUI.lib(guistream.o)
    0x080021ac   0x0000005c   Code   RO         8073    i.GUI_DrawVLine     uCGUI.lib(gui_drawvline.o)
    0x08002208   0x00000014   Code   RO         8085    i.GUI_Exec          uCGUI.lib(gui_exec.o)
    0x0800221c   0x00000024   Code   RO         8086    i.GUI_Exec1         uCGUI.lib(gui_exec.o)
    0x08002240   0x00000040   Code   RO         8742    i.GUI_FillCircle    uCGUI.lib(guicirc.o)
    0x08002280   0x000000aa   Code   RO        12080    i.GUI_GetBitmapPixelIndex  uCGUI.lib(gui_getbitmappixelindex.o)
    0x0800232a   0x0000001a   Code   RO        12092    i.GUI_GetBkColor    uCGUI.lib(gui_getcolor.o)
    0x08002344   0x00000020   Code   RO         8666    i.GUI_GetCharDistX  uCGUI.lib(guichar.o)
    0x08002364   0x00000012   Code   RO         8171    i.GUI_GetClientRect  uCGUI.lib(gui_getclientrect.o)
    0x08002376   0x0000001a   Code   RO        12094    i.GUI_GetColor      uCGUI.lib(gui_getcolor.o)
    0x08002390   0x00000018   Code   RO         8667    i.GUI_GetFontDistY  uCGUI.lib(guichar.o)
    0x080023a8   0x00000014   Code   RO         8183    i.GUI_GetFontSizeY  uCGUI.lib(gui_getfontsizey.o)
    0x080023bc   0x00000008   Code   RO         9004    i.GUI_GetTime       uCGUI.lib(guitime.o)
    0x080023c4   0x00000054   Code   RO         8668    i.GUI_GetYAdjust    uCGUI.lib(guichar.o)
    0x08002418   0x00000022   Code   RO         8210    i.GUI_GotoXY        uCGUI.lib(gui_goto.o)
    0x0800243a   0x00000002   PAD
    0x0800243c   0x00000030   Code   RO         8808    i.GUI_Init          uCGUI.lib(guicore.o)
    0x0800246c   0x000000a4   Code   RO        12441    i.GUI_Lock          uCGUI.lib(guitask.o)
    0x08002510   0x00000048   Code   RO        12835    i.GUI_MEMDEV_Clear  uCGUI.lib(guidev_clear.o)
    0x08002558   0x00000014   Code   RO        12757    i.GUI_MEMDEV_CopyToLCD  uCGUI.lib(guidev.o)
    0x0800256c   0x0000008c   Code   RO        12758    i.GUI_MEMDEV_CopyToLCDAt  uCGUI.lib(guidev.o)
    0x080025f8   0x00000074   Code   RO        12760    i.GUI_MEMDEV_CreateEx  uCGUI.lib(guidev.o)
    0x0800266c   0x00000040   Code   RO        12761    i.GUI_MEMDEV_Delete  uCGUI.lib(guidev.o)
    0x080026ac   0x00000108   Code   RO         9635    i.GUI_MEMDEV_Draw   uCGUI.lib(guidev_banding.o)
    0x080027b4   0x0000002c   Code   RO        12847    i.GUI_MEMDEV_GetYSize  uCGUI.lib(guidev_getysize.o)
    0x080027e0   0x00000038   Code   RO        12859    i.GUI_MEMDEV_ReduceYSize  uCGUI.lib(guidev_reduceysize.o)
    0x08002818   0x00000058   Code   RO        12762    i.GUI_MEMDEV_Select  uCGUI.lib(guidev.o)
    0x08002870   0x0000006c   Code   RO        12871    i.GUI_MEMDEV_SetOrg  uCGUI.lib(guidev_setorg.o)
    0x080028dc   0x0000001c   Code   RO        12763    i.GUI_MEMDEV__Color2Index  uCGUI.lib(guidev.o)
    0x080028f8   0x000000fa   Code   RO        12764    i.GUI_MEMDEV__CreateFixed  uCGUI.lib(guidev.o)
    0x080029f2   0x00000002   PAD
    0x080029f4   0x00000018   Code   RO        12765    i.GUI_MEMDEV__GetIndexMask  uCGUI.lib(guidev.o)
    0x08002a0c   0x00000038   Code   RO        12766    i.GUI_MEMDEV__GetRect  uCGUI.lib(guidev.o)
    0x08002a44   0x0000001c   Code   RO        12767    i.GUI_MEMDEV__Index2Color  uCGUI.lib(guidev.o)
    0x08002a60   0x00000124   Code   RO        12768    i.GUI_MEMDEV__WriteToActiveAt  uCGUI.lib(guidev.o)
    0x08002b84   0x0000008a   Code   RO         8255    i.GUI_MergeRect     uCGUI.lib(gui_mergerect.o)
    0x08002c0e   0x00000024   Code   RO        12176    i.GUI_MoveRect      uCGUI.lib(gui_moverect.o)
    0x08002c32   0x00000002   PAD
    0x08002c34   0x0000001c   Code   RO        12188    i.GUI_PID_GetState  uCGUI.lib(gui_pid.o)
    0x08002c50   0x00000024   Code   RO        12189    i.GUI_PID_StoreState  uCGUI.lib(gui_pid.o)
    0x08002c74   0x00000048   Code   RO         8269    i.GUI_PollKeyMsg    uCGUI.lib(gui_onkey.o)
    0x08002cbc   0x0000003a   Code   RO        12213    i.GUI_RectsIntersect  uCGUI.lib(gui_rectsintersect.o)
    0x08002cf6   0x00000002   PAD
    0x08002cf8   0x00000014   Code   RO         8350    i.GUI_RestoreContext  uCGUI.lib(gui_savecontext.o)
    0x08002d0c   0x00000014   Code   RO         8351    i.GUI_SaveContext_W_M  uCGUI.lib(gui_savecontext.o)
    0x08002d20   0x00000018   Code   RO        12225    i.GUI_SelectLCD     uCGUI.lib(gui_selectlcd.o)
    0x08002d38   0x00000014   Code   RO         8368    i.GUI_SetBkColor    uCGUI.lib(gui_setcolor.o)
    0x08002d4c   0x00000014   Code   RO         8369    i.GUI_SetColor      uCGUI.lib(gui_setcolor.o)
    0x08002d60   0x00000018   Code   RO         8422    i.GUI_SetDrawMode   uCGUI.lib(gui_setdrawmode.o)
    0x08002d78   0x00000020   Code   RO         8434    i.GUI_SetFont       uCGUI.lib(gui_setfont.o)
    0x08002d98   0x0000001c   Code   RO        12237    i.GUI_SetLineStyle  uCGUI.lib(gui_setlinestyle.o)
    0x08002db4   0x0000001c   Code   RO         8323    i.GUI_SetPenSize    uCGUI.lib(gui_pen.o)
    0x08002dd0   0x00000020   Code   RO         8446    i.GUI_SetTextAlign  uCGUI.lib(gui_settextalign.o)
    0x08002df0   0x00000020   Code   RO         8458    i.GUI_SetTextMode   uCGUI.lib(gui_settextmode.o)
    0x08002e10   0x00000010   Code   RO         8271    i.GUI_StoreKey      uCGUI.lib(gui_onkey.o)
    0x08002e20   0x00000080   Code   RO         8493    i.GUI_TOUCH_Calibrate  uCGUI.lib(gui_touch_driveranalog.o)
    0x08002ea0   0x000000f0   Code   RO         8494    i.GUI_TOUCH_Exec    uCGUI.lib(gui_touch_driveranalog.o)
    0x08002f90   0x0000001c   Code   RO         8470    i.GUI_TOUCH_GetState  uCGUI.lib(gui_touch.o)
    0x08002fac   0x0000000c   Code   RO         8496    i.GUI_TOUCH_GetxPhys  uCGUI.lib(gui_touch_driveranalog.o)
    0x08002fb8   0x0000000c   Code   RO         8497    i.GUI_TOUCH_GetyPhys  uCGUI.lib(gui_touch_driveranalog.o)
    0x08002fc4   0x00000028   Code   RO         5518    i.GUI_TOUCH_Measure  gui_x_touch.o
    0x08002fec   0x00000018   Code   RO         8498    i.GUI_TOUCH_SetDefaultCalibration  uCGUI.lib(gui_touch_driveranalog.o)
    0x08003004   0x00000030   Code   RO        14190    i.GUI_TOUCH_StoreState  uCGUI.lib(gui_touch_storestate.o)
    0x08003034   0x00000024   Code   RO         8471    i.GUI_TOUCH_StoreStateEx  uCGUI.lib(gui_touch.o)
    0x08003058   0x0000004c   Code   RO        12262    i.GUI_TOUCH_StoreUnstable  uCGUI.lib(gui_touch_storeunstable.o)
    0x080030a4   0x00000028   Code   RO        12285    i.GUI_UC__GetCharCodeInc  uCGUI.lib(gui_uc.o)
    0x080030cc   0x00000030   Code   RO        12287    i.GUI_UC__NumChars2NumBytes  uCGUI.lib(gui_uc.o)
    0x080030fc   0x00000032   Code   RO        14378    i.GUI_USAGE_AddRect  uCGUI.lib(guidev_usage.o)
    0x0800312e   0x00000098   Code   RO        14402    i.GUI_USAGE_BM_AddHLine  uCGUI.lib(guidev_usagebm.o)
    0x080031c6   0x00000030   Code   RO        14403    i.GUI_USAGE_BM_AddPixel  uCGUI.lib(guidev_usagebm.o)
    0x080031f6   0x0000001a   Code   RO        14404    i.GUI_USAGE_BM_Clear  uCGUI.lib(guidev_usagebm.o)
    0x08003210   0x00000070   Code   RO        14405    i.GUI_USAGE_BM_Create  uCGUI.lib(guidev_usagebm.o)
    0x08003280   0x000000d2   Code   RO        14406    i.GUI_USAGE_BM_GetNextDirty  uCGUI.lib(guidev_usagebm.o)
    0x08003352   0x00000026   Code   RO        14379    i.GUI_USAGE_DecUseCnt  uCGUI.lib(guidev_usage.o)
    0x08003378   0x00000018   Code   RO        12442    i.GUI_Unlock        uCGUI.lib(guitask.o)
    0x08003390   0x00000010   Code   RO         5319    i.GUI_X_Delay       gui_x_ucos.o
    0x080033a0   0x00000010   Code   RO         5323    i.GUI_X_GetTaskId   gui_x_ucos.o
    0x080033b0   0x00000004   Code   RO         5324    i.GUI_X_GetTime     gui_x_ucos.o
    0x080033b4   0x00000014   Code   RO         5325    i.GUI_X_Init        gui_x_ucos.o
    0x080033c8   0x0000001c   Code   RO         5326    i.GUI_X_InitOS      gui_x_ucos.o
    0x080033e4   0x00000014   Code   RO         5327    i.GUI_X_Lock        gui_x_ucos.o
    0x080033f8   0x0000000c   Code   RO         5331    i.GUI_X_Unlock      gui_x_ucos.o
    0x08003404   0x000000c8   Code   RO        12368    i.GUI__DispLine     uCGUI.lib(guicharline.o)
    0x080034cc   0x0000017c   Code   RO         7984    i.GUI__DispStringInRect  uCGUI.lib(gui_dispstringinrect.o)
    0x08003648   0x00000014   Code   RO        11753    i.GUI__GetFontSizeY  uCGUI.lib(gui__getfontsizey.o)
    0x0800365c   0x00000044   Code   RO        12369    i.GUI__GetLineDistX  uCGUI.lib(guicharline.o)
    0x080036a0   0x00000044   Code   RO        12370    i.GUI__GetLineNumChars  uCGUI.lib(guicharline.o)
    0x080036e4   0x00000018   Code   RO        11777    i.GUI__HandleEOLine  uCGUI.lib(gui__handleeoline.o)
    0x080036fc   0x00000042   Code   RO        11789    i.GUI__IntersectRect  uCGUI.lib(gui__intersectrect.o)
    0x0800373e   0x00000090   Code   RO        11801    i.GUI__IntersectRects  uCGUI.lib(gui__intersectrects.o)
    0x080037ce   0x00000022   Code   RO        11825    i.GUI__ReduceRect   uCGUI.lib(gui__reducerect.o)
    0x080037f0   0x00000050   Code   RO        11837    i.GUI__SetText      uCGUI.lib(gui__settext.o)
    0x08003840   0x00000054   Code   RO        11813    i.GUI__memset       uCGUI.lib(gui__memset.o)
    0x08003894   0x0000004e   Code   RO        14697    i.GUI__memset16     uCGUI.lib(gui__memset16.o)
    0x080038e2   0x00000002   PAD
    0x080038e4   0x00000034   Code   RO        14136    i.GUI__strcmp       uCGUI.lib(gui__strcmp.o)
    0x08003918   0x0000001c   Code   RO        14137    i.GUI__strcmp_hp    uCGUI.lib(gui__strcmp.o)
    0x08003934   0x00000016   Code   RO        14154    i.GUI__strlen       uCGUI.lib(gui__strlen.o)
    0x0800394a   0x00000002   Code   RO          538    i.HardFault_Handler  stm32f10x_it.o
    0x0800394c   0x0000014c   Code   RO         6821    i.IsCardProgramming  sdio_sd.o
    0x08003a98   0x00000014   Code   RO        12477    i.LCD_Color2Index   uCGUI.lib(lcd.o)
    0x08003aac   0x0000001a   Code   RO        14106    i.LCD_Color2Index_M565  uCGUI.lib(lcdpm565.o)
    0x08003ac6   0x00000002   PAD
    0x08003ac8   0x00000240   Code   RO        12478    i.LCD_DrawBitmap    uCGUI.lib(lcd.o)
    0x08003d08   0x0000005c   Code   RO        12479    i.LCD_DrawHLine     uCGUI.lib(lcd.o)
    0x08003d64   0x000000e0   Code   RO         5578    i.LCD_DrawLine      glcd.o
    0x08003e44   0x00000064   Code   RO        12480    i.LCD_DrawPixel     uCGUI.lib(lcd.o)
    0x08003ea8   0x0000005c   Code   RO        12580    i.LCD_DrawVLine     uCGUI.lib(lcd_drawvline.o)
    0x08003f04   0x00000062   Code   RO         5579    i.LCD_FSMCConfig    glcd.o
    0x08003f66   0x00000002   PAD
    0x08003f68   0x00000074   Code   RO        12481    i.LCD_FillRect      uCGUI.lib(lcd.o)
    0x08003fdc   0x0000000c   Code   RO        14203    i.LCD_GetBkColorIndex  uCGUI.lib(lcd_getcolorindex.o)
    0x08003fe8   0x0000000c   Code   RO        14204    i.LCD_GetColorIndex  uCGUI.lib(lcd_getcolorindex.o)
    0x08003ff4   0x00000006   Code   RO        14107    i.LCD_GetIndexMask_M565  uCGUI.lib(lcdpm565.o)
    0x08003ffa   0x00000006   Code   RO         9071    i.LCD_GetNumColors  uCGUI.lib(lcdinfo0.o)
    0x08004000   0x000000c0   Code   RO         5580    i.LCD_GetPoint      glcd.o
    0x080040c0   0x00000006   Code   RO         9075    i.LCD_GetXSize      uCGUI.lib(lcdinfo0.o)
    0x080040c6   0x00000004   Code   RO         9077    i.LCD_GetYSize      uCGUI.lib(lcdinfo0.o)
    0x080040ca   0x0000000c   Code   RO        12658    i.LCD_GetpPalConvTable  uCGUI.lib(lcdcolor.o)
    0x080040d6   0x00000002   PAD
    0x080040d8   0x00000048   Code   RO        12659    i.LCD_GetpPalConvTableUncached  uCGUI.lib(lcdcolor.o)
    0x08004120   0x00000014   Code   RO        12482    i.LCD_Index2Color   uCGUI.lib(lcd.o)
    0x08004134   0x00000038   Code   RO        14257    i.LCD_Index2Color_M565  uCGUI.lib(lcdpm565_index2color.o)
    0x0800416c   0x00000034   Code   RO        12483    i.LCD_Init          uCGUI.lib(lcd.o)
    0x080041a0   0x00000002   Code   RO        12660    i.LCD_InitLUT       uCGUI.lib(lcdcolor.o)
    0x080041a2   0x00000002   PAD
    0x080041a4   0x0000178c   Code   RO         5581    i.LCD_Initializtion  glcd.o
    0x08005930   0x00000010   Code   RO        12592    i.LCD_L0_Color2Index  uCGUI.lib(lcd_l0_generic.o)
    0x08005940   0x000000c4   Code   RO         5661    i.LCD_L0_DrawBitmap  glcd_ucgui.o
    0x08005a04   0x0000001c   Code   RO         5662    i.LCD_L0_DrawHLine  glcd_ucgui.o
    0x08005a20   0x0000001c   Code   RO         5663    i.LCD_L0_DrawVLine  glcd_ucgui.o
    0x08005a3c   0x00000022   Code   RO         5664    i.LCD_L0_FillRect   glcd_ucgui.o
    0x08005a5e   0x00000008   Code   RO        12593    i.LCD_L0_GetIndexMask  uCGUI.lib(lcd_l0_generic.o)
    0x08005a66   0x00000008   Code   RO         5665    i.LCD_L0_GetPixelIndex  glcd_ucgui.o
    0x08005a6e   0x00000012   Code   RO        12594    i.LCD_L0_GetRect    uCGUI.lib(lcd_l0_generic.o)
    0x08005a80   0x0000000c   Code   RO        12595    i.LCD_L0_Index2Color  uCGUI.lib(lcd_l0_generic.o)
    0x08005a8c   0x0000000a   Code   RO         5666    i.LCD_L0_Init       glcd_ucgui.o
    0x08005a96   0x00000002   Code   RO         5667    i.LCD_L0_On         glcd_ucgui.o
    0x08005a98   0x00000002   Code   RO         5668    i.LCD_L0_SetLUTEntry  glcd_ucgui.o
    0x08005a9a   0x0000000a   Code   RO         5670    i.LCD_L0_SetPixelIndex  glcd_ucgui.o
    0x08005aa4   0x00000020   Code   RO         5671    i.LCD_L0_XorPixel   glcd_ucgui.o
    0x08005ac4   0x00000024   Code   RO        14233    i.LCD_SelectLCD     uCGUI.lib(lcd_selectlcd.o)
    0x08005ae8   0x00000024   Code   RO        12484    i.LCD_SetBkColor    uCGUI.lib(lcd.o)
    0x08005b0c   0x00000018   Code   RO        12485    i.LCD_SetBkColorIndex  uCGUI.lib(lcd.o)
    0x08005b24   0x00000020   Code   RO        12622    i.LCD_SetClipRectEx  uCGUI.lib(lcd_setcliprectex.o)
    0x08005b44   0x00000014   Code   RO        12486    i.LCD_SetClipRectMax  uCGUI.lib(lcd.o)
    0x08005b58   0x00000024   Code   RO        12487    i.LCD_SetColor      uCGUI.lib(lcd.o)
    0x08005b7c   0x00000018   Code   RO        12488    i.LCD_SetColorIndex  uCGUI.lib(lcd.o)
    0x08005b94   0x0000002c   Code   RO        12489    i.LCD_SetDrawMode   uCGUI.lib(lcd.o)
    0x08005bc0   0x00000074   Code   RO         5582    i.LCD_SetPoint      glcd.o
    0x08005c34   0x00000024   Code   RO        14245    i.LCD_UpdateColorIndices  uCGUI.lib(lcd_updatecolorindices.o)
    0x08005c58   0x00000002   Code   RO          539    i.MemManage_Handler  stm32f10x_it.o
    0x08005c5a   0x00000002   Code   RO          540    i.NMI_Handler       stm32f10x_it.o
    0x08005c5c   0x00000064   Code   RO         1450    i.NVIC_Init         misc.o
    0x08005cc0   0x00000014   Code   RO         1451    i.NVIC_PriorityGroupConfig  misc.o
    0x08005cd4   0x00000002   Code   RO         6798    i.OSDebugInit       os_dbg.o
    0x08005cd6   0x00000002   PAD
    0x08005cd8   0x0000004c   Code   RO         5949    i.OSEventNameSet    os_core.o
    0x08005d24   0x00000088   Code   RO         5951    i.OSInit            os_core.o
    0x08005dac   0x0000000c   Code   RO         6701    i.OSInitHookBegin   os_cpu_c.o
    0x08005db8   0x00000002   Code   RO         6702    i.OSInitHookEnd     os_cpu_c.o
    0x08005dba   0x00000002   PAD
    0x08005dbc   0x0000005c   Code   RO         5953    i.OSIntExit         os_core.o
    0x08005e18   0x00000048   Code   RO         6227    i.OSMboxCreate      os_mbox.o
    0x08005e60   0x0000002c   Code   RO         5954    i.OSSchedLock       os_core.o
    0x08005e8c   0x0000003c   Code   RO         5955    i.OSSchedUnlock     os_core.o
    0x08005ec8   0x00000048   Code   RO         6448    i.OSSemCreate       os_sem.o
    0x08005f10   0x000000c4   Code   RO         6450    i.OSSemPend         os_sem.o
    0x08005fd4   0x00000058   Code   RO         6452    i.OSSemPost         os_sem.o
    0x0800602c   0x00000030   Code   RO         5956    i.OSStart           os_core.o
    0x0800605c   0x00000004   Code   RO         6703    i.OSTCBInitHook     os_cpu_c.o
    0x08006060   0x00000090   Code   RO         6502    i.OSTaskCreate      os_task.o
    0x080060f0   0x000000a4   Code   RO         6503    i.OSTaskCreateExt   os_task.o
    0x08006194   0x00000004   Code   RO         6704    i.OSTaskCreateHook  os_cpu_c.o
    0x08006198   0x00000004   Code   RO         6706    i.OSTaskIdleHook    os_cpu_c.o
    0x0800619c   0x00000074   Code   RO         6708    i.OSTaskStkInit     os_cpu_c.o
    0x08006210   0x00000004   Code   RO         6709    i.OSTaskSwHook      os_cpu_c.o
    0x08006214   0x00000068   Code   RO         6585    i.OSTimeDly         os_time.o
    0x0800627c   0x00000074   Code   RO         6586    i.OSTimeDlyHMSM     os_time.o
    0x080062f0   0x00000018   Code   RO         6588    i.OSTimeGet         os_time.o
    0x08006308   0x000000a0   Code   RO         5957    i.OSTimeTick        os_core.o
    0x080063a8   0x00000028   Code   RO         6710    i.OSTimeTickHook    os_cpu_c.o
    0x080063d0   0x0000000c   Code   RO         6625    i.OSTmrSignal       os_tmr.o
    0x080063dc   0x0000010c   Code   RO         6630    i.OSTmr_Init        os_tmr.o
    0x080064e8   0x0000004c   Code   RO         6631    i.OSTmr_Link        os_tmr.o
    0x08006534   0x00000078   Code   RO         6632    i.OSTmr_Task        os_tmr.o
    0x080065ac   0x00000040   Code   RO         6633    i.OSTmr_Unlink      os_tmr.o
    0x080065ec   0x0000003c   Code   RO         6713    i.OS_CPU_SysTickInit  os_cpu_c.o
    0x08006628   0x00000070   Code   RO         5960    i.OS_EventTaskRdy   os_core.o
    0x08006698   0x00000020   Code   RO         5961    i.OS_EventTaskRemove  os_core.o
    0x080066b8   0x00000028   Code   RO         5962    i.OS_EventTaskRemoveMulti  os_core.o
    0x080066e0   0x00000048   Code   RO         5963    i.OS_EventTaskWait  os_core.o
    0x08006728   0x00000014   Code   RO         5965    i.OS_EventWaitListInit  os_core.o
    0x0800673c   0x00000048   Code   RO         6150    i.OS_FlagInit       os_flag.o
    0x08006784   0x00000058   Code   RO         5966    i.OS_InitEventList  os_core.o
    0x080067dc   0x00000064   Code   RO         5967    i.OS_InitTCBList    os_core.o
    0x08006840   0x00000012   Code   RO         5968    i.OS_MemClr         os_core.o
    0x08006852   0x00000002   PAD
    0x08006854   0x0000004c   Code   RO         6286    i.OS_MemInit        os_mem.o
    0x080068a0   0x00000040   Code   RO         6385    i.OS_QInit          os_q.o
    0x080068e0   0x00000048   Code   RO         5970    i.OS_Sched          os_core.o
    0x08006928   0x00000020   Code   RO         5971    i.OS_SchedNew       os_core.o
    0x08006948   0x000000e4   Code   RO         5973    i.OS_TCBInit        os_core.o
    0x08006a2c   0x0000001c   Code   RO         5974    i.OS_TaskIdle       os_core.o
    0x08006a48   0x00000016   Code   RO         6513    i.OS_TaskStkClr     os_task.o
    0x08006a5e   0x00000002   PAD
    0x08006a60   0x00000018   Code   RO         3044    i.RCC_AHBPeriphClockCmd  stm32f10x_rcc.o
    0x08006a78   0x00000018   Code   RO         3047    i.RCC_APB2PeriphClockCmd  stm32f10x_rcc.o
    0x08006a90   0x00000090   Code   RO         3055    i.RCC_GetClocksFreq  stm32f10x_rcc.o
    0x08006b20   0x0000006c   Code   RO         1205    i.RD_AD             touchpanel.o
    0x08006b8c   0x00000134   Code   RO         1206    i.Read_Ads7846      touchpanel.o
    0x08006cc0   0x00000034   Code   RO         1207    i.Read_X            touchpanel.o
    0x08006cf4   0x00000034   Code   RO         1208    i.Read_Y            touchpanel.o
    0x08006d28   0x000000c0   Code   RO         6822    i.SDEnWideBus       sdio_sd.o
    0x08006de8   0x0000000c   Code   RO         3336    i.SDIO_ClearFlag    stm32f10x_sdio.o
    0x08006df4   0x0000000c   Code   RO         3337    i.SDIO_ClearITPendingBit  stm32f10x_sdio.o
    0x08006e00   0x0000000c   Code   RO         3338    i.SDIO_ClockCmd     stm32f10x_sdio.o
    0x08006e0c   0x0000000c   Code   RO         3341    i.SDIO_DMACmd       stm32f10x_sdio.o
    0x08006e18   0x0000002c   Code   RO         3342    i.SDIO_DataConfig   stm32f10x_sdio.o
    0x08006e44   0x00000024   Code   RO         3344    i.SDIO_DeInit       stm32f10x_sdio.o
    0x08006e68   0x0000000c   Code   RO         3345    i.SDIO_GetCommandResponse  stm32f10x_sdio.o
    0x08006e74   0x00000014   Code   RO         3348    i.SDIO_GetFlagStatus  stm32f10x_sdio.o
    0x08006e88   0x00000014   Code   RO         3349    i.SDIO_GetITStatus  stm32f10x_sdio.o
    0x08006e9c   0x00000010   Code   RO         3350    i.SDIO_GetPowerState  stm32f10x_sdio.o
    0x08006eac   0x00000010   Code   RO         3351    i.SDIO_GetResponse  stm32f10x_sdio.o
    0x08006ebc   0x00000004   Code   RO         1117    i.SDIO_IRQHandler   ek_sd.o
    0x08006ec0   0x00000018   Code   RO         3352    i.SDIO_ITConfig     stm32f10x_sdio.o
    0x08006ed8   0x0000002c   Code   RO         3353    i.SDIO_Init         stm32f10x_sdio.o
    0x08006f04   0x0000000c   Code   RO         3354    i.SDIO_ReadData     stm32f10x_sdio.o
    0x08006f10   0x00000028   Code   RO         3356    i.SDIO_SendCommand  stm32f10x_sdio.o
    0x08006f38   0x00000018   Code   RO         3358    i.SDIO_SetPowerState  stm32f10x_sdio.o
    0x08006f50   0x0000000c   Code   RO         3364    i.SDIO_WriteData    stm32f10x_sdio.o
    0x08006f5c   0x0000000c   Code   RO         6823    i.SD_DMAEndOfTransferStatus  sdio_sd.o
    0x08006f68   0x00000024   Code   RO         6825    i.SD_Detect         sdio_sd.o
    0x08006f8c   0x00000078   Code   RO         6826    i.SD_EnableWideBusOperation  sdio_sd.o
    0x08007004   0x00000248   Code   RO         6828    i.SD_GetCardInfo    sdio_sd.o
    0x0800724c   0x0000006c   Code   RO         6832    i.SD_Init           sdio_sd.o
    0x080072b8   0x00000108   Code   RO         6833    i.SD_InitializeCards  sdio_sd.o
    0x080073c0   0x0000005c   Code   RO         6834    i.SD_LowLevel_DMA_RxConfig  sdio_sd.o
    0x0800741c   0x00000060   Code   RO         6835    i.SD_LowLevel_DMA_TxConfig  sdio_sd.o
    0x0800747c   0x00000064   Code   RO         6836    i.SD_LowLevel_Init  sdio_sd.o
    0x080074e0   0x000001a4   Code   RO         6838    i.SD_PowerON        sdio_sd.o
    0x08007684   0x0000019c   Code   RO         6839    i.SD_ProcessIRQSrc  sdio_sd.o
    0x08007820   0x00000210   Code   RO         6840    i.SD_ReadBlock      sdio_sd.o
    0x08007a30   0x00000258   Code   RO         6841    i.SD_ReadMultiBlocks  sdio_sd.o
    0x08007c88   0x0000002c   Code   RO         6842    i.SD_SelectDeselect  sdio_sd.o
    0x08007cb4   0x0000001c   Code   RO         6845    i.SD_SetDeviceMode  sdio_sd.o
    0x08007cd0   0x00000028   Code   RO         6846    i.SD_StopTransfer   sdio_sd.o
    0x08007cf8   0x000002cc   Code   RO         6847    i.SD_WriteBlock     sdio_sd.o
    0x08007fc4   0x00000330   Code   RO         6848    i.SD_WriteMultiBlocks  sdio_sd.o
    0x080082f4   0x00000014   Code   RO         3526    i.SPI_Cmd           stm32f10x_spi.o
    0x08008308   0x0000000e   Code   RO         3534    i.SPI_I2S_GetFlagStatus  stm32f10x_spi.o
    0x08008316   0x00000004   Code   RO         3537    i.SPI_I2S_ReceiveData  stm32f10x_spi.o
    0x0800831a   0x00000004   Code   RO         3538    i.SPI_I2S_SendData  stm32f10x_spi.o
    0x0800831e   0x00000038   Code   RO         3539    i.SPI_Init          stm32f10x_spi.o
    0x08008356   0x00000002   Code   RO          541    i.SVC_Handler       stm32f10x_it.o
    0x08008358   0x000000a8   Code   RO         1363    i.SetSysClockTo72   system_stm32f10x_1.o
    0x08008400   0x00000024   Code   RO          542    i.SysTick_Handler   stm32f10x_it.o
    0x08008424   0x00000050   Code   RO         1365    i.SystemInit        system_stm32f10x_1.o
    0x08008474   0x000000a4   Code   RO        13333    i.TEXT_CreateEx     uCGUI.lib(text.o)
    0x08008518   0x0000004c   Code   RO        11032    i.TEXT_CreateIndirect  uCGUI.lib(text_createindirect.o)
    0x08008564   0x00000024   Code   RO        11044    i.TEXT_SetFont      uCGUI.lib(text_setfont.o)
    0x08008588   0x0000002e   Code   RO        11056    i.TEXT_SetText      uCGUI.lib(text_settext.o)
    0x080085b6   0x0000001c   Code   RO         1210    i.TP_GetAdXY        touchpanel.o
    0x080085d2   0x00000002   PAD
    0x080085d4   0x0000006c   Code   RO         1211    i.TP_Init           touchpanel.o
    0x08008640   0x00000002   Code   RO          543    i.USART1_IRQHandler  stm32f10x_it.o
    0x08008642   0x00000014   Code   RO         4202    i.USART_Cmd         stm32f10x_usart.o
    0x08008656   0x0000000e   Code   RO         4205    i.USART_GetFlagStatus  stm32f10x_usart.o
    0x08008664   0x0000003e   Code   RO         4206    i.USART_GetITStatus  stm32f10x_usart.o
    0x080086a2   0x00000030   Code   RO         4208    i.USART_ITConfig    stm32f10x_usart.o
    0x080086d2   0x00000002   PAD
    0x080086d4   0x000000ac   Code   RO         4209    i.USART_Init        stm32f10x_usart.o
    0x08008780   0x00000008   Code   RO         4216    i.USART_ReceiveData  stm32f10x_usart.o
    0x08008788   0x00000008   Code   RO         4219    i.USART_SendData    stm32f10x_usart.o
    0x08008790   0x00000002   Code   RO          544    i.UsageFault_Handler  stm32f10x_it.o
    0x08008792   0x00000034   Code   RO        13388    i.WIDGET_AndState   uCGUI.lib(widget.o)
    0x080087c6   0x00000010   Code   RO        13539    i.WIDGET_EFFECT_3D_DrawUp  uCGUI.lib(widget_effect_3d.o)
    0x080087d6   0x000000fa   Code   RO        13391    i.WIDGET_HandleActive  uCGUI.lib(widget.o)
    0x080088d0   0x00000030   Code   RO        13392    i.WIDGET_OrState    uCGUI.lib(widget.o)
    0x08008900   0x00000026   Code   RO        13394    i.WIDGET_SetState   uCGUI.lib(widget.o)
    0x08008926   0x0000001c   Code   RO        13403    i.WIDGET__GetInsideRect  uCGUI.lib(widget.o)
    0x08008942   0x00000002   PAD
    0x08008944   0x00000014   Code   RO        13407    i.WIDGET__Init      uCGUI.lib(widget.o)
    0x08008958   0x00000074   Code   RO        11068    i.WINDOW_CreateIndirect  uCGUI.lib(window.o)
    0x080089cc   0x0000000c   Code   RO        11094    i.WM_Activate       uCGUI.lib(wm.o)
    0x080089d8   0x00000050   Code   RO        11401    i.WM_BringToBottom  uCGUI.lib(wm_bringtobottom.o)
    0x08008a28   0x00000014   Code   RO        11413    i.WM_BringToTop     uCGUI.lib(wm_bringtotop.o)
    0x08008a3c   0x0000002c   Code   RO        11095    i.WM_CreateWindow   uCGUI.lib(wm.o)
    0x08008a68   0x0000012c   Code   RO        11096    i.WM_CreateWindowAsChild  uCGUI.lib(wm.o)
    0x08008b94   0x0000001c   Code   RO        11097    i.WM_Deactivate     uCGUI.lib(wm.o)
    0x08008bb0   0x00000066   Code   RO        11098    i.WM_DefaultProc    uCGUI.lib(wm.o)
    0x08008c16   0x00000014   Code   RO        11100    i.WM_Exec           uCGUI.lib(wm.o)
    0x08008c2a   0x00000002   PAD
    0x08008c2c   0x0000005c   Code   RO        11101    i.WM_Exec1          uCGUI.lib(wm.o)
    0x08008c88   0x0000001c   Code   RO        13766    i.WM_ForEachDesc    uCGUI.lib(wm_foreachdesc.o)
    0x08008ca4   0x00000034   Code   RO        11440    i.WM_GetClientRect  uCGUI.lib(wm_getclientrect.o)
    0x08008cd8   0x00000024   Code   RO        11441    i.WM_GetClientRectEx  uCGUI.lib(wm_getclientrect.o)
    0x08008cfc   0x0000001a   Code   RO        11458    i.WM_GetClientWindow  uCGUI.lib(wm_getclientwindow.o)
    0x08008d16   0x00000002   PAD
    0x08008d18   0x0000000c   Code   RO        11470    i.WM_GetDesktopWindow  uCGUI.lib(wm_getdesktopwindow.o)
    0x08008d24   0x00000020   Code   RO        11486    i.WM_GetDialogItem  uCGUI.lib(wm_getdialogitem.o)
    0x08008d44   0x0000001c   Code   RO        11503    i.WM_GetFirstChild  uCGUI.lib(wm_getfirstchild.o)
    0x08008d60   0x00000022   Code   RO        14029    i.WM_GetHasTrans    uCGUI.lib(wm_settrans.o)
    0x08008d82   0x00000014   Code   RO        11515    i.WM_GetId          uCGUI.lib(wm_getid.o)
    0x08008d96   0x0000001c   Code   RO        13808    i.WM_GetParent      uCGUI.lib(wm_getparent.o)
    0x08008db2   0x00000002   PAD
    0x08008db4   0x00000164   Code   RO        14064    i.WM_HandlePID      uCGUI.lib(wmtouch.o)
    0x08008f18   0x0000009c   Code   RO        11103    i.WM_Init           uCGUI.lib(wm.o)
    0x08008fb4   0x00000030   Code   RO        11104    i.WM_InvalidateArea  uCGUI.lib(wm.o)
    0x08008fe4   0x00000070   Code   RO        11105    i.WM_InvalidateRect  uCGUI.lib(wm.o)
    0x08009054   0x0000000e   Code   RO        11106    i.WM_InvalidateWindow  uCGUI.lib(wm.o)
    0x08009062   0x00000030   Code   RO        11693    i.WM_InvalidateWindowDescs  uCGUI.lib(wm_show.o)
    0x08009092   0x00000020   Code   RO        13850    i.WM_IsFocussable   uCGUI.lib(wm_isfocussable.o)
    0x080090b2   0x00000018   Code   RO        11574    i.WM_IsWindow       uCGUI.lib(wm_iswindow.o)
    0x080090ca   0x0000001c   Code   RO        11587    i.WM_MoveWindow     uCGUI.lib(wm_move.o)
    0x080090e6   0x00000016   Code   RO        13874    i.WM_NotifyParent   uCGUI.lib(wm_notifyparent.o)
    0x080090fc   0x00000040   Code   RO        13886    i.WM_OnKey          uCGUI.lib(wm_onkey.o)
    0x0800913c   0x00000010   Code   RO        13922    i.WM_ReleaseCapture  uCGUI.lib(wm_setcapture.o)
    0x0800914c   0x000000f2   Code   RO        11621    i.WM_ResizeWindow   uCGUI.lib(wm_resizewindow.o)
    0x0800923e   0x00000002   PAD
    0x08009240   0x00000028   Code   RO        14656    i.WM_Screen2hWin    uCGUI.lib(wm_screen2win.o)
    0x08009268   0x00000044   Code   RO        11107    i.WM_SelectWindow   uCGUI.lib(wm.o)
    0x080092ac   0x00000028   Code   RO        11108    i.WM_SendMessage    uCGUI.lib(wm.o)
    0x080092d4   0x00000018   Code   RO        13898    i.WM_SendMessageNoPara  uCGUI.lib(wm_sendmessagenopara.o)
    0x080092ec   0x00000028   Code   RO        13910    i.WM_SendToParent   uCGUI.lib(wm_sendtoparent.o)
    0x08009314   0x00000014   Code   RO        11109    i.WM_SetDefault     uCGUI.lib(wm.o)
    0x08009328   0x000000b0   Code   RO        11681    i.WM_SetFocus       uCGUI.lib(wm_setfocus.o)
    0x080093d8   0x0000001c   Code   RO        13959    i.WM_SetFocusOnNextChild  uCGUI.lib(wm_setfocusonnextchild.o)
    0x080093f4   0x00000020   Code   RO        14052    i.WM_SetUserClipRect  uCGUI.lib(wm_setusercliprect.o)
    0x08009414   0x00000030   Code   RO        11694    i.WM_ShowWindow     uCGUI.lib(wm_show.o)
    0x08009444   0x00000050   Code   RO        11110    i.WM__ActivateClipRect  uCGUI.lib(wm.o)
    0x08009494   0x00000010   Code   RO        13748    i.WM__AddCriticalHandle  uCGUI.lib(wm_criticalhandle.o)
    0x080094a4   0x00000016   Code   RO        11111    i.WM__Client2Screen  uCGUI.lib(wm.o)
    0x080094ba   0x00000044   Code   RO        11112    i.WM__ClipAtParentBorders  uCGUI.lib(wm.o)
    0x080094fe   0x0000003c   Code   RO        14518    i.WM__ForEachDesc   uCGUI.lib(wm__foreachdesc.o)
    0x0800953a   0x0000001c   Code   RO        11114    i.WM__GetClientRectWin  uCGUI.lib(wm.o)
    0x08009556   0x00000020   Code   RO        14530    i.WM__GetFirstSibling  uCGUI.lib(wm__getfirstsibling.o)
    0x08009576   0x00000002   PAD
    0x08009578   0x00000024   Code   RO        14542    i.WM__GetFocussedChild  uCGUI.lib(wm__getfocussedchild.o)
    0x0800959c   0x0000000a   Code   RO        11115    i.WM__GetInvalidRectAbs  uCGUI.lib(wm.o)
    0x080095a6   0x00000002   PAD
    0x080095a8   0x00000084   Code   RO        11116    i.WM__GetNextIVR    uCGUI.lib(wm.o)
    0x0800962c   0x00000036   Code   RO        13670    i.WM__GetPrevSibling  uCGUI.lib(wm__getprevsibling.o)
    0x08009662   0x00000002   PAD
    0x08009664   0x0000010c   Code   RO        11117    i.WM__InitIVRSearch  uCGUI.lib(wm.o)
    0x08009770   0x00000092   Code   RO        11118    i.WM__InsertWindowIntoList  uCGUI.lib(wm.o)
    0x08009802   0x00000010   Code   RO        11119    i.WM__InvalidateAreaBelow  uCGUI.lib(wm.o)
    0x08009812   0x00000036   Code   RO        13682    i.WM__IsAncestor    uCGUI.lib(wm__isancestor.o)
    0x08009848   0x00000018   Code   RO        13683    i.WM__IsAncestorOrSelf  uCGUI.lib(wm__isancestor.o)
    0x08009860   0x00000028   Code   RO        14733    i.WM__IsChild       uCGUI.lib(wm__ischild.o)
    0x08009888   0x0000001a   Code   RO        13700    i.WM__IsEnabled     uCGUI.lib(wm__isenabled.o)
    0x080098a2   0x00000002   PAD
    0x080098a4   0x00000030   Code   RO        14065    i.WM__IsInModalArea  uCGUI.lib(wmtouch.o)
    0x080098d4   0x00000032   Code   RO        14658    i.WM__IsInWindow    uCGUI.lib(wm_screen2win.o)
    0x08009906   0x00000002   PAD
    0x08009908   0x0000002c   Code   RO        11120    i.WM__IsWindow      uCGUI.lib(wm.o)
    0x08009934   0x0000005e   Code   RO        11589    i.WM__MoveWindow    uCGUI.lib(wm_move.o)
    0x08009992   0x00000002   PAD
    0x08009994   0x00000038   Code   RO        11121    i.WM__PaintWinAndOverlays  uCGUI.lib(wm.o)
    0x080099cc   0x00000026   Code   RO        11122    i.WM__RectIsNZ      uCGUI.lib(wm.o)
    0x080099f2   0x00000002   PAD
    0x080099f4   0x00000028   Code   RO        13924    i.WM__ReleaseCapture  uCGUI.lib(wm_setcapture.o)
    0x08009a1c   0x00000044   Code   RO        13749    i.WM__RemoveCriticalHandle  uCGUI.lib(wm_criticalhandle.o)
    0x08009a60   0x0000005e   Code   RO        11124    i.WM__RemoveWindowFromList  uCGUI.lib(wm.o)
    0x08009abe   0x00000024   Code   RO        14554    i.WM__SendMessage   uCGUI.lib(wm__sendmessage.o)
    0x08009ae2   0x00000018   Code   RO        14566    i.WM__SendMessageIfEnabled  uCGUI.lib(wm__sendmessageifenabled.o)
    0x08009afa   0x00000028   Code   RO        14578    i.WM__SendMessageNoPara  uCGUI.lib(wm__sendmessagenopara.o)
    0x08009b22   0x00000016   Code   RO        11125    i.WM__SendMsgNoData  uCGUI.lib(wm.o)
    0x08009b38   0x00000040   Code   RO        14066    i.WM__SendPIDMessage  uCGUI.lib(wmtouch.o)
    0x08009b78   0x00000036   Code   RO        14067    i.WM__SendTouchMessage  uCGUI.lib(wmtouch.o)
    0x08009bae   0x00000186   Code   RO        13712    i.WM__UpdateChildPositions  uCGUI.lib(wm__updatechildpositions.o)
    0x08009d34   0x00000034   Code   RO         1213    i.WR_CMD            touchpanel.o
    0x08009d68   0x00000024   Code   RO         8499    i._AD2X             uCGUI.lib(gui_touch_driveranalog.o)
    0x08009d8c   0x00000024   Code   RO         8500    i._AD2Y             uCGUI.lib(gui_touch_driveranalog.o)
    0x08009db0   0x00000030   Code   RO        11126    i._AddToLinList     uCGUI.lib(wm.o)
    0x08009de0   0x000000e8   Code   RO         8574    i._Alloc            uCGUI.lib(guialloc.o)
    0x08009ec8   0x00000050   Code   RO        11414    i._BringToTop       uCGUI.lib(wm_bringtotop.o)
    0x08009f18   0x00000022   Code   RO         9779    i._ButtonPressed    uCGUI.lib(button.o)
    0x08009f3a   0x00000030   Code   RO         9780    i._ButtonReleased   uCGUI.lib(button.o)
    0x08009f6a   0x00000002   PAD
    0x08009f6c   0x00000068   Code   RO         8850    i._CalcRect         uCGUI.lib(guicurs.o)
    0x08009fd4   0x00000008   Code   RO        12330    i._CalcSizeOfChar   uCGUI.lib(gui_uc_encodenone.o)
    0x08009fdc   0x00000040   Code   RO         5125    i._Calibrate        guidemo_touch.o
    0x0800a01c   0x00000014   Code   RO         8575    i._CheckInit        uCGUI.lib(guialloc.o)
    0x0800a030   0x00000022   Code   RO        11876    i._Check_NegLong    uCGUI.lib(gui_adddecshift.o)
    0x0800a052   0x00000002   PAD
    0x0800a054   0x000000bc   Code   RO         8576    i._CreateHole       uCGUI.lib(guialloc.o)
    0x0800a110   0x0000001e   Code   RO         9781    i._Delete           uCGUI.lib(button.o)
    0x0800a12e   0x0000000c   Code   RO        13337    i._Delete           uCGUI.lib(text.o)
    0x0800a13a   0x00000002   PAD
    0x0800a13c   0x0000001c   Code   RO        11129    i._DesktopHandle2Index  uCGUI.lib(wm.o)
    0x0800a158   0x00000068   Code   RO        12371    i._DispLine         uCGUI.lib(guicharline.o)
    0x0800a1c0   0x00000064   Code   RO        14269    i._DrawBitLine16BPP_DDB  uCGUI.lib(guidev_16.o)
    0x0800a224   0x00000148   Code   RO        14270    i._DrawBitLine1BPP  uCGUI.lib(guidev_16.o)
    0x0800a36c   0x000000fc   Code   RO        14271    i._DrawBitLine2BPP  uCGUI.lib(guidev_16.o)
    0x0800a468   0x00000184   Code   RO        14272    i._DrawBitLine4BPP  uCGUI.lib(guidev_16.o)
    0x0800a5ec   0x00000074   Code   RO        14273    i._DrawBitLine8BPP  uCGUI.lib(guidev_16.o)
    0x0800a660   0x00000060   Code   RO        14274    i._DrawBitLine8BPP_DDB  uCGUI.lib(guidev_16.o)
    0x0800a6c0   0x0000015c   Code   RO        14275    i._DrawBitmap       uCGUI.lib(guidev_16.o)
    0x0800a81c   0x0000004e   Code   RO        12064    i._DrawFocusRect    uCGUI.lib(gui_drawfocusrect.o)
    0x0800a86a   0x00000016   Code   RO        14276    i._DrawHLine        uCGUI.lib(guidev_16.o)
    0x0800a880   0x0000005c   Code   RO        11130    i._DrawNext         uCGUI.lib(wm.o)
    0x0800a8dc   0x00000038   Code   RO         7524    i._DrawRect         uCGUI.lib(gui2dlib.o)
    0x0800a914   0x000000c0   Code   RO        14277    i._DrawVLine        uCGUI.lib(guidev_16.o)
    0x0800a9d4   0x00000008   Code   RO        12331    i._Encode           uCGUI.lib(gui_uc_encodenone.o)
    0x0800a9dc   0x00000230   Code   RO         5126    i._ExecCalibration  guidemo_touch.o
    0x0800ac0c   0x000000a0   Code   RO        14278    i._FillRect         uCGUI.lib(guidev_16.o)
    0x0800acac   0x00000024   Code   RO         8577    i._FindFreeHandle   uCGUI.lib(guialloc.o)
    0x0800acd0   0x00000064   Code   RO         8578    i._FindHole         uCGUI.lib(guialloc.o)
    0x0800ad34   0x0000017c   Code   RO        11131    i._FindNext_IVR     uCGUI.lib(wm.o)
    0x0800aeb0   0x00000092   Code   RO        11132    i._Findx0           uCGUI.lib(wm.o)
    0x0800af42   0x00000082   Code   RO        11133    i._Findx1           uCGUI.lib(wm.o)
    0x0800afc4   0x000000b0   Code   RO        11134    i._Findy1           uCGUI.lib(wm.o)
    0x0800b074   0x00000078   Code   RO         8579    i._Free             uCGUI.lib(guialloc.o)
    0x0800b0ec   0x0000000e   Code   RO        13338    i._FreeAttached     uCGUI.lib(text.o)
    0x0800b0fa   0x0000000c   Code   RO        14407    i._GUI_USAGE_BM_Delete  uCGUI.lib(guidev_usagebm.o)
    0x0800b106   0x00000006   Code   RO        12332    i._GetCharCode      uCGUI.lib(gui_uc_encodenone.o)
    0x0800b10c   0x00000008   Code   RO        12333    i._GetCharSize      uCGUI.lib(gui_uc_encodenone.o)
    0x0800b114   0x00000018   Code   RO        12490    i._GetColorIndex    uCGUI.lib(lcd.o)
    0x0800b12c   0x0000004a   Code   RO        11487    i._GetDialogItem    uCGUI.lib(wm_getdialogitem.o)
    0x0800b176   0x00000034   Code   RO        13960    i._GetNextChild     uCGUI.lib(wm_setfocusonnextchild.o)
    0x0800b1aa   0x00000002   PAD
    0x0800b1ac   0x00000040   Code   RO         8852    i._GetPixelIndex    uCGUI.lib(guicurs.o)
    0x0800b1ec   0x00000014   Code   RO        14279    i._GetPixelIndex    uCGUI.lib(guidev_16.o)
    0x0800b200   0x00000050   Code   RO        12443    i._GetTaskNo        uCGUI.lib(guitask.o)
    0x0800b250   0x00000020   Code   RO        11135    i._GethDrawWin      uCGUI.lib(wm.o)
    0x0800b270   0x00000010   Code   RO         8212    i._GotoX            uCGUI.lib(gui_goto.o)
    0x0800b280   0x00000010   Code   RO         8213    i._GotoY            uCGUI.lib(gui_goto.o)
    0x0800b290   0x00000060   Code   RO         8809    i._InitContext      uCGUI.lib(guicore.o)
    0x0800b2f0   0x0000007c   Code   RO        11136    i._Invalidate1Abs   uCGUI.lib(wm.o)
    0x0800b36c   0x0000001c   Code   RO        11415    i._InvalidateWindowAndDescs  uCGUI.lib(wm_bringtotop.o)
    0x0800b388   0x00000014   Code   RO         5128    i._Log2Phys         guidemo_touch.o
    0x0800b39c   0x00000016   Code   RO         8501    i._Log2Phys         uCGUI.lib(gui_touch_driveranalog.o)
    0x0800b3b2   0x00000002   PAD
    0x0800b3b4   0x00000030   Code   RO         8854    i._Log2Phys         uCGUI.lib(guicurs.o)
    0x0800b3e4   0x0000000e   Code   RO         9636    i._Min              uCGUI.lib(guidev_banding.o)
    0x0800b3f2   0x0000004a   Code   RO        11590    i._MoveDescendents  uCGUI.lib(wm_move.o)
    0x0800b43c   0x00000038   Code   RO        11069    i._OnChildHasFocus  uCGUI.lib(window.o)
    0x0800b474   0x00000048   Code   RO         9782    i._OnTouch          uCGUI.lib(button.o)
    0x0800b4bc   0x00000010   Code   RO        12190    i._PID_Load         uCGUI.lib(gui_pid.o)
    0x0800b4cc   0x0000011a   Code   RO         9783    i._Paint            uCGUI.lib(button.o)
    0x0800b5e6   0x00000002   PAD
    0x0800b5e8   0x00000098   Code   RO        11137    i._Paint            uCGUI.lib(wm.o)
    0x0800b680   0x0000004e   Code   RO        13339    i._Paint            uCGUI.lib(text.o)
    0x0800b6ce   0x00000002   PAD
    0x0800b6d0   0x00000080   Code   RO        11138    i._Paint1           uCGUI.lib(wm.o)
    0x0800b750   0x0000006c   Code   RO        11139    i._Paint1Trans      uCGUI.lib(wm.o)
    0x0800b7bc   0x0000005c   Code   RO        11140    i._PaintTransChildren  uCGUI.lib(wm.o)
    0x0800b818   0x00000054   Code   RO        11141    i._PaintTransTopSiblings  uCGUI.lib(wm.o)
    0x0800b86c   0x00000020   Code   RO        14068    i._Screen2Win       uCGUI.lib(wmtouch.o)
    0x0800b88c   0x00000056   Code   RO        14659    i._Screen2hWin      uCGUI.lib(wm_screen2win.o)
    0x0800b8e2   0x00000002   PAD
    0x0800b8e4   0x00000048   Code   RO        11142    i._SetClipRectUserIntersect  uCGUI.lib(wm.o)
    0x0800b92c   0x00000048   Code   RO        13961    i._SetFocusOnNextChild  uCGUI.lib(wm_setfocusonnextchild.o)
    0x0800b974   0x00000048   Code   RO         8855    i._SetPixelIndex    uCGUI.lib(guicurs.o)
    0x0800b9bc   0x00000050   Code   RO        14280    i._SetPixelIndex    uCGUI.lib(guidev_16.o)
    0x0800ba0c   0x0000000c   Code   RO         8581    i._Size2LegalSize   uCGUI.lib(guialloc.o)
    0x0800ba18   0x0000004c   Code   RO         8502    i._StoreUnstable    uCGUI.lib(gui_touch_driveranalog.o)
    0x0800ba64   0x00000044   Code   RO        13340    i._TEXT_Callback    uCGUI.lib(text.o)
    0x0800baa8   0x00000026   Code   RO        13411    i._UpdateChildPostions  uCGUI.lib(widget.o)
    0x0800bace   0x00000010   Code   RO        13541    i._WIDGET_EFFECT_3D_DrawDown  uCGUI.lib(widget_effect_3d.o)
    0x0800bade   0x00000002   PAD
    0x0800bae0   0x000000d4   Code   RO        13542    i._WIDGET_EFFECT_3D_DrawDownRect  uCGUI.lib(widget_effect_3d.o)
    0x0800bbb4   0x00000094   Code   RO        13543    i._WIDGET_EFFECT_3D_DrawUpRect  uCGUI.lib(widget_effect_3d.o)
    0x0800bc48   0x00000016   Code   RO        13544    i._WIDGET_EFFECT_3D_GetRect  uCGUI.lib(widget_effect_3d.o)
    0x0800bc5e   0x00000002   PAD
    0x0800bc60   0x0000003c   Code   RO        14281    i._XY2PTR           uCGUI.lib(guidev_16.o)
    0x0800bc9c   0x0000005c   Code   RO        14282    i._XorPixel         uCGUI.lib(guidev_16.o)
    0x0800bcf8   0x00000040   Code   RO          162    i._Z10RunGUITaskv   tasks.o
    0x0800bd38   0x0000001a   Code   RO          675    i._Z11NVIC_Confighhh15FunctionalState  ek_config.o
    0x0800bd52   0x00000016   Code   RO            1    i._Z12RunStartTaskPv  main.o
    0x0800bd68   0x000000e0   Code   RO          163    i._Z12RunUSARTTaskv  tasks.o
    0x0800be48   0x00000024   Code   RO          467    i._Z16CreateMainWindowv  dialog.o
    0x0800be6c   0x00000050   Code   RO          870    i._Z16GUI_Touch_Configiiiiii  ek_gui.o
    0x0800bebc   0x0000001e   Code   RO          871    i._Z16GUI_Touch_Configv  ek_gui.o
    0x0800beda   0x00000012   Code   RO          164    i._Z17RunTouchPanelTaskv  tasks.o
    0x0800beec   0x00000024   Code   RO          468    i._Z25CreatePrintableMainWindowv  dialog.o
    0x0800bf10   0x00000040   Code   RO          165    i._Z7AppInitv       tasks.o
    0x0800bf50   0x00000034   Code   RO          166    i._Z8ReadFilePc     tasks.o
    0x0800bf84   0x0000002c   Code   RO          167    i._Z9ListFilesv     tasks.o
    0x0800bfb0   0x00000020   Code   RO          168    i._Z9RunSDTaskv     tasks.o
    0x0800bfd0   0x000000ac   Code   RO          469    i._Z9_cbDialogP10WM_MESSAGE  dialog.o
    0x0800c07c   0x00000082   Code   RO          737    i._ZN5USART14ConfigInternalEv  ek_usart.o
    0x0800c0fe   0x00000002   PAD
    0x0800c100   0x00000040   Code   RO          738    i._ZN5USART4ReadEv  ek_usart.o
    0x0800c140   0x00000048   Code   RO          740    i._ZN5USART6ReadLnEPci  ek_usart.o
    0x0800c188   0x00000038   Code   RO          741    i._ZN5USART8GetClockEv  ek_usart.o
    0x0800c1c0   0x00000040   Code   RO          742    i._ZN5USART8GetRxPinEv  ek_usart.o
    0x0800c200   0x0000003c   Code   RO          743    i._ZN5USART8GetTxPinEv  ek_usart.o
    0x0800c23c   0x00000010   Code   RO          744    i._ZN5USART9ConfigGUIEPcis  ek_usart.o
    0x0800c24c   0x0000001c   Code   RO          746    i._ZN5USARTC1EP13USART_TypeDefjttt  ek_usart.o
    0x0800c268   0x00000108   Code   RO         1119    i._ZN7SD_Card4ListEPci  ek_sd.o
    0x0800c370   0x00000088   Code   RO         1120    i._ZN7SD_Card4ReadEPcS0_j  ek_sd.o
    0x0800c3f8   0x000000f0   Code   RO         1121    i._ZN7SD_Card5MountEv  ek_sd.o
    0x0800c4e8   0x000000a8   Code   RO         1122    i._ZN7SD_Card5WriteEPcS0_j  ek_sd.o
    0x0800c590   0x0000005c   Code   RO         1123    i._ZN7SD_Card6AssertE7FRESULTPKcS2_S2_  ek_sd.o
    0x0800c5ec   0x00000060   Code   RO         1124    i._ZN7SD_Card7GetSizeEPm  ek_sd.o
    0x0800c64c   0x00000040   Code   RO         1125    i._ZN7SD_Card9PrintSizeEv  ek_sd.o
    0x0800c68c   0x00000020   Code   RO         1126    i._ZN7SD_CardC1Ev   ek_sd.o
    0x0800c6ac   0x0000006c   Code   RO          901    i._ZN8GPIO_Pin13GetPortNumberEv  ek_gpio.o
    0x0800c718   0x00000040   Code   RO          902    i._ZN8GPIO_Pin14ConfigInternalEv  ek_gpio.o
    0x0800c758   0x00000010   Code   RO          903    i._ZN8GPIO_Pin16GetPinFromStringEPKc  ek_gpio.o
    0x0800c768   0x00000050   Code   RO          904    i._ZN8GPIO_Pin17GetPortFromStringEPKc  ek_gpio.o
    0x0800c7b8   0x00000038   Code   RO          910    i._ZN8GPIO_Pin8GetClockEv  ek_gpio.o
    0x0800c7f0   0x00000028   Code   RO          914    i._ZN8GPIO_PinC1EPKc16GPIOMode_TypeDef17GPIOSpeed_TypeDef  ek_gpio.o
    0x0800c818   0x00000004   Code   RO          223    i._ZSt6strstrPcPKc  tasks.o
    0x0800c81c   0x00000020   Code   RO        14930    i.__0printf$4       mc_w.l(printf4.o)
    0x0800c83c   0x00000028   Code   RO        14932    i.__0sprintf$4      mc_w.l(printf4.o)
    0x0800c864   0x00000008   Code   RO        15174    i.__aeabi_errno_addr  mc_w.l(errno.o)
    0x0800c86c   0x0000000e   Code   RO        15236    i.__scatterload_copy  mc_w.l(handlers.o)
    0x0800c87a   0x00000002   Code   RO        15237    i.__scatterload_null  mc_w.l(handlers.o)
    0x0800c87c   0x0000000e   Code   RO        15238    i.__scatterload_zeroinit  mc_w.l(handlers.o)
    0x0800c88a   0x00000002   PAD
    0x0800c88c   0x00000078   Code   RO          169    i.__sti___9_tasks_cpp_SDTask  tasks.o
    0x0800c904   0x000000d8   Code   RO        11070    i._cb               uCGUI.lib(window.o)
    0x0800c9dc   0x00000010   Code   RO        11416    i._cbInvalidateOne  uCGUI.lib(wm_bringtotop.o)
    0x0800c9ec   0x00000038   Code   RO        11143    i._cbPaintMemDev    uCGUI.lib(wm.o)
    0x0800ca24   0x0000022c   Code   RO        14937    i._printf_core      mc_w.l(printf4.o)
    0x0800cc50   0x0000000a   Code   RO        14939    i._sputc            mc_w.l(printf4.o)
    0x0800cc5a   0x00000002   PAD
    0x0800cc5c   0x00000050   Code   RO        11144    i.cbBackWin         uCGUI.lib(wm.o)
    0x0800ccac   0x0000005c   Code   RO         7070    i.check_fs          ff.o
    0x0800cd08   0x00000010   Code   RO         7071    i.chk_chr           ff.o
    0x0800cd18   0x0000020c   Code   RO         7072    i.chk_mounted       ff.o
    0x0800cf24   0x00000018   Code   RO         7073    i.clust2sect        ff.o
    0x0800cf3c   0x00000012   Code   RO         6849    i.convert_from_bytes_to_power_of_two  sdio_sd.o
    0x0800cf4e   0x00000096   Code   RO         7074    i.create_chain      ff.o
    0x0800cfe4   0x000001f4   Code   RO         7075    i.create_name       ff.o
    0x0800d1d8   0x0000001c   Code   RO         5585    i.delay_ms          glcd.o
    0x0800d1f4   0x00000134   Code   RO         7076    i.dir_find          ff.o
    0x0800d328   0x000000ee   Code   RO         7077    i.dir_next          ff.o
    0x0800d416   0x00000002   PAD
    0x0800d418   0x000000f0   Code   RO         7078    i.dir_read          ff.o
    0x0800d508   0x000001ac   Code   RO         7079    i.dir_register      ff.o
    0x0800d6b4   0x0000007e   Code   RO         7081    i.dir_sdi           ff.o
    0x0800d732   0x0000001a   Code   RO         7018    i.disk_initialize   diskio.o
    0x0800d74c   0x0000002c   Code   RO         7019    i.disk_ioctl        diskio.o
    0x0800d778   0x00000038   Code   RO         7020    i.disk_read         diskio.o
    0x0800d7b0   0x00000014   Code   RO         7021    i.disk_status       diskio.o
    0x0800d7c4   0x00000038   Code   RO         7022    i.disk_write        diskio.o
    0x0800d7fc   0x00000012   Code   RO         7083    i.f_close           ff.o
    0x0800d80e   0x000000c8   Code   RO         7084    i.f_getfree         ff.o
    0x0800d8d6   0x00000002   PAD
    0x0800d8d8   0x00000020   Code   RO         7088    i.f_mount           ff.o
    0x0800d8f8   0x00000140   Code   RO         7089    i.f_open            ff.o
    0x0800da38   0x00000058   Code   RO         7090    i.f_opendir         ff.o
    0x0800da90   0x00000154   Code   RO         7091    i.f_read            ff.o
    0x0800dbe4   0x00000058   Code   RO         7092    i.f_readdir         ff.o
    0x0800dc3c   0x000000a4   Code   RO         7095    i.f_sync            ff.o
    0x0800dce0   0x00000190   Code   RO         7099    i.f_write           ff.o
    0x0800de70   0x00000008   Code   RO         1127    i.ff_convert        ek_sd.o
    0x0800de78   0x00000016   Code   RO         1128    i.ff_wtoupper       ek_sd.o
    0x0800de8e   0x00000068   Code   RO         7100    i.follow_path       ff.o
    0x0800def6   0x00000002   PAD
    0x0800def8   0x00000054   Code   RO          747    i.fputc             ek_usart.o
    0x0800df4c   0x0000006a   Code   RO         7101    i.gen_numname       ff.o
    0x0800dfb6   0x000000b8   Code   RO         7102    i.get_fat           ff.o
    0x0800e06e   0x00000004   Code   RO         7023    i.get_fattime       diskio.o
    0x0800e072   0x000000d0   Code   RO         7103    i.get_fileinfo      ff.o
    0x0800e142   0x00000002   PAD
    0x0800e144   0x00000040   Code   RO            2    i.main              main.o
    0x0800e184   0x00000012   Code   RO         7104    i.mem_cpy           ff.o
    0x0800e196   0x0000000e   Code   RO         7105    i.mem_set           ff.o
    0x0800e1a4   0x0000006a   Code   RO         7106    i.move_window       ff.o
    0x0800e20e   0x00000002   PAD
    0x0800e210   0x000000fa   Code   RO         7107    i.put_fat           ff.o
    0x0800e30a   0x00000062   Code   RO         7108    i.remove_chain      ff.o
    0x0800e36c   0x0000001a   Code   RO         7109    i.sum_sfn           ff.o
    0x0800e386   0x000000b8   Code   RO         7110    i.sync              ff.o
    0x0800e43e   0x00000020   Code   RO         7111    i.validate          ff.o
    0x0800e45e   0x00000018   Code   RO          217    t._ZN4TaskILi512EE3RunEv  tasks.o
    0x0800e476   0x00000002   PAD
    0x0800e478   0x00000200   Data   RO          179    .constdata          tasks.o
    0x0800e678   0x00000060   Data   RO          474    .constdata          dialog.o
    0x0800e6d8   0x00000018   Data   RO         5131    .constdata          guidemo_touch.o
    0x0800e6f0   0x00000100   Data   RO         5983    .constdata          os_core.o
    0x0800e7f0   0x000000ba   Data   RO         7113    .constdata          ff.o
    0x0800e8aa   0x00000002   PAD
    0x0800e8ac   0x00000008   Data   RO         8811    .constdata          uCGUI.lib(guicore.o)
    0x0800e8b4   0x00000734   Data   RO         9203    .constdata          uCGUI.lib(f6x8.o)
    0x0800efe8   0x00000868   Data   RO         9328    .constdata          uCGUI.lib(f13_1.o)
    0x0800f850   0x00000820   Data   RO         9341    .constdata          uCGUI.lib(f13_ascii.o)
    0x08010070   0x00000b3c   Data   RO         9401    .constdata          uCGUI.lib(f16_1.o)
    0x08010bac   0x00000a9c   Data   RO         9418    .constdata          uCGUI.lib(f16_ascii.o)
    0x08011648   0x000013a0   Data   RO         9465    .constdata          uCGUI.lib(f24_1.o)
    0x080129e8   0x000012b4   Data   RO         9478    .constdata          uCGUI.lib(f24_ascii.o)
    0x08013c9c   0x00000028   Data   RO        11877    .constdata          uCGUI.lib(gui_adddecshift.o)
    0x08013cc4   0x00000010   Data   RO        12334    .constdata          uCGUI.lib(gui_uc_encodenone.o)
    0x08013cd4   0x00000040   Data   RO        12566    .constdata          uCGUI.lib(lcd_api.o)
    0x08013d14   0x00000018   Data   RO        13545    .constdata          uCGUI.lib(widget_effect_3d.o)
    0x08013d2c   0x00000060   Data   RO        14283    .constdata          uCGUI.lib(guidev_16.o)
    0x08013d8c   0x00000018   Data   RO        14408    .constdata          uCGUI.lib(guidev_usagebm.o)
    0x08013da4   0x00000100   Data   RO        14709    .constdata          uCGUI.lib(lcd_mirror.o)
    0x08013ea4   0x00000081   Data   RO        15201    .constdata          mc_w.l(ctype_o.o)
    0x08013f25   0x00000003   PAD
    0x08013f28   0x00000004   Data   RO        15202    .constdata          mc_w.l(ctype_o.o)
    0x08013f2c   0x0000002b   Data   RO          475    .conststring        dialog.o
    0x08013f57   0x00000001   PAD
    0x08013f58   0x00000020   Data   RO        15234    Region$$Table       anon$$obj.o
    0x08013f78   0x00000004   Data   RO          181    .init_array         tasks.o
    0x08013f7c   0x00000000   Data   RO        15083    .init_array         mc_w.l(cpp_init.o)


    Execution Region RW_IRAM1 (Base: 0x20000000, Size: 0x00006c60, Max: 0x0000c000, ABSOLUTE, COMPRESSED[0x00000068])

    Base Addr    Size         Type   Attr      Idx    E Section Name        Object

    0x20000000   0x0000000f   Data   RW          180    .data               tasks.o
    0x2000000f   0x00000001   PAD
    0x20000010   0x0000000c   Data   RW          759    .data               ek_usart.o
    0x2000001c   0x00000007   Data   RW          929    .data               ek_gpio.o
    0x20000023   0x00000001   PAD
    0x20000024   0x00000010   Data   RW         1217    .data               touchpanel.o
    0x20000034   0x00000014   Data   RW         1366    .data               system_stm32f10x_1.o
    0x20000048   0x00000014   Data   RW         3075    .data               stm32f10x_rcc.o
    0x2000005c   0x00000014   Data   RW         5335    .data               gui_x_ucos.o
    0x20000070   0x00000004   Data   RW         5523    .data               gui_x_touch.o
    0x20000074   0x00000001   Data   RW         5586    .data               glcd.o
    0x20000075   0x00000003   PAD
    0x20000078   0x00000030   Data   RW         5984    .data               os_core.o
    0x200000a8   0x00000004   Data   RW         5985    .data               os_core.o
    0x200000ac   0x00000004   Data   RW         5986    .data               os_core.o
    0x200000b0   0x00000004   Data   RW         5987    .data               os_core.o
    0x200000b4   0x00000002   Data   RW         5988    .data               os_core.o
    0x200000b6   0x00000002   Data   RW         5989    .data               os_core.o
    0x200000b8   0x00000004   Data   RW         5990    .data               os_core.o
    0x200000bc   0x00000004   Data   RW         5991    .data               os_core.o
    0x200000c0   0x00000004   Data   RW         5992    .data               os_core.o
    0x200000c4   0x00000004   Data   RW         5993    .data               os_core.o
    0x200000c8   0x00000002   Data   RW         6714    .data               os_cpu_c.o
    0x200000ca   0x00000002   PAD
    0x200000cc   0x00000028   Data   RW         6851    .data               sdio_sd.o
    0x200000f4   0x00000008   Data   RW         7114    .data               ff.o
    0x200000fc   0x00000014   Data   RW         8273    .data               uCGUI.lib(gui_onkey.o)
    0x20000110   0x00000020   Data   RW         8504    .data               uCGUI.lib(gui_touch_driveranalog.o)
    0x20000130   0x00000001   Data   RW         8583    .data               uCGUI.lib(guialloc.o)
    0x20000131   0x00000003   PAD
    0x20000134   0x0000001c   Data   RW         8812    .data               uCGUI.lib(guicore.o)
    0x20000150   0x00000030   Data   RW         8860    .data               uCGUI.lib(guicurs.o)
    0x20000180   0x00000020   Data   RW         9784    .data               uCGUI.lib(button.o)
    0x200001a0   0x00000004   Data   RW        11071    .data               uCGUI.lib(window.o)
    0x200001a4   0x00000031   Data   RW        11146    .data               uCGUI.lib(wm.o)
    0x200001d5   0x00000003   PAD
    0x200001d8   0x00000008   Data   RW        12263    .data               uCGUI.lib(gui_touch_storeunstable.o)
    0x200001e0   0x0000000c   Data   RW        12445    .data               uCGUI.lib(guitask.o)
    0x200001ec   0x00000004   Data   RW        12567    .data               uCGUI.lib(lcd_api.o)
    0x200001f0   0x00000008   Data   RW        13341    .data               uCGUI.lib(text.o)
    0x200001f8   0x00000004   Data   RW        13412    .data               uCGUI.lib(widget.o)
    0x200001fc   0x00000010   Data   RW        14069    .data               uCGUI.lib(wmtouch.o)
    0x2000020c   0x00000004   Data   RW        15163    .data               mc_w.l(stdout.o)
    0x20000210   0x00000004   Data   RW        15177    .data               mc_w.l(errno.o)
    0x20000214   0x00000100   Zero   RW            5    .bss                main.o
    0x20000314   0x00001d64   Zero   RW          178    .bss                tasks.o
    0x20002078   0x00000200   Zero   RW          473    .bss                dialog.o
    0x20002278   0x00000041   Zero   RW         1141    .bss                ek_sd.o
    0x200022b9   0x00000003   PAD
    0x200022bc   0x00000a44   Zero   RW         5976    .bss                os_core.o
    0x20002d00   0x00000050   Zero   RW         5977    .bss                os_core.o
    0x20002d50   0x00000078   Zero   RW         5978    .bss                os_core.o
    0x20002dc8   0x00000060   Zero   RW         5979    .bss                os_core.o
    0x20002e28   0x00000280   Zero   RW         5980    .bss                os_core.o
    0x200030a8   0x00000100   Zero   RW         5981    .bss                os_core.o
    0x200031a8   0x00000040   Zero   RW         5982    .bss                os_core.o
    0x200031e8   0x000000b4   Zero   RW         6850    .bss                sdio_sd.o
    0x2000329c   0x00000082   Zero   RW         7112    .bss                ff.o
    0x2000331e   0x00000002   PAD
    0x20003320   0x0000000c   Zero   RW         8472    .bss                uCGUI.lib(gui_touch.o)
    0x2000332c   0x00000010   Zero   RW         8503    .bss                uCGUI.lib(gui_touch_driveranalog.o)
    0x2000333c   0x000030f4   Zero   RW         8582    .bss                uCGUI.lib(guialloc.o)
    0x20006430   0x00000060   Zero   RW         8810    .bss                uCGUI.lib(guicore.o)
    0x20006490   0x00000024   Zero   RW        11145    .bss                uCGUI.lib(wm.o)
    0x200064b4   0x0000000c   Zero   RW        12191    .bss                uCGUI.lib(gui_pid.o)
    0x200064c0   0x00000190   Zero   RW        12444    .bss                uCGUI.lib(guitask.o)
    0x20006650   0x00000200   Zero   RW        12661    .bss                uCGUI.lib(lcdcolor.o)
    0x20006850   0x0000000c   Zero   RW        14191    .bss                uCGUI.lib(gui_touch_storestate.o)
    0x2000685c   0x00000004   PAD
    0x20006860   0x00000400   Zero   RW         1443    STACK               startup_stm32f10x_hd.o


==============================================================================

Image component sizes


      Code (inc. data)   RO Data    RW Data    ZI Data      Debug   Object Name

         0          0          0          0          0         32   core_cm3.o
        42          0          0          0          0        352   cpu_a.o
       244         30        139          0        512       3806   dialog.o
       206         20          0          0          0      11353   diskio.o
        26          0          0          0          0     214094   ek_config.o
       364         78          0          7          0       5816   ek_gpio.o
       110          6          0          0          0       1082   ek_gui.o
      1126        498          0          0         65       7209   ek_sd.o
       574         92          0         12          0      17937   ek_usart.o
      5626         80        186          8        130      32469   ff.o
      6686         68          0          1          0      34445   glcd.o
      1946         62          0          0          0      10196   glcd_ucgui.o
        40          8          0          4          0       1220   gui_x_touch.o
       116         26          0         20          0      14326   gui_x_ucos.o
         0          0          0          0          0       9325   guidemo.o
       644         94         24          0          0       3205   guidemo_touch.o
        86          8          0          0        256     241410   main.o
       120         16          0          0          0       1607   misc.o
        10          0          0          0          0       2138   os_apphooks.o
      1458        130        256         80       3884      20786   os_core.o
       164         32          0          0          0        408   os_cpu_a.o
       246         20          0          2          0      30580   os_cpu_c.o
         2          0          0          0          0        522   os_dbg.o
        72         12          0          0          0       9028   os_flag.o
        72         14          0          0          0        659   os_mbox.o
        76         12          0          0          0        549   os_mem.o
        64          8          0          0          0        567   os_q.o
       356         28          0          0          0       2382   os_sem.o
       330         24          0          0          0       2657   os_task.o
       244         36          0          0          0       1944   os_time.o
       540        118          0          0          0       3527   os_tmr.o
      6270        250          0         40        180      30646   sdio_sd.o
        36          8        304          0       1024        912   startup_stm32f10x_hd.o
       136         16          0          0          0       4029   stm32f10x_dma.o
       232          6          0          0          0       1977   stm32f10x_fsmc.o
       184          0          0          0          0       3580   stm32f10x_gpio.o
        52          6          0          0          0       3909   stm32f10x_it.o
       192         28          0         20          0       4589   stm32f10x_rcc.o
       368         90          0          0          0      11339   stm32f10x_sdio.o
        98          0          0          0          0       3938   stm32f10x_spi.o
       332          6          0          0          0       6081   stm32f10x_usart.o
       248         24          0         20          0     264621   system_stm32f10x_1.o
       646        192        516         15       7524      18721   tasks.o
       830         44          0         16          0     230496   touchpanel.o

    ----------------------------------------------------------------------
     31248       2190       1460        252      13580    1270469   Object Totals
         0          0         32          0          0          0   (incl. Generated)
        34          0          3          7          5          0   (incl. Padding)

    ----------------------------------------------------------------------

      Code (inc. data)   RO Data    RW Data    ZI Data      Debug   Library Member Name

        86          0          0          0          0          0   __dczerorl2.o
        28          0          0          0          0         68   _chval.o
       158          0          0          0          0         92   _strtoul.o
        26          0          0          0          0         80   atoi.o
        32         10          0          0          0         80   cpp_init.o
         8          4        133          0          0         68   ctype_o.o
         0          0          0          0          0          0   entry.o
         0          0          0          0          0          0   entry10a.o
         0          0          0          0          0          0   entry11a.o
         8          4          0          0          0          0   entry2.o
         4          0          0          0          0          0   entry5.o
         0          0          0          0          0          0   entry7b.o
         4          0          0          0          0          0   entry8a.o
         0          0          0          0          0          0   entry8b.o
         8          4          0          0          0          0   entry9a.o
         8          4          0          4          0         68   errno.o
        30          0          0          0          0          0   handlers.o
        36          8          0          0          0         68   init.o
        30          0          0          0          0         68   llshl.o
        32          0          0          0          0         68   llushr.o
        26          0          0          0          0         80   memcmp.o
        64          0          0          0          0         76   memmovea.o
        36          0          0          0          0        108   memseta.o
       638         20          0          0          0        336   printf4.o
         0          0          0          4          0          0   stdout.o
        18          0          0          0          0         68   strcpy.o
        14          0          0          0          0         68   strlen.o
        36          0          0          0          0         80   strstr.o
       112          0          0          0          0         88   strtol.o
        98          0          0          0          0         92   uldiv.o
       738          8          0         32          0      12887   button.o
        80          0          0          0          0        796   button_createindirect.o
       118          0          0          0          0       1858   dialog.o
         0          0       2152          0          0       6228   f13_1.o
         0          0       2080          0          0       6767   f13_ascii.o
         0          0       2876          0          0       6044   f16_1.o
         0          0       2716          0          0       6439   f16_ascii.o
         0          0       5024          0          0       6283   f24_1.o
         0          0       4788          0          0       6964   f24_ascii.o
         0          0       1844          0          0       2142   f6x8.o
       180          6          0          0          0       1315   gui2dlib.o
        20          4          0          0          0        476   gui__getfontsizey.o
        24          0          0          0          0        648   gui__handleeoline.o
        66          0          0          0          0        893   gui__intersectrect.o
       144          0          0          0          0       1130   gui__intersectrects.o
        84          0          0          0          0        794   gui__memset.o
        78          0          0          0          0        800   gui__memset16.o
        34          0          0          0          0        894   gui__reducerect.o
        80          0          0          0          0        743   gui__settext.o
        80          4          0          0          0       1235   gui__strcmp.o
        22          0          0          0          0        538   gui__strlen.o
       166          8         40          0          0       2074   gui_adddecshift.o
        42          0          0          0          0        594   gui_alloc_alloczero.o
       328          4          0          0          0        969   gui_dispstring.o
        40          6          0          0          0        639   gui_dispstringat.o
       480          6          0          0          0       6793   gui_dispstringinrect.o
        38          0          0          0          0       1025   gui_draw.o
       264         10          0          0          0       1869   gui_drawbitmap.o
       198          6          0          0          0       1512   gui_drawfocusrect.o
        96          6          0          0          0        656   gui_drawhline.o
        92          6          0          0          0        656   gui_drawvline.o
        56          4          0          0          0        987   gui_exec.o
       170          0          0          0          0       1186   gui_getbitmappixelindex.o
        18          0          0          0          0        936   gui_getclientrect.o
        52          0          0          0          0       1004   gui_getcolor.o
        20          0          0          0          0        515   gui_getfontsizey.o
        66          8          0          0          0       1505   gui_goto.o
       138          0          0          0          0       1040   gui_mergerect.o
        36          0          0          0          0        863   gui_moverect.o
        88         14          0         20          0      16796   gui_onkey.o
        28          6          0          0          0        561   gui_pen.o
        80         20          0          0         12       2060   gui_pid.o
        58          0          0          0          0        977   gui_rectsintersect.o
        40          8          0          0          0       1391   gui_savecontext.o
        24          0          0          0          0        480   gui_selectlcd.o
        40          0          0          0          0       1032   gui_setcolor.o
        60          6          0          0          0        484   gui_setdefault.o
        24          0          0          0          0        574   gui_setdrawmode.o
        32          6          0          0          0        566   gui_setfont.o
        28          6          0          0          0        587   gui_setlinestyle.o
        32          4          0          0          0        571   gui_settextalign.o
        32          4          0          0          0        566   gui_settextmode.o
        64          8          0          0         12       1638   gui_touch.o
       586         72          0         32         16       6359   gui_touch_driveranalog.o
        48          6          0          0         12        627   gui_touch_storestate.o
        76         10          0          8          0        898   gui_touch_storeunstable.o
        88         10          0          0          0       1253   gui_uc.o
        30          0         16          0          0       2637   gui_uc_encodenone.o
         0          0          0          0          0      27882   guiaacircle.o
       982         68          0          1      12532       8978   guialloc.o
       180         20          0          0          0       2050   guichar.o
       440         24          0          0          0       3267   guicharline.o
       460         12          0          0          0       3115   guicharm.o
       394         10          0          0          0       3315   guicharp.o
       268         12          0          0          0       1333   guicirc.o
       290         32          8         28         96       6480   guicore.o
       880         62          0         48          0       5077   guicurs.o
      1106         46          0          0          0       8947   guidev.o
      2254         64         96          0          0      40872   guidev_16.o
       278          0          0          0          0       2262   guidev_banding.o
        72          6          0          0          0       1059   guidev_clear.o
        44          4          0          0          0        994   guidev_getysize.o
        56          6          0          0          0       1065   guidev_reduceysize.o
       108          4          0          0          0       1164   guidev_setorg.o
        88          0          0          0          0       1262   guidev_usage.o
       560          4         24          0          0       5222   guidev_usagebm.o
        92          0          0          0          0       1061   guistream.o
       352         44          0         12        400       3285   guitask.o
        62          0          0          0          0       1062   guitime.o
        50          0          0          0          0       1213   guival.o
      1184         66          0          0          0       8856   lcd.o
         0          0         64          4          0        646   lcd_api.o
        92          4          0          0          0        636   lcd_drawvline.o
        24         12          0          0          0        954   lcd_getcolorindex.o
        54          0          0          0          0       2121   lcd_l0_generic.o
         0          0        256          0          0        566   lcd_mirror.o
        36         10          0          0          0        472   lcd_selectlcd.o
        32          4          0          0          0        876   lcd_setcliprectex.o
        36          4          0          0          0        497   lcd_updatecolorindices.o
        86          6          0          0        512       2374   lcdcolor.o
        16          0          0          0          0       1357   lcdinfo0.o
        32          0          0          0          0       1099   lcdpm565.o
        56          0          0          0          0        639   lcdpm565_index2color.o
       336         12          0          8          0       3884   text.o
        76          0          0          0          0        798   text_createindirect.o
        36          0          0          0          0       1019   text_setfont.o
        46          0          0          0          0       1051   text_settext.o
       474          6          0          4          0       5420   widget.o
       414         14         24          0          0       5045   widget_effect_3d.o
       388         10          0          4          0       3105   window.o
      4008        254          0         49         36      31404   wm.o
        60          0          0          0          0       1018   wm__foreachdesc.o
        32          0          0          0          0        562   wm__getfirstsibling.o
        36          6          0          0          0        583   wm__getfocussedchild.o
        54          0          0          0          0        933   wm__getprevsibling.o
        78          0          0          0          0       1628   wm__isancestor.o
        40          0          0          0          0        954   wm__ischild.o
        26          0          0          0          0        552   wm__isenabled.o
        36          0          0          0          0        950   wm__sendmessage.o
        24          0          0          0          0        603   wm__sendmessageifenabled.o
        40          0          0          0          0       1020   wm__sendmessagenopara.o
       390          0          0          0          0       1627   wm__updatechildpositions.o
        80          0          0          0          0        991   wm_bringtobottom.o
       144          6          0          0          0       2552   wm_bringtotop.o
        84          8          0          0          0       1191   wm_criticalhandle.o
        28          0          0          0          0        925   wm_foreachdesc.o
        88          8          0          0          0       1472   wm_getclientrect.o
        26          0          0          0          0        577   wm_getclientwindow.o
        12          4          0          0          0        478   wm_getdesktopwindow.o
       106          0          0          0          0       1647   wm_getdialogitem.o
        28          0          0          0          0        555   wm_getfirstchild.o
        20          0          0          0          0        531   wm_getid.o
        28          0          0          0          0        539   wm_getparent.o
        32          0          0          0          0        598   wm_isfocussable.o
        24          0          0          0          0        542   wm_iswindow.o
       196          0          0          0          0       2169   wm_move.o
        22          0          0          0          0        590   wm_notifyparent.o
        64          6          0          0          0        667   wm_onkey.o
       242          0          0          0          0       1238   wm_resizewindow.o
       176          4          0          0          0       2386   wm_screen2win.o
        24          0          0          0          0        591   wm_sendmessagenopara.o
        40          0          0          0          0        634   wm_sendtoparent.o
        56          6          0          0          0        936   wm_setcapture.o
       176          4          0          0          0        726   wm_setfocus.o
       152          0          0          0          0       2269   wm_setfocusonnextchild.o
        34          0          0          0          0        917   wm_settrans.o
        32          6          0          0          0        897   wm_setusercliprect.o
        96          0          0          0          0       1551   wm_show.o
       554         22          0         16          0       5642   wmtouch.o

    ----------------------------------------------------------------------
     26936       1220      22144        280      13632     380435   Library Totals
        68          0          3          6          4          0   (incl. Padding)

    ----------------------------------------------------------------------

      Code (inc. data)   RO Data    RW Data    ZI Data      Debug   Library Name

      1540         54        133          8          0       1656   mc_w.l
     25328       1166      22008        266      13628     378779   uCGUI.lib

    ----------------------------------------------------------------------
     26936       1220      22144        280      13632     380435   Library Totals

    ----------------------------------------------------------------------

==============================================================================


      Code (inc. data)   RO Data    RW Data    ZI Data      Debug   

     58184       3410      23604        532      27212    1619936   Grand Totals
     58184       3410      23604        104      27212    1619936   ELF Image Totals (compressed)
     58184       3410      23604        104          0          0   ROM Totals

==============================================================================

    Total RO  Size (Code + RO Data)                81788 (  79.87kB)
    Total RW  Size (RW Data + ZI Data)             27744 (  27.09kB)
    Total ROM Size (Code + RO Data + RW Data)      81892 (  79.97kB)

==============================================================================

