Component: ARM Compiler 5.05 update 1 (build 106) Tool: armlink [4d0efa]

==============================================================================

Section Cross References

    main.o(i.main) refers to usart.o(i.USART_Config) for USART_Config
    main.o(i.main) refers to printf4.o(i.__0printf$4) for __2printf
    main.o(i.main) refers to sd.o(i.SD_Config) for SD_Config
    main.o(i.main) refers to sd.o(i.SD_ListFiles) for SD_ListFiles
    main.o(i.main) refers to sd.o(i.SD_PrintSize) for SD_PrintSize
    main.o(i.main) refers to main.o(.data) for path
    config.o(i.EXTI_Config) refers to config.o(i.EXTI_Config_Detailed) for EXTI_Config_Detailed
    config.o(i.EXTI_Config_Detailed) refers to stm32f10x_exti.o(i.EXTI_Init) for EXTI_Init
    config.o(i.GPIO_Config) refers to config.o(i.GPIO_Config_Detailed) for GPIO_Config_Detailed
    config.o(i.GPIO_Config_Detailed) refers to stm32f10x_gpio.o(i.GPIO_Init) for GPIO_Init
    config.o(i.NVIC_Config) refers to config.o(i.NVIC_Config_Detailed) for NVIC_Config_Detailed
    config.o(i.NVIC_Config_Detailed) refers to misc.o(i.NVIC_Init) for NVIC_Init
    usart.o(i.USART_Config) refers to usart.o(i.USART_Config_Detailed) for USART_Config_Detailed
    usart.o(i.USART_Config_Detailed) refers to stm32f10x_rcc.o(i.RCC_APB2PeriphClockCmd) for RCC_APB2PeriphClockCmd
    usart.o(i.USART_Config_Detailed) refers to config.o(i.GPIO_Config) for GPIO_Config
    usart.o(i.USART_Config_Detailed) refers to stm32f10x_usart.o(i.USART_Init) for USART_Init
    usart.o(i.USART_Config_Detailed) refers to stm32f10x_usart.o(i.USART_ITConfig) for USART_ITConfig
    usart.o(i.USART_Config_Detailed) refers to stm32f10x_usart.o(i.USART_Cmd) for USART_Cmd
    usart.o(i.fputc) refers to stm32f10x_usart.o(i.USART_SendData) for USART_SendData
    usart.o(i.fputc) refers to stm32f10x_usart.o(i.USART_GetFlagStatus) for USART_GetFlagStatus
    sd.o(i.SDIO_IRQHandler) refers to sdio_sd.o(i.SD_ProcessIRQSrc) for SD_ProcessIRQSrc
    sd.o(i.SD_AssertResult) refers to printf4.o(i.__0printf$4) for __2printf
    sd.o(i.SD_Config) refers to sdio_sd.o(i.SD_LowLevel_Init) for SD_LowLevel_Init
    sd.o(i.SD_Config) refers to misc.o(i.NVIC_PriorityGroupConfig) for NVIC_PriorityGroupConfig
    sd.o(i.SD_Config) refers to config.o(i.NVIC_Config_Detailed) for NVIC_Config_Detailed
    sd.o(i.SD_Config) refers to sdio_sd.o(i.SD_Detect) for SD_Detect
    sd.o(i.SD_Config) refers to printf4.o(i.__0printf$4) for __2printf
    sd.o(i.SD_Config) refers to ff.o(i.f_mount) for f_mount
    sd.o(i.SD_Config) refers to sd.o(i.SD_AssertResult) for SD_AssertResult
    sd.o(i.SD_Config) refers to sd.o(.bss) for fs
    sd.o(i.SD_GetSize) refers to ff.o(i.f_getfree) for f_getfree
    sd.o(i.SD_GetSize) refers to sd.o(i.SD_AssertResult) for SD_AssertResult
    sd.o(i.SD_ListFiles) refers to ff.o(i.f_opendir) for f_opendir
    sd.o(i.SD_ListFiles) refers to sd.o(i.SD_AssertResult) for SD_AssertResult
    sd.o(i.SD_ListFiles) refers to strlen.o(.text) for strlen
    sd.o(i.SD_ListFiles) refers to ff.o(i.f_readdir) for f_readdir
    sd.o(i.SD_ListFiles) refers to printf4.o(i.__0printf$4) for __2printf
    sd.o(i.SD_ListFiles) refers to printf4.o(i.__0sprintf$4) for __2sprintf
    sd.o(i.SD_ListFiles) refers to sd.o(.bss) for lfn
    sd.o(i.SD_MakeFS) refers to ff.o(i.f_mkfs) for f_mkfs
    sd.o(i.SD_PrintSize) refers to sd.o(i.SD_GetSize) for SD_GetSize
    sd.o(i.SD_PrintSize) refers to printf4.o(i.__0printf$4) for __2printf
    sd.o(i.SD_ReadFile) refers to ff.o(i.f_open) for f_open
    sd.o(i.SD_ReadFile) refers to sd.o(i.SD_AssertResult) for SD_AssertResult
    sd.o(i.SD_ReadFile) refers to ff.o(i.f_read) for f_read
    sd.o(i.SD_ReadFile) refers to ff.o(i.f_close) for f_close
    sd.o(i.SD_WriteFile) refers to ff.o(i.f_open) for f_open
    sd.o(i.SD_WriteFile) refers to sd.o(i.SD_AssertResult) for SD_AssertResult
    sd.o(i.SD_WriteFile) refers to ff.o(i.f_write) for f_write
    sd.o(i.SD_WriteFile) refers to ff.o(i.f_close) for f_close
    sdio_sd.o(i.CmdError) refers to stm32f10x_sdio.o(i.SDIO_GetFlagStatus) for SDIO_GetFlagStatus
    sdio_sd.o(i.CmdError) refers to stm32f10x_sdio.o(i.SDIO_ClearFlag) for SDIO_ClearFlag
    sdio_sd.o(i.CmdResp1Error) refers to stm32f10x_sdio.o(i.SDIO_ClearFlag) for SDIO_ClearFlag
    sdio_sd.o(i.CmdResp1Error) refers to stm32f10x_sdio.o(i.SDIO_GetCommandResponse) for SDIO_GetCommandResponse
    sdio_sd.o(i.CmdResp1Error) refers to stm32f10x_sdio.o(i.SDIO_GetResponse) for SDIO_GetResponse
    sdio_sd.o(i.CmdResp2Error) refers to stm32f10x_sdio.o(i.SDIO_ClearFlag) for SDIO_ClearFlag
    sdio_sd.o(i.CmdResp3Error) refers to stm32f10x_sdio.o(i.SDIO_ClearFlag) for SDIO_ClearFlag
    sdio_sd.o(i.CmdResp6Error) refers to stm32f10x_sdio.o(i.SDIO_ClearFlag) for SDIO_ClearFlag
    sdio_sd.o(i.CmdResp6Error) refers to stm32f10x_sdio.o(i.SDIO_GetCommandResponse) for SDIO_GetCommandResponse
[...]
    Removing stm32f10x_exti.o(i.EXTI_ClearFlag), (12 bytes).
    Removing stm32f10x_exti.o(i.EXTI_ClearITPendingBit), (12 bytes).
    Removing stm32f10x_exti.o(i.EXTI_DeInit), (36 bytes).
    Removing stm32f10x_exti.o(i.EXTI_GenerateSWInterrupt), (16 bytes).
    Removing stm32f10x_exti.o(i.EXTI_GetFlagStatus), (24 bytes).
    Removing stm32f10x_exti.o(i.EXTI_GetITStatus), (40 bytes).
    Removing stm32f10x_exti.o(i.EXTI_Init), (148 bytes).
    Removing stm32f10x_exti.o(i.EXTI_StructInit), (16 bytes).
    Removing stm32f10x_flash.o(i.FLASH_ClearFlag), (12 bytes).
    Removing stm32f10x_flash.o(i.FLASH_EnableWriteProtection), (196 bytes).
    Removing stm32f10x_flash.o(i.FLASH_EraseAllBank1Pages), (72 bytes).
    Removing stm32f10x_flash.o(i.FLASH_EraseAllPages), (72 bytes).
    Removing stm32f10x_flash.o(i.FLASH_EraseOptionBytes), (168 bytes).
    Removing stm32f10x_flash.o(i.FLASH_ErasePage), (76 bytes).
    Removing stm32f10x_flash.o(i.FLASH_GetBank1Status), (52 bytes).
    Removing stm32f10x_flash.o(i.FLASH_GetFlagStatus), (48 bytes).
    Removing stm32f10x_flash.o(i.FLASH_GetPrefetchBufferStatus), (24 bytes).
    Removing stm32f10x_flash.o(i.FLASH_GetReadOutProtectionStatus), (24 bytes).
    Removing stm32f10x_flash.o(i.FLASH_GetStatus), (52 bytes).
    Removing stm32f10x_flash.o(i.FLASH_GetUserOptionByte), (12 bytes).
    Removing stm32f10x_flash.o(i.FLASH_GetWriteProtectionOptionByte), (12 bytes).
    Removing stm32f10x_flash.o(i.FLASH_HalfCycleAccessCmd), (28 bytes).
    Removing stm32f10x_flash.o(i.FLASH_ITConfig), (32 bytes).
    Removing stm32f10x_flash.o(i.FLASH_Lock), (20 bytes).
    Removing stm32f10x_flash.o(i.FLASH_LockBank1), (20 bytes).
    Removing stm32f10x_flash.o(i.FLASH_PrefetchBufferCmd), (28 bytes).
    Removing stm32f10x_flash.o(i.FLASH_ProgramHalfWord), (64 bytes).
    Removing stm32f10x_flash.o(i.FLASH_ProgramOptionByteData), (84 bytes).
    Removing stm32f10x_flash.o(i.FLASH_ProgramWord), (108 bytes).
    Removing stm32f10x_flash.o(i.FLASH_ReadOutProtection), (172 bytes).
    Removing stm32f10x_flash.o(i.FLASH_SetLatency), (24 bytes).
    Removing stm32f10x_flash.o(i.FLASH_Unlock), (24 bytes).
    Removing stm32f10x_flash.o(i.FLASH_UnlockBank1), (24 bytes).
    Removing stm32f10x_flash.o(i.FLASH_UserOptionByteConfig), (104 bytes).
    Removing stm32f10x_flash.o(i.FLASH_WaitForLastBank1Operation), (38 bytes).
    Removing stm32f10x_flash.o(i.FLASH_WaitForLastOperation), (38 bytes).
    Removing stm32f10x_fsmc.o(i.FSMC_ClearFlag), (64 bytes).
    Removing stm32f10x_fsmc.o(i.FSMC_ClearITPendingBit), (72 bytes).
    Removing stm32f10x_fsmc.o(i.FSMC_GetECC), (28 bytes).
    Removing stm32f10x_fsmc.o(i.FSMC_GetFlagStatus), (56 bytes).
    Removing stm32f10x_fsmc.o(i.FSMC_GetITStatus), (68 bytes).
    Removing stm32f10x_fsmc.o(i.FSMC_ITConfig), (128 bytes).
    Removing stm32f10x_fsmc.o(i.FSMC_NANDCmd), (92 bytes).
    Removing stm32f10x_fsmc.o(i.FSMC_NANDDeInit), (68 bytes).
    Removing stm32f10x_fsmc.o(i.FSMC_NANDECCCmd), (92 bytes).
    Removing stm32f10x_fsmc.o(i.FSMC_NANDInit), (136 bytes).
    Removing stm32f10x_fsmc.o(i.FSMC_NANDStructInit), (54 bytes).
    Removing stm32f10x_fsmc.o(i.FSMC_NORSRAMCmd), (52 bytes).
    Removing stm32f10x_fsmc.o(i.FSMC_NORSRAMDeInit), (54 bytes).
    Removing stm32f10x_fsmc.o(i.FSMC_NORSRAMInit), (230 bytes).
    Removing stm32f10x_fsmc.o(i.FSMC_NORSRAMStructInit), (114 bytes).
    Removing stm32f10x_fsmc.o(i.FSMC_PCCARDCmd), (48 bytes).
    Removing stm32f10x_fsmc.o(i.FSMC_PCCARDDeInit), (40 bytes).
    Removing stm32f10x_fsmc.o(i.FSMC_PCCARDInit), (132 bytes).
    Removing stm32f10x_fsmc.o(i.FSMC_PCCARDStructInit), (60 bytes).
    Removing stm32f10x_gpio.o(i.GPIO_AFIODeInit), (20 bytes).
    Removing stm32f10x_gpio.o(i.GPIO_DeInit), (200 bytes).
    Removing stm32f10x_gpio.o(i.GPIO_ETH_MediaInterfaceConfig), (12 bytes).
    Removing stm32f10x_gpio.o(i.GPIO_EXTILineConfig), (64 bytes).
    Removing stm32f10x_gpio.o(i.GPIO_EventOutputCmd), (12 bytes).
    Removing stm32f10x_gpio.o(i.GPIO_EventOutputConfig), (32 bytes).
    Removing stm32f10x_gpio.o(i.GPIO_PinLockConfig), (18 bytes).
    Removing stm32f10x_gpio.o(i.GPIO_PinRemapConfig), (144 bytes).
    Removing stm32f10x_gpio.o(i.GPIO_ReadInputData), (8 bytes).
    Removing stm32f10x_gpio.o(i.GPIO_ReadOutputData), (8 bytes).
    Removing stm32f10x_gpio.o(i.GPIO_ReadOutputDataBit), (18 bytes).
    Removing stm32f10x_gpio.o(i.GPIO_ResetBits), (4 bytes).
    Removing stm32f10x_gpio.o(i.GPIO_SetBits), (4 bytes).
    Removing stm32f10x_gpio.o(i.GPIO_StructInit), (16 bytes).
    Removing stm32f10x_gpio.o(i.GPIO_Write), (4 bytes).
    Removing stm32f10x_gpio.o(i.GPIO_WriteBit), (10 bytes).
    Removing stm32f10x_i2c.o(i.I2C_ARPCmd), (24 bytes).
    Removing stm32f10x_i2c.o(i.I2C_AcknowledgeConfig), (24 bytes).
    Removing stm32f10x_i2c.o(i.I2C_CalculatePEC), (24 bytes).
    Removing stm32f10x_i2c.o(i.I2C_CheckEvent), (42 bytes).
    Removing stm32f10x_i2c.o(i.I2C_ClearFlag), (12 bytes).
    Removing stm32f10x_i2c.o(i.I2C_ClearITPendingBit), (12 bytes).
    Removing stm32f10x_i2c.o(i.I2C_Cmd), (24 bytes).
    Removing stm32f10x_i2c.o(i.I2C_DMACmd), (24 bytes).
    Removing stm32f10x_i2c.o(i.I2C_DMALastTransferCmd), (24 bytes).
    Removing stm32f10x_i2c.o(i.I2C_DeInit), (56 bytes).
    Removing stm32f10x_i2c.o(i.I2C_DualAddressCmd), (24 bytes).
    Removing stm32f10x_i2c.o(i.I2C_FastModeDutyCycleConfig), (28 bytes).
    Removing stm32f10x_i2c.o(i.I2C_GeneralCallCmd), (24 bytes).
    Removing stm32f10x_i2c.o(i.I2C_GenerateSTART), (24 bytes).
    Removing stm32f10x_i2c.o(i.I2C_GenerateSTOP), (24 bytes).
    Removing stm32f10x_i2c.o(i.I2C_GetFlagStatus), (58 bytes).
    Removing stm32f10x_i2c.o(i.I2C_GetITStatus), (38 bytes).
    Removing stm32f10x_i2c.o(i.I2C_GetLastEvent), (26 bytes).
    Removing stm32f10x_i2c.o(i.I2C_GetPEC), (8 bytes).
    Removing stm32f10x_i2c.o(i.I2C_ITConfig), (18 bytes).
    Removing stm32f10x_i2c.o(i.I2C_Init), (236 bytes).
    Removing stm32f10x_i2c.o(i.I2C_NACKPositionConfig), (28 bytes).
    Removing stm32f10x_i2c.o(i.I2C_OwnAddress2Config), (22 bytes).
    Removing stm32f10x_i2c.o(i.I2C_PECPositionConfig), (28 bytes).
    Removing stm32f10x_i2c.o(i.I2C_ReadRegister), (22 bytes).
    Removing stm32f10x_i2c.o(i.I2C_ReceiveData), (8 bytes).
    Removing stm32f10x_i2c.o(i.I2C_SMBusAlertConfig), (28 bytes).
    Removing stm32f10x_i2c.o(i.I2C_Send7bitAddress), (18 bytes).
    Removing stm32f10x_i2c.o(i.I2C_SendData), (4 bytes).
    Removing stm32f10x_i2c.o(i.I2C_SoftwareResetCmd), (22 bytes).
    Removing stm32f10x_i2c.o(i.I2C_StretchClockCmd), (24 bytes).
    Removing stm32f10x_i2c.o(i.I2C_StructInit), (30 bytes).
    Removing stm32f10x_i2c.o(i.I2C_TransmitPEC), (24 bytes).
    Removing stm32f10x_iwdg.o(i.IWDG_Enable), (16 bytes).
    Removing stm32f10x_iwdg.o(i.IWDG_GetFlagStatus), (24 bytes).
    Removing stm32f10x_iwdg.o(i.IWDG_ReloadCounter), (16 bytes).
    Removing stm32f10x_iwdg.o(i.IWDG_SetPrescaler), (12 bytes).
    Removing stm32f10x_iwdg.o(i.IWDG_SetReload), (12 bytes).
    Removing stm32f10x_iwdg.o(i.IWDG_WriteAccessCmd), (12 bytes).
    Removing stm32f10x_pwr.o(i.PWR_BackupAccessCmd), (12 bytes).
    Removing stm32f10x_pwr.o(i.PWR_ClearFlag), (20 bytes).
    Removing stm32f10x_pwr.o(i.PWR_DeInit), (22 bytes).
    Removing stm32f10x_pwr.o(i.PWR_EnterSTANDBYMode), (52 bytes).
    Removing stm32f10x_pwr.o(i.PWR_EnterSTOPMode), (64 bytes).
    Removing stm32f10x_pwr.o(i.PWR_GetFlagStatus), (24 bytes).
    Removing stm32f10x_pwr.o(i.PWR_PVDCmd), (12 bytes).
    Removing stm32f10x_pwr.o(i.PWR_PVDLevelConfig), (24 bytes).
    Removing stm32f10x_pwr.o(i.PWR_WakeUpPinCmd), (12 bytes).
    Removing stm32f10x_rcc.o(i.RCC_ADCCLKConfig), (24 bytes).
    Removing stm32f10x_rcc.o(i.RCC_APB1PeriphClockCmd), (32 bytes).
    Removing stm32f10x_rcc.o(i.RCC_APB1PeriphResetCmd), (32 bytes).
    Removing stm32f10x_rcc.o(i.RCC_APB2PeriphResetCmd), (32 bytes).
    Removing stm32f10x_rcc.o(i.RCC_AdjustHSICalibrationValue), (24 bytes).
    Removing stm32f10x_rcc.o(i.RCC_BackupResetCmd), (12 bytes).
    Removing stm32f10x_rcc.o(i.RCC_ClearFlag), (20 bytes).
    Removing stm32f10x_rcc.o(i.RCC_ClearITPendingBit), (12 bytes).
    Removing stm32f10x_rcc.o(i.RCC_ClockSecuritySystemCmd), (12 bytes).
    Removing stm32f10x_rcc.o(i.RCC_DeInit), (76 bytes).
    Removing stm32f10x_rcc.o(i.RCC_GetFlagStatus), (60 bytes).
    Removing stm32f10x_rcc.o(i.RCC_GetITStatus), (24 bytes).
    Removing stm32f10x_rcc.o(i.RCC_GetSYSCLKSource), (16 bytes).
    Removing stm32f10x_rcc.o(i.RCC_HCLKConfig), (24 bytes).
    Removing stm32f10x_rcc.o(i.RCC_HSEConfig), (76 bytes).
    Removing stm32f10x_rcc.o(i.RCC_HSICmd), (12 bytes).
    Removing stm32f10x_rcc.o(i.RCC_ITConfig), (32 bytes).
    Removing stm32f10x_rcc.o(i.RCC_LSEConfig), (52 bytes).
    Removing stm32f10x_rcc.o(i.RCC_LSICmd), (12 bytes).
    Removing stm32f10x_rcc.o(i.RCC_MCOConfig), (12 bytes).
    Removing stm32f10x_rcc.o(i.RCC_PCLK1Config), (24 bytes).
    Removing stm32f10x_rcc.o(i.RCC_PCLK2Config), (24 bytes).
    Removing stm32f10x_rcc.o(i.RCC_PLLCmd), (12 bytes).
    Removing stm32f10x_rcc.o(i.RCC_PLLConfig), (28 bytes).
    Removing stm32f10x_rcc.o(i.RCC_RTCCLKCmd), (12 bytes).
    Removing stm32f10x_rcc.o(i.RCC_RTCCLKConfig), (16 bytes).
    Removing stm32f10x_rcc.o(i.RCC_SYSCLKConfig), (24 bytes).
    Removing stm32f10x_rcc.o(i.RCC_USBCLKConfig), (12 bytes).
    Removing stm32f10x_rcc.o(i.RCC_WaitForHSEStartUp), (56 bytes).
    Removing stm32f10x_rtc.o(i.RTC_ClearFlag), (16 bytes).
    Removing stm32f10x_rtc.o(i.RTC_ClearITPendingBit), (16 bytes).
    Removing stm32f10x_rtc.o(i.RTC_EnterConfigMode), (20 bytes).
    Removing stm32f10x_rtc.o(i.RTC_ExitConfigMode), (20 bytes).
    Removing stm32f10x_rtc.o(i.RTC_GetCounter), (20 bytes).
    Removing stm32f10x_rtc.o(i.RTC_GetDivider), (24 bytes).
    Removing stm32f10x_rtc.o(i.RTC_GetFlagStatus), (24 bytes).
    Removing stm32f10x_rtc.o(i.RTC_GetITStatus), (36 bytes).
    Removing stm32f10x_rtc.o(i.RTC_ITConfig), (32 bytes).
    Removing stm32f10x_rtc.o(i.RTC_SetAlarm), (28 bytes).
    Removing stm32f10x_rtc.o(i.RTC_SetCounter), (28 bytes).
    Removing stm32f10x_rtc.o(i.RTC_SetPrescaler), (32 bytes).
    Removing stm32f10x_rtc.o(i.RTC_WaitForLastTask), (20 bytes).
    Removing stm32f10x_rtc.o(i.RTC_WaitForSynchro), (36 bytes).
    Removing stm32f10x_sdio.o(i.SDIO_CEATAITCmd), (16 bytes).
    Removing stm32f10x_sdio.o(i.SDIO_CmdStructInit), (14 bytes).
    Removing stm32f10x_sdio.o(i.SDIO_CommandCompletionCmd), (12 bytes).
    Removing stm32f10x_sdio.o(i.SDIO_DataStructInit), (20 bytes).
    Removing stm32f10x_sdio.o(i.SDIO_GetDataCounter), (12 bytes).
    Removing stm32f10x_sdio.o(i.SDIO_GetFIFOCount), (12 bytes).
    Removing stm32f10x_sdio.o(i.SDIO_SendCEATACmd), (12 bytes).
    Removing stm32f10x_sdio.o(i.SDIO_SendSDIOSuspendCmd), (12 bytes).
    Removing stm32f10x_sdio.o(i.SDIO_SetSDIOOperation), (12 bytes).
    Removing stm32f10x_sdio.o(i.SDIO_SetSDIOReadWaitMode), (12 bytes).
    Removing stm32f10x_sdio.o(i.SDIO_StartSDIOReadWait), (12 bytes).
    Removing stm32f10x_sdio.o(i.SDIO_StopSDIOReadWait), (12 bytes).
    Removing stm32f10x_sdio.o(i.SDIO_StructInit), (16 bytes).
    Removing stm32f10x_spi.o(i.I2S_Cmd), (24 bytes).
    Removing stm32f10x_spi.o(i.I2S_Init), (232 bytes).
    Removing stm32f10x_spi.o(i.I2S_StructInit), (20 bytes).
    Removing stm32f10x_spi.o(i.SPI_BiDirectionalLineConfig), (28 bytes).
    Removing stm32f10x_spi.o(i.SPI_CalculateCRC), (24 bytes).
    Removing stm32f10x_spi.o(i.SPI_Cmd), (24 bytes).
    Removing stm32f10x_spi.o(i.SPI_DataSizeConfig), (18 bytes).
    Removing stm32f10x_spi.o(i.SPI_GetCRC), (16 bytes).
    Removing stm32f10x_spi.o(i.SPI_GetCRCPolynomial), (6 bytes).
    Removing stm32f10x_spi.o(i.SPI_I2S_ClearFlag), (6 bytes).
    Removing stm32f10x_spi.o(i.SPI_I2S_ClearITPendingBit), (20 bytes).
    Removing stm32f10x_spi.o(i.SPI_I2S_DMACmd), (18 bytes).
    Removing stm32f10x_spi.o(i.SPI_I2S_DeInit), (88 bytes).
    Removing stm32f10x_spi.o(i.SPI_I2S_GetFlagStatus), (18 bytes).
    Removing stm32f10x_spi.o(i.SPI_I2S_GetITStatus), (52 bytes).
    Removing stm32f10x_spi.o(i.SPI_I2S_ITConfig), (32 bytes).
    Removing stm32f10x_spi.o(i.SPI_I2S_ReceiveData), (6 bytes).
    Removing stm32f10x_spi.o(i.SPI_I2S_SendData), (4 bytes).
    Removing stm32f10x_spi.o(i.SPI_Init), (60 bytes).
    Removing stm32f10x_spi.o(i.SPI_NSSInternalSoftwareConfig), (30 bytes).
    Removing stm32f10x_spi.o(i.SPI_SSOutputCmd), (24 bytes).
    Removing stm32f10x_spi.o(i.SPI_StructInit), (24 bytes).
    Removing stm32f10x_spi.o(i.SPI_TransmitCRC), (10 bytes).
    Removing stm32f10x_tim.o(i.TI1_Config), (128 bytes).
    Removing stm32f10x_tim.o(i.TI2_Config), (152 bytes).
    Removing stm32f10x_tim.o(i.TI3_Config), (144 bytes).
    Removing stm32f10x_tim.o(i.TI4_Config), (152 bytes).
    Removing stm32f10x_tim.o(i.TIM_ARRPreloadConfig), (24 bytes).
    Removing stm32f10x_tim.o(i.TIM_BDTRConfig), (32 bytes).
    Removing stm32f10x_tim.o(i.TIM_BDTRStructInit), (18 bytes).
    Removing stm32f10x_tim.o(i.TIM_CCPreloadControl), (24 bytes).
    Removing stm32f10x_tim.o(i.TIM_CCxCmd), (30 bytes).
    Removing stm32f10x_tim.o(i.TIM_CCxNCmd), (30 bytes).
    Removing stm32f10x_tim.o(i.TIM_ClearFlag), (6 bytes).
    Removing stm32f10x_tim.o(i.TIM_ClearITPendingBit), (6 bytes).
    Removing stm32f10x_tim.o(i.TIM_ClearOC1Ref), (18 bytes).
    Removing stm32f10x_tim.o(i.TIM_ClearOC2Ref), (24 bytes).
    Removing stm32f10x_tim.o(i.TIM_ClearOC3Ref), (18 bytes).
    Removing stm32f10x_tim.o(i.TIM_ClearOC4Ref), (24 bytes).
    Removing stm32f10x_tim.o(i.TIM_Cmd), (24 bytes).
    Removing stm32f10x_tim.o(i.TIM_CounterModeConfig), (18 bytes).
    Removing stm32f10x_tim.o(i.TIM_CtrlPWMOutputs), (30 bytes).
    Removing stm32f10x_tim.o(i.TIM_DMACmd), (18 bytes).
    Removing stm32f10x_tim.o(i.TIM_DMAConfig), (10 bytes).
    Removing stm32f10x_tim.o(i.TIM_DeInit), (488 bytes).
    Removing stm32f10x_tim.o(i.TIM_ETRClockMode1Config), (54 bytes).
    Removing stm32f10x_tim.o(i.TIM_ETRClockMode2Config), (32 bytes).
    Removing stm32f10x_tim.o(i.TIM_ETRConfig), (28 bytes).
    Removing stm32f10x_tim.o(i.TIM_EncoderInterfaceConfig), (66 bytes).
    Removing stm32f10x_tim.o(i.TIM_ForcedOC1Config), (18 bytes).
    Removing stm32f10x_tim.o(i.TIM_ForcedOC2Config), (26 bytes).
    Removing stm32f10x_tim.o(i.TIM_ForcedOC3Config), (18 bytes).
    Removing stm32f10x_tim.o(i.TIM_ForcedOC4Config), (26 bytes).
    Removing stm32f10x_tim.o(i.TIM_GenerateEvent), (4 bytes).
    Removing stm32f10x_tim.o(i.TIM_GetCapture1), (6 bytes).
    Removing stm32f10x_tim.o(i.TIM_GetCapture2), (6 bytes).
    Removing stm32f10x_tim.o(i.TIM_GetCapture3), (6 bytes).
    Removing stm32f10x_tim.o(i.TIM_GetCapture4), (8 bytes).
    Removing stm32f10x_tim.o(i.TIM_GetCounter), (6 bytes).
    Removing stm32f10x_tim.o(i.TIM_GetFlagStatus), (18 bytes).
    Removing stm32f10x_tim.o(i.TIM_GetITStatus), (34 bytes).
    Removing stm32f10x_tim.o(i.TIM_GetPrescaler), (6 bytes).
    Removing stm32f10x_tim.o(i.TIM_ICInit), (172 bytes).
    Removing stm32f10x_tim.o(i.TIM_ICStructInit), (18 bytes).
    Removing stm32f10x_tim.o(i.TIM_ITConfig), (18 bytes).
    Removing stm32f10x_tim.o(i.TIM_ITRxExternalClockConfig), (24 bytes).
    Removing stm32f10x_tim.o(i.TIM_InternalClockConfig), (12 bytes).
    Removing stm32f10x_tim.o(i.TIM_OC1FastConfig), (18 bytes).
    Removing stm32f10x_tim.o(i.TIM_OC1Init), (152 bytes).
    Removing stm32f10x_tim.o(i.TIM_OC1NPolarityConfig), (18 bytes).
    Removing stm32f10x_tim.o(i.TIM_OC1PolarityConfig), (18 bytes).
    Removing stm32f10x_tim.o(i.TIM_OC1PreloadConfig), (18 bytes).
    Removing stm32f10x_tim.o(i.TIM_OC2FastConfig), (26 bytes).
    Removing stm32f10x_tim.o(i.TIM_OC2Init), (164 bytes).
    Removing stm32f10x_tim.o(i.TIM_OC2NPolarityConfig), (26 bytes).
    Removing stm32f10x_tim.o(i.TIM_OC2PolarityConfig), (26 bytes).
    Removing stm32f10x_tim.o(i.TIM_OC2PreloadConfig), (26 bytes).
    Removing stm32f10x_tim.o(i.TIM_OC3FastConfig), (18 bytes).
    Removing stm32f10x_tim.o(i.TIM_OC3Init), (160 bytes).
    Removing stm32f10x_tim.o(i.TIM_OC3NPolarityConfig), (26 bytes).
    Removing stm32f10x_tim.o(i.TIM_OC3PolarityConfig), (26 bytes).
    Removing stm32f10x_tim.o(i.TIM_OC3PreloadConfig), (18 bytes).
    Removing stm32f10x_tim.o(i.TIM_OC4FastConfig), (26 bytes).
    Removing stm32f10x_tim.o(i.TIM_OC4Init), (124 bytes).
    Removing stm32f10x_tim.o(i.TIM_OC4PolarityConfig), (26 bytes).
    Removing stm32f10x_tim.o(i.TIM_OC4PreloadConfig), (26 bytes).
    Removing stm32f10x_tim.o(i.TIM_OCStructInit), (20 bytes).
    Removing stm32f10x_tim.o(i.TIM_PWMIConfig), (124 bytes).
    Removing stm32f10x_tim.o(i.TIM_PrescalerConfig), (6 bytes).
    Removing stm32f10x_tim.o(i.TIM_SelectCCDMA), (24 bytes).
    Removing stm32f10x_tim.o(i.TIM_SelectCOM), (24 bytes).
    Removing stm32f10x_tim.o(i.TIM_SelectHallSensor), (24 bytes).
    Removing stm32f10x_tim.o(i.TIM_SelectInputTrigger), (18 bytes).
    Removing stm32f10x_tim.o(i.TIM_SelectMasterSlaveMode), (18 bytes).
    Removing stm32f10x_tim.o(i.TIM_SelectOCxM), (82 bytes).
    Removing stm32f10x_tim.o(i.TIM_SelectOnePulseMode), (18 bytes).
    Removing stm32f10x_tim.o(i.TIM_SelectOutputTrigger), (18 bytes).
    Removing stm32f10x_tim.o(i.TIM_SelectSlaveMode), (18 bytes).
    Removing stm32f10x_tim.o(i.TIM_SetAutoreload), (4 bytes).
    Removing stm32f10x_tim.o(i.TIM_SetClockDivision), (18 bytes).
    Removing stm32f10x_tim.o(i.TIM_SetCompare1), (4 bytes).
    Removing stm32f10x_tim.o(i.TIM_SetCompare2), (4 bytes).
    Removing stm32f10x_tim.o(i.TIM_SetCompare3), (4 bytes).
    Removing stm32f10x_tim.o(i.TIM_SetCompare4), (6 bytes).
    Removing stm32f10x_tim.o(i.TIM_SetCounter), (4 bytes).
    Removing stm32f10x_tim.o(i.TIM_SetIC1Prescaler), (18 bytes).
    Removing stm32f10x_tim.o(i.TIM_SetIC2Prescaler), (26 bytes).
    Removing stm32f10x_tim.o(i.TIM_SetIC3Prescaler), (18 bytes).
    Removing stm32f10x_tim.o(i.TIM_SetIC4Prescaler), (26 bytes).
    Removing stm32f10x_tim.o(i.TIM_TIxExternalClockConfig), (62 bytes).
    Removing stm32f10x_tim.o(i.TIM_TimeBaseInit), (164 bytes).
    Removing stm32f10x_tim.o(i.TIM_TimeBaseStructInit), (18 bytes).
    Removing stm32f10x_tim.o(i.TIM_UpdateDisableConfig), (24 bytes).
    Removing stm32f10x_tim.o(i.TIM_UpdateRequestConfig), (24 bytes).
    Removing stm32f10x_usart.o(i.USART_ClearFlag), (18 bytes).
    Removing stm32f10x_usart.o(i.USART_ClearITPendingBit), (30 bytes).
    Removing stm32f10x_usart.o(i.USART_ClockInit), (34 bytes).
    Removing stm32f10x_usart.o(i.USART_ClockStructInit), (12 bytes).
    Removing stm32f10x_usart.o(i.USART_DMACmd), (18 bytes).
    Removing stm32f10x_usart.o(i.USART_DeInit), (156 bytes).
    Removing stm32f10x_usart.o(i.USART_GetITStatus), (84 bytes).
    Removing stm32f10x_usart.o(i.USART_HalfDuplexCmd), (24 bytes).
    Removing stm32f10x_usart.o(i.USART_IrDACmd), (24 bytes).
    Removing stm32f10x_usart.o(i.USART_IrDAConfig), (18 bytes).
    Removing stm32f10x_usart.o(i.USART_LINBreakDetectLengthConfig), (18 bytes).
    Removing stm32f10x_usart.o(i.USART_LINCmd), (24 bytes).
    Removing stm32f10x_usart.o(i.USART_OneBitMethodCmd), (24 bytes).
    Removing stm32f10x_usart.o(i.USART_OverSampling8Cmd), (22 bytes).
    Removing stm32f10x_usart.o(i.USART_ReceiveData), (10 bytes).
    Removing stm32f10x_usart.o(i.USART_ReceiverWakeUpCmd), (24 bytes).
    Removing stm32f10x_usart.o(i.USART_SendBreak), (10 bytes).
    Removing stm32f10x_usart.o(i.USART_SetAddress), (18 bytes).
    Removing stm32f10x_usart.o(i.USART_SetGuardTime), (16 bytes).
    Removing stm32f10x_usart.o(i.USART_SetPrescaler), (16 bytes).
    Removing stm32f10x_usart.o(i.USART_SmartCardCmd), (24 bytes).
    Removing stm32f10x_usart.o(i.USART_SmartCardNACKCmd), (24 bytes).
    Removing stm32f10x_usart.o(i.USART_StructInit), (24 bytes).
    Removing stm32f10x_usart.o(i.USART_WakeUpConfig), (18 bytes).
    Removing stm32f10x_wwdg.o(i.WWDG_ClearFlag), (12 bytes).
    Removing stm32f10x_wwdg.o(i.WWDG_DeInit), (22 bytes).
    Removing stm32f10x_wwdg.o(i.WWDG_Enable), (16 bytes).
    Removing stm32f10x_wwdg.o(i.WWDG_EnableIT), (12 bytes).
    Removing stm32f10x_wwdg.o(i.WWDG_GetFlagStatus), (12 bytes).
    Removing stm32f10x_wwdg.o(i.WWDG_SetCounter), (16 bytes).
    Removing stm32f10x_wwdg.o(i.WWDG_SetPrescaler), (24 bytes).
    Removing stm32f10x_wwdg.o(i.WWDG_SetWindowValue), (40 bytes).
    Removing dadd.o(.text), (334 bytes).
    Removing dmul.o(.text), (228 bytes).
    Removing ddiv.o(.text), (222 bytes).
    Removing dfixul.o(.text), (48 bytes).
    Removing cdrcmple.o(.text), (48 bytes).
    Removing depilogue.o(.text), (186 bytes).

486 unused section(s) (total 26792 bytes) removed from the image.

==============================================================================

Image Symbol Table

    Local Symbols

    Symbol Name                              Value     Ov Type        Size  Object(Section)

    ../clib/../cmprslib/zerorunl.c           0x00000000   Number         0  __dczerorl.o ABSOLUTE
    ../clib/microlib/division.c              0x00000000   Number         0  uldiv.o ABSOLUTE
    ../clib/microlib/division.c              0x00000000   Number         0  uidiv.o ABSOLUTE
    ../clib/microlib/init/entry.s            0x00000000   Number         0  entry8a.o ABSOLUTE
    ../clib/microlib/init/entry.s            0x00000000   Number         0  entry11a.o ABSOLUTE
    ../clib/microlib/init/entry.s            0x00000000   Number         0  entry2.o ABSOLUTE
    ../clib/microlib/init/entry.s            0x00000000   Number         0  entry5.o ABSOLUTE
    ../clib/microlib/init/entry.s            0x00000000   Number         0  entry9a.o ABSOLUTE
    ../clib/microlib/init/entry.s            0x00000000   Number         0  entry9b.o ABSOLUTE
    ../clib/microlib/init/entry.s            0x00000000   Number         0  entry7a.o ABSOLUTE
    ../clib/microlib/init/entry.s            0x00000000   Number         0  entry11b.o ABSOLUTE
    ../clib/microlib/init/entry.s            0x00000000   Number         0  entry10a.o ABSOLUTE
    ../clib/microlib/init/entry.s            0x00000000   Number         0  entry8b.o ABSOLUTE
    ../clib/microlib/init/entry.s            0x00000000   Number         0  entry7b.o ABSOLUTE
    ../clib/microlib/init/entry.s            0x00000000   Number         0  entry.o ABSOLUTE
    ../clib/microlib/init/entry.s            0x00000000   Number         0  entry10b.o ABSOLUTE
    ../clib/microlib/longlong.c              0x00000000   Number         0  llsshr.o ABSOLUTE
    ../clib/microlib/longlong.c              0x00000000   Number         0  llushr.o ABSOLUTE
    ../clib/microlib/longlong.c              0x00000000   Number         0  llshl.o ABSOLUTE
    ../clib/microlib/printf/printf.c         0x00000000   Number         0  printf6.o ABSOLUTE
    ../clib/microlib/printf/printf.c         0x00000000   Number         0  printf7.o ABSOLUTE
    ../clib/microlib/printf/printf.c         0x00000000   Number         0  printfb.o ABSOLUTE
    ../clib/microlib/printf/printf.c         0x00000000   Number         0  printf0.o ABSOLUTE
    ../clib/microlib/printf/printf.c         0x00000000   Number         0  printf1.o ABSOLUTE
    ../clib/microlib/printf/printf.c         0x00000000   Number         0  printf8.o ABSOLUTE
    ../clib/microlib/printf/printf.c         0x00000000   Number         0  printf2.o ABSOLUTE
    ../clib/microlib/printf/printf.c         0x00000000   Number         0  printf3.o ABSOLUTE
    ../clib/microlib/printf/printf.c         0x00000000   Number         0  printf4.o ABSOLUTE
    ../clib/microlib/printf/printf.c         0x00000000   Number         0  printf5.o ABSOLUTE
    ../clib/microlib/printf/printf.c         0x00000000   Number         0  printfa.o ABSOLUTE
    ../clib/microlib/printf/stubs.s          0x00000000   Number         0  stubs.o ABSOLUTE
    ../clib/microlib/stdio/streams.c         0x00000000   Number         0  stdout.o ABSOLUTE
    ../clib/microlib/string/strlen.c         0x00000000   Number         0  strlen.o ABSOLUTE
    ../clib/microlib/stubs.s                 0x00000000   Number         0  iusefp.o ABSOLUTE
    ../fplib/microlib/fpadd.c                0x00000000   Number         0  dadd.o ABSOLUTE
    ../fplib/microlib/fpdiv.c                0x00000000   Number         0  ddiv.o ABSOLUTE
    ../fplib/microlib/fpepilogue.c           0x00000000   Number         0  depilogue.o ABSOLUTE
    ../fplib/microlib/fpfix.c                0x00000000   Number         0  dfixul.o ABSOLUTE
    ../fplib/microlib/fpmul.c                0x00000000   Number         0  dmul.o ABSOLUTE
    ..\..\..\Libraries\CMSIS\CM3\CoreSupport\core_cm3.c 0x00000000   Number         0  core_cm3.o ABSOLUTE
    ..\..\..\Libraries\CMSIS\CM3\DeviceSupport\ST\STM32F10x\startup\arm\startup_stm32f10x_hd.s 0x00000000   Number         0  startup_stm32f10x_hd.o ABSOLUTE
    ..\..\..\Libraries\CMSIS\CM3\DeviceSupport\ST\STM32F10x\system_stm32f10x.c 0x00000000   Number         0  system_stm32f10x.o ABSOLUTE
    ..\..\..\Libraries\EK\config.c           0x00000000   Number         0  config.o ABSOLUTE
    ..\..\..\Libraries\EK\sd.c               0x00000000   Number         0  sd.o ABSOLUTE
    ..\..\..\Libraries\EK\usart.c            0x00000000   Number         0  usart.o ABSOLUTE
    ..\..\..\Libraries\FATFS\src\diskio.c    0x00000000   Number         0  diskio.o ABSOLUTE
    ..\..\..\Libraries\FATFS\src\ff.c        0x00000000   Number         0  ff.o ABSOLUTE
    ..\..\..\Libraries\SD_Card\sdio_sd.c     0x00000000   Number         0  sdio_sd.o ABSOLUTE
    ..\..\..\Libraries\STM32F10x_StdPeriph_Driver\src\misc.c 0x00000000   Number         0  misc.o ABSOLUTE
    ..\..\..\Libraries\STM32F10x_StdPeriph_Driver\src\stm32f10x_adc.c 0x00000000   Number         0  stm32f10x_adc.o ABSOLUTE
    ..\..\..\Libraries\STM32F10x_StdPeriph_Driver\src\stm32f10x_bkp.c 0x00000000   Number         0  stm32f10x_bkp.o ABSOLUTE
    ..\..\..\Libraries\STM32F10x_StdPeriph_Driver\src\stm32f10x_can.c 0x00000000   Number         0  stm32f10x_can.o ABSOLUTE
    ..\..\..\Libraries\STM32F10x_StdPeriph_Driver\src\stm32f10x_cec.c 0x00000000   Number         0  stm32f10x_cec.o ABSOLUTE
    ..\..\..\Libraries\STM32F10x_StdPeriph_Driver\src\stm32f10x_crc.c 0x00000000   Number         0  stm32f10x_crc.o ABSOLUTE
    ..\..\..\Libraries\STM32F10x_StdPeriph_Driver\src\stm32f10x_dac.c 0x00000000   Number         0  stm32f10x_dac.o ABSOLUTE
    ..\..\..\Libraries\STM32F10x_StdPeriph_Driver\src\stm32f10x_dbgmcu.c 0x00000000   Number         0  stm32f10x_dbgmcu.o ABSOLUTE
    ..\..\..\Libraries\STM32F10x_StdPeriph_Driver\src\stm32f10x_dma.c 0x00000000   Number         0  stm32f10x_dma.o ABSOLUTE
    ..\..\..\Libraries\STM32F10x_StdPeriph_Driver\src\stm32f10x_exti.c 0x00000000   Number         0  stm32f10x_exti.o ABSOLUTE
    ..\..\..\Libraries\STM32F10x_StdPeriph_Driver\src\stm32f10x_flash.c 0x00000000   Number         0  stm32f10x_flash.o ABSOLUTE
    ..\..\..\Libraries\STM32F10x_StdPeriph_Driver\src\stm32f10x_fsmc.c 0x00000000   Number         0  stm32f10x_fsmc.o ABSOLUTE
    ..\..\..\Libraries\STM32F10x_StdPeriph_Driver\src\stm32f10x_gpio.c 0x00000000   Number         0  stm32f10x_gpio.o ABSOLUTE
    ..\..\..\Libraries\STM32F10x_StdPeriph_Driver\src\stm32f10x_i2c.c 0x00000000   Number         0  stm32f10x_i2c.o ABSOLUTE
    ..\..\..\Libraries\STM32F10x_StdPeriph_Driver\src\stm32f10x_iwdg.c 0x00000000   Number         0  stm32f10x_iwdg.o ABSOLUTE
    ..\..\..\Libraries\STM32F10x_StdPeriph_Driver\src\stm32f10x_pwr.c 0x00000000   Number         0  stm32f10x_pwr.o ABSOLUTE
    ..\..\..\Libraries\STM32F10x_StdPeriph_Driver\src\stm32f10x_rcc.c 0x00000000   Number         0  stm32f10x_rcc.o ABSOLUTE
    ..\..\..\Libraries\STM32F10x_StdPeriph_Driver\src\stm32f10x_rtc.c 0x00000000   Number         0  stm32f10x_rtc.o ABSOLUTE
    ..\..\..\Libraries\STM32F10x_StdPeriph_Driver\src\stm32f10x_sdio.c 0x00000000   Number         0  stm32f10x_sdio.o ABSOLUTE
    ..\..\..\Libraries\STM32F10x_StdPeriph_Driver\src\stm32f10x_spi.c 0x00000000   Number         0  stm32f10x_spi.o ABSOLUTE
    ..\..\..\Libraries\STM32F10x_StdPeriph_Driver\src\stm32f10x_tim.c 0x00000000   Number         0  stm32f10x_tim.o ABSOLUTE
    ..\..\..\Libraries\STM32F10x_StdPeriph_Driver\src\stm32f10x_usart.c 0x00000000   Number         0  stm32f10x_usart.o ABSOLUTE
    ..\..\..\Libraries\STM32F10x_StdPeriph_Driver\src\stm32f10x_wwdg.c 0x00000000   Number         0  stm32f10x_wwdg.o ABSOLUTE
    ..\USER\main.c                           0x00000000   Number         0  main.o ABSOLUTE
    ..\USER\stm32f10x_it.c                   0x00000000   Number         0  stm32f10x_it.o ABSOLUTE
    ..\\..\\..\\Libraries\\CMSIS\\CM3\\CoreSupport\\core_cm3.c 0x00000000   Number         0  core_cm3.o ABSOLUTE
    cdrcmple.s                               0x00000000   Number         0  cdrcmple.o ABSOLUTE
    dc.s                                     0x00000000   Number         0  dc.o ABSOLUTE
    handlers.s                               0x00000000   Number         0  handlers.o ABSOLUTE
    init.s                                   0x00000000   Number         0  init.o ABSOLUTE
    RESET                                    0x08000000   Section      304  startup_stm32f10x_hd.o(RESET)
    .ARM.Collect$$$$00000000                 0x08000130   Section        0  entry.o(.ARM.Collect$$$$00000000)
    .ARM.Collect$$$$00000001                 0x08000130   Section        4  entry2.o(.ARM.Collect$$$$00000001)
    .ARM.Collect$$$$00000004                 0x08000134   Section        4  entry5.o(.ARM.Collect$$$$00000004)
    .ARM.Collect$$$$00000008                 0x08000138   Section        0  entry7b.o(.ARM.Collect$$$$00000008)
    .ARM.Collect$$$$0000000A                 0x08000138   Section        0  entry8b.o(.ARM.Collect$$$$0000000A)
    .ARM.Collect$$$$0000000B                 0x08000138   Section        8  entry9a.o(.ARM.Collect$$$$0000000B)
    .ARM.Collect$$$$0000000D                 0x08000140   Section        0  entry10a.o(.ARM.Collect$$$$0000000D)
    .ARM.Collect$$$$0000000F                 0x08000140   Section        0  entry11a.o(.ARM.Collect$$$$0000000F)
    .ARM.Collect$$$$00002712                 0x08000140   Section        4  entry2.o(.ARM.Collect$$$$00002712)
    __lit__00000000                          0x08000140   Data           4  entry2.o(.ARM.Collect$$$$00002712)
    .text                                    0x08000144   Section       36  startup_stm32f10x_hd.o(.text)
    .text                                    0x08000168   Section        0  strlen.o(.text)
    .text                                    0x08000176   Section        0  uldiv.o(.text)
    .text                                    0x080001d8   Section       36  init.o(.text)
    .text                                    0x080001fc   Section        0  llshl.o(.text)
    .text                                    0x0800021a   Section        0  llushr.o(.text)
    .text                                    0x0800023a   Section        0  __dczerorl.o(.text)
    i.BusFault_Handler                       0x08000274   Section        0  stm32f10x_it.o(i.BusFault_Handler)
    i.CmdError                               0x08000278   Section        0  sdio_sd.o(i.CmdError)
    CmdError                                 0x08000279   Thumb Code    44  sdio_sd.o(i.CmdError)
    i.CmdResp1Error                          0x080002a4   Section        0  sdio_sd.o(i.CmdResp1Error)
    CmdResp1Error                            0x080002a5   Thumb Code   298  sdio_sd.o(i.CmdResp1Error)
    i.CmdResp2Error                          0x080003d8   Section        0  sdio_sd.o(i.CmdResp2Error)
    CmdResp2Error                            0x080003d9   Thumb Code    70  sdio_sd.o(i.CmdResp2Error)
    i.CmdResp3Error                          0x08000424   Section        0  sdio_sd.o(i.CmdResp3Error)
    CmdResp3Error                            0x08000425   Thumb Code    52  sdio_sd.o(i.CmdResp3Error)
    i.CmdResp6Error                          0x0800045c   Section        0  sdio_sd.o(i.CmdResp6Error)
    CmdResp6Error                            0x0800045d   Thumb Code   152  sdio_sd.o(i.CmdResp6Error)
    i.CmdResp7Error                          0x080004f8   Section        0  sdio_sd.o(i.CmdResp7Error)
    CmdResp7Error                            0x080004f9   Thumb Code    72  sdio_sd.o(i.CmdResp7Error)
    i.DMA_ClearFlag                          0x08000544   Section        0  stm32f10x_dma.o(i.DMA_ClearFlag)
    i.DMA_Cmd                                0x08000560   Section        0  stm32f10x_dma.o(i.DMA_Cmd)
    i.DMA_GetFlagStatus                      0x08000578   Section        0  stm32f10x_dma.o(i.DMA_GetFlagStatus)
    i.DMA_Init                               0x080005a4   Section        0  stm32f10x_dma.o(i.DMA_Init)
    i.DebugMon_Handler                       0x080005e0   Section        0  stm32f10x_it.o(i.DebugMon_Handler)
    i.FindSCR                                0x080005e4   Section        0  sdio_sd.o(i.FindSCR)
    FindSCR                                  0x080005e5   Thumb Code   390  sdio_sd.o(i.FindSCR)
    i.GPIO_Config                            0x08000780   Section        0  config.o(i.GPIO_Config)
    i.GPIO_Config_Detailed                   0x08000796   Section        0  config.o(i.GPIO_Config_Detailed)
    i.GPIO_Init                              0x080007b6   Section        0  stm32f10x_gpio.o(i.GPIO_Init)
    i.GPIO_ReadInputDataBit                  0x080008cc   Section        0  stm32f10x_gpio.o(i.GPIO_ReadInputDataBit)
    i.HardFault_Handler                      0x080008de   Section        0  stm32f10x_it.o(i.HardFault_Handler)
    i.IsCardProgramming                      0x080008e4   Section        0  sdio_sd.o(i.IsCardProgramming)
    IsCardProgramming                        0x080008e5   Thumb Code   396  sdio_sd.o(i.IsCardProgramming)
    i.MemManage_Handler                      0x08000a80   Section        0  stm32f10x_it.o(i.MemManage_Handler)
    i.NMI_Handler                            0x08000a84   Section        0  stm32f10x_it.o(i.NMI_Handler)
    i.NVIC_Config_Detailed                   0x08000a86   Section        0  config.o(i.NVIC_Config_Detailed)
    i.NVIC_Init                              0x08000aa8   Section        0  misc.o(i.NVIC_Init)
    i.NVIC_PriorityGroupConfig               0x08000b18   Section        0  misc.o(i.NVIC_PriorityGroupConfig)
    i.PendSV_Handler                         0x08000b2c   Section        0  stm32f10x_it.o(i.PendSV_Handler)
    i.RCC_AHBPeriphClockCmd                  0x08000b30   Section        0  stm32f10x_rcc.o(i.RCC_AHBPeriphClockCmd)
    i.RCC_APB2PeriphClockCmd                 0x08000b50   Section        0  stm32f10x_rcc.o(i.RCC_APB2PeriphClockCmd)
    i.RCC_GetClocksFreq                      0x08000b70   Section        0  stm32f10x_rcc.o(i.RCC_GetClocksFreq)
    i.SDEnWideBus                            0x08000c44   Section        0  sdio_sd.o(i.SDEnWideBus)
    SDEnWideBus                              0x08000c45   Thumb Code   284  sdio_sd.o(i.SDEnWideBus)
    i.SDIO_ClearFlag                         0x08000d68   Section        0  stm32f10x_sdio.o(i.SDIO_ClearFlag)
    i.SDIO_ClearITPendingBit                 0x08000d74   Section        0  stm32f10x_sdio.o(i.SDIO_ClearITPendingBit)
    i.SDIO_ClockCmd                          0x08000d80   Section        0  stm32f10x_sdio.o(i.SDIO_ClockCmd)
    i.SDIO_DMACmd                            0x08000d8c   Section        0  stm32f10x_sdio.o(i.SDIO_DMACmd)
    i.SDIO_DataConfig                        0x08000d98   Section        0  stm32f10x_sdio.o(i.SDIO_DataConfig)
    i.SDIO_DeInit                            0x08000dc8   Section        0  stm32f10x_sdio.o(i.SDIO_DeInit)
    i.SDIO_GetCommandResponse                0x08000dec   Section        0  stm32f10x_sdio.o(i.SDIO_GetCommandResponse)
    i.SDIO_GetFlagStatus                     0x08000df8   Section        0  stm32f10x_sdio.o(i.SDIO_GetFlagStatus)
    i.SDIO_GetITStatus                       0x08000e10   Section        0  stm32f10x_sdio.o(i.SDIO_GetITStatus)
    i.SDIO_GetPowerState                     0x08000e28   Section        0  stm32f10x_sdio.o(i.SDIO_GetPowerState)
    i.SDIO_GetResponse                       0x08000e38   Section        0  stm32f10x_sdio.o(i.SDIO_GetResponse)
    i.SDIO_IRQHandler                        0x08000e50   Section        0  sd.o(i.SDIO_IRQHandler)
    i.SDIO_ITConfig                          0x08000e58   Section        0  stm32f10x_sdio.o(i.SDIO_ITConfig)
    i.SDIO_Init                              0x08000e78   Section        0  stm32f10x_sdio.o(i.SDIO_Init)
    i.SDIO_ReadData                          0x08000ea8   Section        0  stm32f10x_sdio.o(i.SDIO_ReadData)
    i.SDIO_SendCommand                       0x08000eb4   Section        0  stm32f10x_sdio.o(i.SDIO_SendCommand)
    i.SDIO_SetPowerState                     0x08000ee0   Section        0  stm32f10x_sdio.o(i.SDIO_SetPowerState)
    i.SDIO_WriteData                         0x08000efc   Section        0  stm32f10x_sdio.o(i.SDIO_WriteData)
    i.SD_AssertResult                        0x08000f08   Section        0  sd.o(i.SD_AssertResult)
    i.SD_Config                              0x08000f6c   Section        0  sd.o(i.SD_Config)
    i.SD_DMAEndOfTransferStatus              0x08001068   Section        0  sdio_sd.o(i.SD_DMAEndOfTransferStatus)
    i.SD_Detect                              0x08001078   Section        0  sdio_sd.o(i.SD_Detect)
    i.SD_EnableWideBusOperation              0x08001098   Section        0  sdio_sd.o(i.SD_EnableWideBusOperation)
    i.SD_GetCardInfo                         0x08001130   Section        0  sdio_sd.o(i.SD_GetCardInfo)
    i.SD_GetSize                             0x080013fc   Section        0  sd.o(i.SD_GetSize)
    i.SD_Init                                0x0800145c   Section        0  sdio_sd.o(i.SD_Init)
    i.SD_InitializeCards                     0x080014e0   Section        0  sdio_sd.o(i.SD_InitializeCards)
    i.SD_ListFiles                           0x08001620   Section        0  sd.o(i.SD_ListFiles)
    i.SD_LowLevel_DMA_RxConfig               0x08001740   Section        0  sdio_sd.o(i.SD_LowLevel_DMA_RxConfig)
    i.SD_LowLevel_DMA_TxConfig               0x080017a4   Section        0  sdio_sd.o(i.SD_LowLevel_DMA_TxConfig)
    i.SD_LowLevel_Init                       0x08001808   Section        0  sdio_sd.o(i.SD_LowLevel_Init)
    i.SD_PowerON                             0x0800186c   Section        0  sdio_sd.o(i.SD_PowerON)
    i.SD_PrintSize                           0x080019fc   Section        0  sd.o(i.SD_PrintSize)
    i.SD_ProcessIRQSrc                       0x08001a3c   Section        0  sdio_sd.o(i.SD_ProcessIRQSrc)
    i.SD_ReadBlock                           0x08001c84   Section        0  sdio_sd.o(i.SD_ReadBlock)
    i.SD_ReadMultiBlocks                     0x08001f00   Section        0  sdio_sd.o(i.SD_ReadMultiBlocks)
    i.SD_SelectDeselect                      0x080021f4   Section        0  sdio_sd.o(i.SD_SelectDeselect)
    i.SD_SetDeviceMode                       0x08002228   Section        0  sdio_sd.o(i.SD_SetDeviceMode)
    i.SD_StopTransfer                        0x08002244   Section        0  sdio_sd.o(i.SD_StopTransfer)
    i.SD_WriteBlock                          0x08002278   Section        0  sdio_sd.o(i.SD_WriteBlock)
    i.SD_WriteMultiBlocks                    0x080025e4   Section        0  sdio_sd.o(i.SD_WriteMultiBlocks)
    i.SVC_Handler                            0x080029f4   Section        0  stm32f10x_it.o(i.SVC_Handler)
    i.SetSysClock                            0x080029f6   Section        0  system_stm32f10x.o(i.SetSysClock)
    SetSysClock                              0x080029f7   Thumb Code     8  system_stm32f10x.o(i.SetSysClock)
    i.SetSysClockTo72                        0x08002a00   Section        0  system_stm32f10x.o(i.SetSysClockTo72)
    SetSysClockTo72                          0x08002a01   Thumb Code   214  system_stm32f10x.o(i.SetSysClockTo72)
    i.SysTick_Handler                        0x08002ae0   Section        0  stm32f10x_it.o(i.SysTick_Handler)
    i.SystemInit                             0x08002ae4   Section        0  system_stm32f10x.o(i.SystemInit)
    i.USART_Cmd                              0x08002b44   Section        0  stm32f10x_usart.o(i.USART_Cmd)
    i.USART_Config                           0x08002b5c   Section        0  usart.o(i.USART_Config)
    i.USART_Config_Detailed                  0x08002b7c   Section        0  usart.o(i.USART_Config_Detailed)
    i.USART_GetFlagStatus                    0x08002bf8   Section        0  stm32f10x_usart.o(i.USART_GetFlagStatus)
    i.USART_ITConfig                         0x08002c12   Section        0  stm32f10x_usart.o(i.USART_ITConfig)
    i.USART_Init                             0x08002c5c   Section        0  stm32f10x_usart.o(i.USART_Init)
    i.USART_SendData                         0x08002d34   Section        0  stm32f10x_usart.o(i.USART_SendData)
    i.UsageFault_Handler                     0x08002d3c   Section        0  stm32f10x_it.o(i.UsageFault_Handler)
    i.__0printf$4                            0x08002d40   Section        0  printf4.o(i.__0printf$4)
    i.__0sprintf$4                           0x08002d60   Section        0  printf4.o(i.__0sprintf$4)
    i.__scatterload_copy                     0x08002d88   Section       14  handlers.o(i.__scatterload_copy)
    i.__scatterload_null                     0x08002d96   Section        2  handlers.o(i.__scatterload_null)
    i.__scatterload_zeroinit                 0x08002d98   Section       14  handlers.o(i.__scatterload_zeroinit)
    i._printf_core                           0x08002da8   Section        0  printf4.o(i._printf_core)
    _printf_core                             0x08002da9   Thumb Code   552  printf4.o(i._printf_core)
    i._sputc                                 0x08002fd4   Section        0  printf4.o(i._sputc)
    _sputc                                   0x08002fd5   Thumb Code    10  printf4.o(i._sputc)
    i.check_fs                               0x08002fe0   Section        0  ff.o(i.check_fs)
    check_fs                                 0x08002fe1   Thumb Code   138  ff.o(i.check_fs)
    i.chk_chr                                0x08003070   Section        0  ff.o(i.chk_chr)
    chk_chr                                  0x08003071   Thumb Code    20  ff.o(i.chk_chr)
    i.chk_mounted                            0x08003084   Section        0  ff.o(i.chk_mounted)
    chk_mounted                              0x08003085   Thumb Code   864  ff.o(i.chk_mounted)
    i.clust2sect                             0x080033f4   Section        0  ff.o(i.clust2sect)
    i.cmp_lfn                                0x08003410   Section        0  ff.o(i.cmp_lfn)
    cmp_lfn                                  0x08003411   Thumb Code   138  ff.o(i.cmp_lfn)
    i.convert_from_bytes_to_power_of_two     0x080034a0   Section        0  sdio_sd.o(i.convert_from_bytes_to_power_of_two)
    convert_from_bytes_to_power_of_two       0x080034a1   Thumb Code    18  sdio_sd.o(i.convert_from_bytes_to_power_of_two)
    i.create_chain                           0x080034b2   Section        0  ff.o(i.create_chain)
    create_chain                             0x080034b3   Thumb Code   202  ff.o(i.create_chain)
    i.create_name                            0x0800357c   Section        0  ff.o(i.create_name)
    create_name                              0x0800357d   Thumb Code   512  ff.o(i.create_name)
    i.dir_find                               0x08003794   Section        0  ff.o(i.dir_find)
    dir_find                                 0x08003795   Thumb Code   222  ff.o(i.dir_find)
    i.dir_next                               0x08003872   Section        0  ff.o(i.dir_next)
    dir_next                                 0x08003873   Thumb Code   278  ff.o(i.dir_next)
    i.dir_read                               0x08003988   Section        0  ff.o(i.dir_read)
    dir_read                                 0x08003989   Thumb Code   190  ff.o(i.dir_read)
    i.dir_sdi                                0x08003a46   Section        0  ff.o(i.dir_sdi)
    dir_sdi                                  0x08003a47   Thumb Code   156  ff.o(i.dir_sdi)
    i.disk_initialize                        0x08003ae2   Section        0  diskio.o(i.disk_initialize)
    i.disk_read                              0x08003b10   Section        0  diskio.o(i.disk_read)
    i.disk_status                            0x08003b78   Section        0  diskio.o(i.disk_status)
    i.disk_write                             0x08003b9c   Section        0  diskio.o(i.disk_write)
    i.f_getfree                              0x08003c00   Section        0  ff.o(i.f_getfree)
    i.f_mount                                0x08003d14   Section        0  ff.o(i.f_mount)
    i.f_opendir                              0x08003d40   Section        0  ff.o(i.f_opendir)
    i.f_readdir                              0x08003db8   Section        0  ff.o(i.f_readdir)
    i.ff_convert                             0x08003e18   Section        0  sd.o(i.ff_convert)
    i.ff_wtoupper                            0x08003e26   Section        0  sd.o(i.ff_wtoupper)
    i.follow_path                            0x08003e40   Section        0  ff.o(i.follow_path)
    follow_path                              0x08003e41   Thumb Code   158  ff.o(i.follow_path)
    i.fputc                                  0x08003ee0   Section        0  usart.o(i.fputc)
    i.get_fat                                0x08003f04   Section        0  ff.o(i.get_fat)
    i.get_fileinfo                           0x08003fe8   Section        0  ff.o(i.get_fileinfo)
    get_fileinfo                             0x08003fe9   Thumb Code   296  ff.o(i.get_fileinfo)
    i.main                                   0x08004110   Section        0  main.o(i.main)
    i.mem_cmp                                0x08004154   Section        0  ff.o(i.mem_cmp)
    mem_cmp                                  0x08004155   Thumb Code    38  ff.o(i.mem_cmp)
    i.mem_set                                0x0800417a   Section        0  ff.o(i.mem_set)
    mem_set                                  0x0800417b   Thumb Code    20  ff.o(i.mem_set)
    i.move_window                            0x0800418e   Section        0  ff.o(i.move_window)
    move_window                              0x0800418f   Thumb Code   114  ff.o(i.move_window)
    i.pick_lfn                               0x08004200   Section        0  ff.o(i.pick_lfn)
    pick_lfn                                 0x08004201   Thumb Code   112  ff.o(i.pick_lfn)
    i.put_fat                                0x08004274   Section        0  ff.o(i.put_fat)
    i.sum_sfn                                0x080043aa   Section        0  ff.o(i.sum_sfn)
    sum_sfn                                  0x080043ab   Thumb Code    32  ff.o(i.sum_sfn)
    i.validate                               0x080043ca   Section        0  ff.o(i.validate)
    validate                                 0x080043cb   Thumb Code    42  ff.o(i.validate)
    .constdata                               0x080043f4   Section      186  ff.o(.constdata)
    LfnOfs                                   0x080043f4   Data          13  ff.o(.constdata)
    excvt                                    0x08004401   Data         128  ff.o(.constdata)
    vst                                      0x08004482   Data          22  ff.o(.constdata)
    cst                                      0x08004498   Data          22  ff.o(.constdata)
    .data                                    0x20000000   Section      512  main.o(.data)
    path                                     0x20000000   Data         512  main.o(.data)
    .data                                    0x20000200   Section       40  sdio_sd.o(.data)
    CardType                                 0x20000200   Data           4  sdio_sd.o(.data)
    RCA                                      0x20000204   Data           4  sdio_sd.o(.data)
    DeviceMode                               0x20000208   Data           4  sdio_sd.o(.data)
    TotalNumberOfBytes                       0x2000020c   Data           4  sdio_sd.o(.data)
    StopCondition                            0x20000210   Data           4  sdio_sd.o(.data)
    .data                                    0x20000228   Section        6  ff.o(.data)
    FatFs                                    0x20000228   Data           4  ff.o(.data)
    Fsid                                     0x2000022c   Data           2  ff.o(.data)
    .data                                    0x2000022e   Section       20  stm32f10x_rcc.o(.data)
    APBAHBPrescTable                         0x2000022e   Data          16  stm32f10x_rcc.o(.data)
    ADCPrescTable                            0x2000023e   Data           4  stm32f10x_rcc.o(.data)
    .data                                    0x20000244   Section        4  stdout.o(.data)
    .bss                                     0x20000248   Section      816  sd.o(.bss)
    fs                                       0x20000248   Data         560  sd.o(.bss)
    lfn                                      0x20000478   Data         256  sd.o(.bss)
    .bss                                     0x20000578   Section      180  sdio_sd.o(.bss)
    CSD_Tab                                  0x20000578   Data          16  sdio_sd.o(.bss)
    CID_Tab                                  0x20000588   Data          16  sdio_sd.o(.bss)
    .bss                                     0x2000062c   Section      512  ff.o(.bss)
    LfnBuf                                   0x2000062c   Data         512  ff.o(.bss)
    STACK                                    0x20000830   Section     1024  startup_stm32f10x_hd.o(STACK)

    Global Symbols

    Symbol Name                              Value     Ov Type        Size  Object(Section)

    BuildAttributes$$THM_ISAv4$P$D$K$B$S$PE$A:L22UL41UL21$X:L11$S22US41US21$IEEE1$IW$USESV6$~STKCKD$USESV7$~SHL$OSPACE$ROPI$EBA8$MICROLIB$REQ8$PRES8$EABIv2 0x00000000   Number         0  anon$$obj.o ABSOLUTE
    __ARM_use_no_argv                        0x00000000   Number         0  main.o ABSOLUTE
    _printf_a                                0x00000000   Number         0  stubs.o ABSOLUTE
    _printf_c                                0x00000000   Number         0  stubs.o ABSOLUTE
    _printf_charcount                        0x00000000   Number         0  stubs.o ABSOLUTE
    _printf_d                                0x00000000   Number         0  stubs.o ABSOLUTE
    _printf_e                                0x00000000   Number         0  stubs.o ABSOLUTE
    _printf_f                                0x00000000   Number         0  stubs.o ABSOLUTE
    _printf_flags                            0x00000000   Number         0  stubs.o ABSOLUTE
    _printf_fp_dec                           0x00000000   Number         0  stubs.o ABSOLUTE
    _printf_fp_hex                           0x00000000   Number         0  stubs.o ABSOLUTE
    _printf_g                                0x00000000   Number         0  stubs.o ABSOLUTE
    _printf_i                                0x00000000   Number         0  stubs.o ABSOLUTE
    _printf_int_dec                          0x00000000   Number         0  stubs.o ABSOLUTE
    _printf_l                                0x00000000   Number         0  stubs.o ABSOLUTE
    _printf_lc                               0x00000000   Number         0  stubs.o ABSOLUTE
    _printf_ll                               0x00000000   Number         0  stubs.o ABSOLUTE
    _printf_lld                              0x00000000   Number         0  stubs.o ABSOLUTE
    _printf_lli                              0x00000000   Number         0  stubs.o ABSOLUTE
    _printf_llo                              0x00000000   Number         0  stubs.o ABSOLUTE
    _printf_llu                              0x00000000   Number         0  stubs.o ABSOLUTE
    _printf_llx                              0x00000000   Number         0  stubs.o ABSOLUTE
    _printf_longlong_dec                     0x00000000   Number         0  stubs.o ABSOLUTE
    _printf_longlong_hex                     0x00000000   Number         0  stubs.o ABSOLUTE
    _printf_longlong_oct                     0x00000000   Number         0  stubs.o ABSOLUTE
    _printf_ls                               0x00000000   Number         0  stubs.o ABSOLUTE
    _printf_mbtowc                           0x00000000   Number         0  stubs.o ABSOLUTE
    _printf_n                                0x00000000   Number         0  stubs.o ABSOLUTE
    _printf_o                                0x00000000   Number         0  stubs.o ABSOLUTE
    _printf_p                                0x00000000   Number         0  stubs.o ABSOLUTE
    _printf_percent                          0x00000000   Number         0  stubs.o ABSOLUTE
    _printf_pre_padding                      0x00000000   Number         0  stubs.o ABSOLUTE
    _printf_return_value                     0x00000000   Number         0  stubs.o ABSOLUTE
    _printf_s                                0x00000000   Number         0  stubs.o ABSOLUTE
    _printf_sizespec                         0x00000000   Number         0  stubs.o ABSOLUTE
    _printf_str                              0x00000000   Number         0  stubs.o ABSOLUTE
    _printf_truncate_signed                  0x00000000   Number         0  stubs.o ABSOLUTE
    _printf_truncate_unsigned                0x00000000   Number         0  stubs.o ABSOLUTE
    _printf_u                                0x00000000   Number         0  stubs.o ABSOLUTE
    _printf_wc                               0x00000000   Number         0  stubs.o ABSOLUTE
    _printf_wctomb                           0x00000000   Number         0  stubs.o ABSOLUTE
    _printf_widthprec                        0x00000000   Number         0  stubs.o ABSOLUTE
    _printf_x                                0x00000000   Number         0  stubs.o ABSOLUTE
    __cpp_initialize__aeabi_                  - Undefined Weak Reference
    __cxa_finalize                            - Undefined Weak Reference
    _clock_init                               - Undefined Weak Reference
    _microlib_exit                            - Undefined Weak Reference
    __Vectors_Size                           0x00000130   Number         0  startup_stm32f10x_hd.o ABSOLUTE
    __Vectors                                0x08000000   Data           4  startup_stm32f10x_hd.o(RESET)
    __Vectors_End                            0x08000130   Data           0  startup_stm32f10x_hd.o(RESET)
    __main                                   0x08000131   Thumb Code     0  entry.o(.ARM.Collect$$$$00000000)
    _main_stk                                0x08000131   Thumb Code     0  entry2.o(.ARM.Collect$$$$00000001)
    _main_scatterload                        0x08000135   Thumb Code     0  entry5.o(.ARM.Collect$$$$00000004)
    __main_after_scatterload                 0x08000139   Thumb Code     0  entry5.o(.ARM.Collect$$$$00000004)
    _main_clock                              0x08000139   Thumb Code     0  entry7b.o(.ARM.Collect$$$$00000008)
    _main_cpp_init                           0x08000139   Thumb Code     0  entry8b.o(.ARM.Collect$$$$0000000A)
    _main_init                               0x08000139   Thumb Code     0  entry9a.o(.ARM.Collect$$$$0000000B)
    __rt_final_cpp                           0x08000141   Thumb Code     0  entry10a.o(.ARM.Collect$$$$0000000D)
    __rt_final_exit                          0x08000141   Thumb Code     0  entry11a.o(.ARM.Collect$$$$0000000F)
    Reset_Handler                            0x08000145   Thumb Code     8  startup_stm32f10x_hd.o(.text)
    ADC1_2_IRQHandler                        0x0800015f   Thumb Code     0  startup_stm32f10x_hd.o(.text)
    ADC3_IRQHandler                          0x0800015f   Thumb Code     0  startup_stm32f10x_hd.o(.text)
    CAN1_RX1_IRQHandler                      0x0800015f   Thumb Code     0  startup_stm32f10x_hd.o(.text)
    CAN1_SCE_IRQHandler                      0x0800015f   Thumb Code     0  startup_stm32f10x_hd.o(.text)
    DMA1_Channel1_IRQHandler                 0x0800015f   Thumb Code     0  startup_stm32f10x_hd.o(.text)
    DMA1_Channel2_IRQHandler                 0x0800015f   Thumb Code     0  startup_stm32f10x_hd.o(.text)
    DMA1_Channel3_IRQHandler                 0x0800015f   Thumb Code     0  startup_stm32f10x_hd.o(.text)
    DMA1_Channel4_IRQHandler                 0x0800015f   Thumb Code     0  startup_stm32f10x_hd.o(.text)
    DMA1_Channel5_IRQHandler                 0x0800015f   Thumb Code     0  startup_stm32f10x_hd.o(.text)
    DMA1_Channel6_IRQHandler                 0x0800015f   Thumb Code     0  startup_stm32f10x_hd.o(.text)
    DMA1_Channel7_IRQHandler                 0x0800015f   Thumb Code     0  startup_stm32f10x_hd.o(.text)
    DMA2_Channel1_IRQHandler                 0x0800015f   Thumb Code     0  startup_stm32f10x_hd.o(.text)
    DMA2_Channel2_IRQHandler                 0x0800015f   Thumb Code     0  startup_stm32f10x_hd.o(.text)
    DMA2_Channel3_IRQHandler                 0x0800015f   Thumb Code     0  startup_stm32f10x_hd.o(.text)
    DMA2_Channel4_5_IRQHandler               0x0800015f   Thumb Code     0  startup_stm32f10x_hd.o(.text)
    EXTI0_IRQHandler                         0x0800015f   Thumb Code     0  startup_stm32f10x_hd.o(.text)
    EXTI15_10_IRQHandler                     0x0800015f   Thumb Code     0  startup_stm32f10x_hd.o(.text)
    EXTI1_IRQHandler                         0x0800015f   Thumb Code     0  startup_stm32f10x_hd.o(.text)
    EXTI2_IRQHandler                         0x0800015f   Thumb Code     0  startup_stm32f10x_hd.o(.text)
    EXTI3_IRQHandler                         0x0800015f   Thumb Code     0  startup_stm32f10x_hd.o(.text)
    EXTI4_IRQHandler                         0x0800015f   Thumb Code     0  startup_stm32f10x_hd.o(.text)
    EXTI9_5_IRQHandler                       0x0800015f   Thumb Code     0  startup_stm32f10x_hd.o(.text)
    FLASH_IRQHandler                         0x0800015f   Thumb Code     0  startup_stm32f10x_hd.o(.text)
    FSMC_IRQHandler                          0x0800015f   Thumb Code     0  startup_stm32f10x_hd.o(.text)
    I2C1_ER_IRQHandler                       0x0800015f   Thumb Code     0  startup_stm32f10x_hd.o(.text)
    I2C1_EV_IRQHandler                       0x0800015f   Thumb Code     0  startup_stm32f10x_hd.o(.text)
    I2C2_ER_IRQHandler                       0x0800015f   Thumb Code     0  startup_stm32f10x_hd.o(.text)
    I2C2_EV_IRQHandler                       0x0800015f   Thumb Code     0  startup_stm32f10x_hd.o(.text)
    PVD_IRQHandler                           0x0800015f   Thumb Code     0  startup_stm32f10x_hd.o(.text)
    RCC_IRQHandler                           0x0800015f   Thumb Code     0  startup_stm32f10x_hd.o(.text)
    RTCAlarm_IRQHandler                      0x0800015f   Thumb Code     0  startup_stm32f10x_hd.o(.text)
    RTC_IRQHandler                           0x0800015f   Thumb Code     0  startup_stm32f10x_hd.o(.text)
    SPI1_IRQHandler                          0x0800015f   Thumb Code     0  startup_stm32f10x_hd.o(.text)
    SPI2_IRQHandler                          0x0800015f   Thumb Code     0  startup_stm32f10x_hd.o(.text)
    SPI3_IRQHandler                          0x0800015f   Thumb Code     0  startup_stm32f10x_hd.o(.text)
    TAMPER_IRQHandler                        0x0800015f   Thumb Code     0  startup_stm32f10x_hd.o(.text)
    TIM1_BRK_IRQHandler                      0x0800015f   Thumb Code     0  startup_stm32f10x_hd.o(.text)
    TIM1_CC_IRQHandler                       0x0800015f   Thumb Code     0  startup_stm32f10x_hd.o(.text)
    TIM1_TRG_COM_IRQHandler                  0x0800015f   Thumb Code     0  startup_stm32f10x_hd.o(.text)
    TIM1_UP_IRQHandler                       0x0800015f   Thumb Code     0  startup_stm32f10x_hd.o(.text)
    TIM2_IRQHandler                          0x0800015f   Thumb Code     0  startup_stm32f10x_hd.o(.text)
    TIM3_IRQHandler                          0x0800015f   Thumb Code     0  startup_stm32f10x_hd.o(.text)
    TIM4_IRQHandler                          0x0800015f   Thumb Code     0  startup_stm32f10x_hd.o(.text)
    TIM5_IRQHandler                          0x0800015f   Thumb Code     0  startup_stm32f10x_hd.o(.text)
    TIM6_IRQHandler                          0x0800015f   Thumb Code     0  startup_stm32f10x_hd.o(.text)
    TIM7_IRQHandler                          0x0800015f   Thumb Code     0  startup_stm32f10x_hd.o(.text)
    TIM8_BRK_IRQHandler                      0x0800015f   Thumb Code     0  startup_stm32f10x_hd.o(.text)
    TIM8_CC_IRQHandler                       0x0800015f   Thumb Code     0  startup_stm32f10x_hd.o(.text)
    TIM8_TRG_COM_IRQHandler                  0x0800015f   Thumb Code     0  startup_stm32f10x_hd.o(.text)
    TIM8_UP_IRQHandler                       0x0800015f   Thumb Code     0  startup_stm32f10x_hd.o(.text)
    UART4_IRQHandler                         0x0800015f   Thumb Code     0  startup_stm32f10x_hd.o(.text)
    UART5_IRQHandler                         0x0800015f   Thumb Code     0  startup_stm32f10x_hd.o(.text)
    USART1_IRQHandler                        0x0800015f   Thumb Code     0  startup_stm32f10x_hd.o(.text)
    USART2_IRQHandler                        0x0800015f   Thumb Code     0  startup_stm32f10x_hd.o(.text)
    USART3_IRQHandler                        0x0800015f   Thumb Code     0  startup_stm32f10x_hd.o(.text)
    USBWakeUp_IRQHandler                     0x0800015f   Thumb Code     0  startup_stm32f10x_hd.o(.text)
    USB_HP_CAN1_TX_IRQHandler                0x0800015f   Thumb Code     0  startup_stm32f10x_hd.o(.text)
    USB_LP_CAN1_RX0_IRQHandler               0x0800015f   Thumb Code     0  startup_stm32f10x_hd.o(.text)
    WWDG_IRQHandler                          0x0800015f   Thumb Code     0  startup_stm32f10x_hd.o(.text)
    strlen                                   0x08000169   Thumb Code    14  strlen.o(.text)
    __aeabi_uldivmod                         0x08000177   Thumb Code    98  uldiv.o(.text)
    __scatterload                            0x080001d9   Thumb Code    28  init.o(.text)
    __scatterload_rt2                        0x080001d9   Thumb Code     0  init.o(.text)
    __aeabi_llsl                             0x080001fd   Thumb Code    30  llshl.o(.text)
    _ll_shift_l                              0x080001fd   Thumb Code     0  llshl.o(.text)
    __aeabi_llsr                             0x0800021b   Thumb Code    32  llushr.o(.text)
    _ll_ushift_r                             0x0800021b   Thumb Code     0  llushr.o(.text)
    __decompress                             0x0800023b   Thumb Code     0  __dczerorl.o(.text)
    __decompress0                            0x0800023b   Thumb Code    58  __dczerorl.o(.text)
    BusFault_Handler                         0x08000275   Thumb Code     4  stm32f10x_it.o(i.BusFault_Handler)
    DMA_ClearFlag                            0x08000545   Thumb Code    18  stm32f10x_dma.o(i.DMA_ClearFlag)
    DMA_Cmd                                  0x08000561   Thumb Code    24  stm32f10x_dma.o(i.DMA_Cmd)
    DMA_GetFlagStatus                        0x08000579   Thumb Code    36  stm32f10x_dma.o(i.DMA_GetFlagStatus)
    DMA_Init                                 0x080005a5   Thumb Code    60  stm32f10x_dma.o(i.DMA_Init)
    DebugMon_Handler                         0x080005e1   Thumb Code     2  stm32f10x_it.o(i.DebugMon_Handler)
    GPIO_Config                              0x08000781   Thumb Code    22  config.o(i.GPIO_Config)
    GPIO_Config_Detailed                     0x08000797   Thumb Code    32  config.o(i.GPIO_Config_Detailed)
    GPIO_Init                                0x080007b7   Thumb Code   278  stm32f10x_gpio.o(i.GPIO_Init)
    GPIO_ReadInputDataBit                    0x080008cd   Thumb Code    18  stm32f10x_gpio.o(i.GPIO_ReadInputDataBit)
    HardFault_Handler                        0x080008df   Thumb Code     4  stm32f10x_it.o(i.HardFault_Handler)
    MemManage_Handler                        0x08000a81   Thumb Code     4  stm32f10x_it.o(i.MemManage_Handler)
    NMI_Handler                              0x08000a85   Thumb Code     2  stm32f10x_it.o(i.NMI_Handler)
    NVIC_Config_Detailed                     0x08000a87   Thumb Code    34  config.o(i.NVIC_Config_Detailed)
    NVIC_Init                                0x08000aa9   Thumb Code   100  misc.o(i.NVIC_Init)
    NVIC_PriorityGroupConfig                 0x08000b19   Thumb Code    10  misc.o(i.NVIC_PriorityGroupConfig)
    PendSV_Handler                           0x08000b2d   Thumb Code     2  stm32f10x_it.o(i.PendSV_Handler)
    RCC_AHBPeriphClockCmd                    0x08000b31   Thumb Code    26  stm32f10x_rcc.o(i.RCC_AHBPeriphClockCmd)
    RCC_APB2PeriphClockCmd                   0x08000b51   Thumb Code    26  stm32f10x_rcc.o(i.RCC_APB2PeriphClockCmd)
    RCC_GetClocksFreq                        0x08000b71   Thumb Code   192  stm32f10x_rcc.o(i.RCC_GetClocksFreq)
    SDIO_ClearFlag                           0x08000d69   Thumb Code     6  stm32f10x_sdio.o(i.SDIO_ClearFlag)
    SDIO_ClearITPendingBit                   0x08000d75   Thumb Code     6  stm32f10x_sdio.o(i.SDIO_ClearITPendingBit)
    SDIO_ClockCmd                            0x08000d81   Thumb Code     6  stm32f10x_sdio.o(i.SDIO_ClockCmd)
    SDIO_DMACmd                              0x08000d8d   Thumb Code     6  stm32f10x_sdio.o(i.SDIO_DMACmd)
    SDIO_DataConfig                          0x08000d99   Thumb Code    42  stm32f10x_sdio.o(i.SDIO_DataConfig)
    SDIO_DeInit                              0x08000dc9   Thumb Code    28  stm32f10x_sdio.o(i.SDIO_DeInit)
    SDIO_GetCommandResponse                  0x08000ded   Thumb Code     8  stm32f10x_sdio.o(i.SDIO_GetCommandResponse)
    SDIO_GetFlagStatus                       0x08000df9   Thumb Code    20  stm32f10x_sdio.o(i.SDIO_GetFlagStatus)
    SDIO_GetITStatus                         0x08000e11   Thumb Code    20  stm32f10x_sdio.o(i.SDIO_GetITStatus)
    SDIO_GetPowerState                       0x08000e29   Thumb Code    10  stm32f10x_sdio.o(i.SDIO_GetPowerState)
    SDIO_GetResponse                         0x08000e39   Thumb Code    20  stm32f10x_sdio.o(i.SDIO_GetResponse)
    SDIO_IRQHandler                          0x08000e51   Thumb Code     8  sd.o(i.SDIO_IRQHandler)
    SDIO_ITConfig                            0x08000e59   Thumb Code    26  stm32f10x_sdio.o(i.SDIO_ITConfig)
    SDIO_Init                                0x08000e79   Thumb Code    42  stm32f10x_sdio.o(i.SDIO_Init)
    SDIO_ReadData                            0x08000ea9   Thumb Code     6  stm32f10x_sdio.o(i.SDIO_ReadData)
    SDIO_SendCommand                         0x08000eb5   Thumb Code    38  stm32f10x_sdio.o(i.SDIO_SendCommand)
    SDIO_SetPowerState                       0x08000ee1   Thumb Code    22  stm32f10x_sdio.o(i.SDIO_SetPowerState)
    SDIO_WriteData                           0x08000efd   Thumb Code     6  stm32f10x_sdio.o(i.SDIO_WriteData)
    SD_AssertResult                          0x08000f09   Thumb Code    58  sd.o(i.SD_AssertResult)
    SD_Config                                0x08000f6d   Thumb Code    98  sd.o(i.SD_Config)
    SD_DMAEndOfTransferStatus                0x08001069   Thumb Code    10  sdio_sd.o(i.SD_DMAEndOfTransferStatus)
    SD_Detect                                0x08001079   Thumb Code    26  sdio_sd.o(i.SD_Detect)
    SD_EnableWideBusOperation                0x08001099   Thumb Code   144  sdio_sd.o(i.SD_EnableWideBusOperation)
    SD_GetCardInfo                           0x08001131   Thumb Code   700  sdio_sd.o(i.SD_GetCardInfo)
    SD_GetSize                               0x080013fd   Thumb Code    62  sd.o(i.SD_GetSize)
    SD_Init                                  0x0800145d   Thumb Code   124  sdio_sd.o(i.SD_Init)
    SD_InitializeCards                       0x080014e1   Thumb Code   300  sdio_sd.o(i.SD_InitializeCards)
    SD_ListFiles                             0x08001621   Thumb Code   190  sd.o(i.SD_ListFiles)
    SD_LowLevel_DMA_RxConfig                 0x08001741   Thumb Code    86  sdio_sd.o(i.SD_LowLevel_DMA_RxConfig)
    SD_LowLevel_DMA_TxConfig                 0x080017a5   Thumb Code    86  sdio_sd.o(i.SD_LowLevel_DMA_TxConfig)
    SD_LowLevel_Init                         0x08001809   Thumb Code    90  sdio_sd.o(i.SD_LowLevel_Init)
    SD_PowerON                               0x0800186d   Thumb Code   384  sdio_sd.o(i.SD_PowerON)
    SD_PrintSize                             0x080019fd   Thumb Code    28  sd.o(i.SD_PrintSize)
    SD_ProcessIRQSrc                         0x08001a3d   Thumb Code   552  sdio_sd.o(i.SD_ProcessIRQSrc)
    SD_ReadBlock                             0x08001c85   Thumb Code   592  sdio_sd.o(i.SD_ReadBlock)
    SD_ReadMultiBlocks                       0x08001f01   Thumb Code   712  sdio_sd.o(i.SD_ReadMultiBlocks)
    SD_SelectDeselect                        0x080021f5   Thumb Code    48  sdio_sd.o(i.SD_SelectDeselect)
    SD_SetDeviceMode                         0x08002229   Thumb Code    24  sdio_sd.o(i.SD_SetDeviceMode)
    SD_StopTransfer                          0x08002245   Thumb Code    46  sdio_sd.o(i.SD_StopTransfer)
    SD_WriteBlock                            0x08002279   Thumb Code   828  sdio_sd.o(i.SD_WriteBlock)
    SD_WriteMultiBlocks                      0x080025e5   Thumb Code   992  sdio_sd.o(i.SD_WriteMultiBlocks)
    SVC_Handler                              0x080029f5   Thumb Code     2  stm32f10x_it.o(i.SVC_Handler)
    SysTick_Handler                          0x08002ae1   Thumb Code     2  stm32f10x_it.o(i.SysTick_Handler)
    SystemInit                               0x08002ae5   Thumb Code    78  system_stm32f10x.o(i.SystemInit)
    USART_Cmd                                0x08002b45   Thumb Code    24  stm32f10x_usart.o(i.USART_Cmd)
    USART_Config                             0x08002b5d   Thumb Code    26  usart.o(i.USART_Config)
    USART_Config_Detailed                    0x08002b7d   Thumb Code   118  usart.o(i.USART_Config_Detailed)
    USART_GetFlagStatus                      0x08002bf9   Thumb Code    26  stm32f10x_usart.o(i.USART_GetFlagStatus)
    USART_ITConfig                           0x08002c13   Thumb Code    74  stm32f10x_usart.o(i.USART_ITConfig)
    USART_Init                               0x08002c5d   Thumb Code   210  stm32f10x_usart.o(i.USART_Init)
    USART_SendData                           0x08002d35   Thumb Code     8  stm32f10x_usart.o(i.USART_SendData)
    UsageFault_Handler                       0x08002d3d   Thumb Code     4  stm32f10x_it.o(i.UsageFault_Handler)
    __0printf$4                              0x08002d41   Thumb Code    22  printf4.o(i.__0printf$4)
    __1printf$4                              0x08002d41   Thumb Code     0  printf4.o(i.__0printf$4)
    __2printf                                0x08002d41   Thumb Code     0  printf4.o(i.__0printf$4)
    __0sprintf$4                             0x08002d61   Thumb Code    34  printf4.o(i.__0sprintf$4)
    __1sprintf$4                             0x08002d61   Thumb Code     0  printf4.o(i.__0sprintf$4)
    __2sprintf                               0x08002d61   Thumb Code     0  printf4.o(i.__0sprintf$4)
    __scatterload_copy                       0x08002d89   Thumb Code    14  handlers.o(i.__scatterload_copy)
    __scatterload_null                       0x08002d97   Thumb Code     2  handlers.o(i.__scatterload_null)
    __scatterload_zeroinit                   0x08002d99   Thumb Code    14  handlers.o(i.__scatterload_zeroinit)
    clust2sect                               0x080033f5   Thumb Code    26  ff.o(i.clust2sect)
    disk_initialize                          0x08003ae3   Thumb Code    46  diskio.o(i.disk_initialize)
    disk_read                                0x08003b11   Thumb Code   100  diskio.o(i.disk_read)
    disk_status                              0x08003b79   Thumb Code    34  diskio.o(i.disk_status)
    disk_write                               0x08003b9d   Thumb Code    94  diskio.o(i.disk_write)
    f_getfree                                0x08003c01   Thumb Code   276  ff.o(i.f_getfree)
    f_mount                                  0x08003d15   Thumb Code    38  ff.o(i.f_mount)
    f_opendir                                0x08003d41   Thumb Code   114  ff.o(i.f_opendir)
    f_readdir                                0x08003db9   Thumb Code    92  ff.o(i.f_readdir)
    ff_convert                               0x08003e19   Thumb Code    14  sd.o(i.ff_convert)
    ff_wtoupper                              0x08003e27   Thumb Code    26  sd.o(i.ff_wtoupper)
    fputc                                    0x08003ee1   Thumb Code    32  usart.o(i.fputc)
    get_fat                                  0x08003f05   Thumb Code   228  ff.o(i.get_fat)
    main                                     0x08004111   Thumb Code    36  main.o(i.main)
    put_fat                                  0x08004275   Thumb Code   310  ff.o(i.put_fat)
    Region$$Table$$Base                      0x080044b0   Number         0  anon$$obj.o(Region$$Table)
    Region$$Table$$Limit                     0x080044d0   Number         0  anon$$obj.o(Region$$Table)
    SrcBuffer                                0x20000214   Data           4  sdio_sd.o(.data)
    DestBuffer                               0x20000218   Data           4  sdio_sd.o(.data)
    TransferError                            0x2000021c   Data           1  sdio_sd.o(.data)
    TransferEnd                              0x20000220   Data           4  sdio_sd.o(.data)
    NumberOfBytes                            0x20000224   Data           4  sdio_sd.o(.data)
    __stdout                                 0x20000244   Data           4  stdout.o(.data)
    SDCardInfo                               0x20000598   Data          80  sdio_sd.o(.bss)
    SDIO_InitStructure                       0x200005e8   Data          24  sdio_sd.o(.bss)
    SDIO_CmdInitStructure                    0x20000600   Data          20  sdio_sd.o(.bss)
    SDIO_DataInitStructure                   0x20000614   Data          24  sdio_sd.o(.bss)
    __initial_sp                             0x20000c30   Data           0  startup_stm32f10x_hd.o(STACK)



==============================================================================

Memory Map of the image

  Image Entry point : 0x08000131

  Load Region LR_IROM1 (Base: 0x08000000, Size: 0x00004718, Max: 0x00040000, ABSOLUTE, COMPRESSED[0x000044f0])

    Execution Region ER_IROM1 (Base: 0x08000000, Size: 0x000044d0, Max: 0x00040000, ABSOLUTE)

    Base Addr    Size         Type   Attr      Idx    E Section Name        Object

    0x08000000   0x00000130   Data   RO          924    RESET               startup_stm32f10x_hd.o
    0x08000130   0x00000000   Code   RO         3941  * .ARM.Collect$$$$00000000  mc_w.l(entry.o)
    0x08000130   0x00000004   Code   RO         4207    .ARM.Collect$$$$00000001  mc_w.l(entry2.o)
    0x08000134   0x00000004   Code   RO         4210    .ARM.Collect$$$$00000004  mc_w.l(entry5.o)
    0x08000138   0x00000000   Code   RO         4212    .ARM.Collect$$$$00000008  mc_w.l(entry7b.o)
    0x08000138   0x00000000   Code   RO         4214    .ARM.Collect$$$$0000000A  mc_w.l(entry8b.o)
    0x08000138   0x00000008   Code   RO         4215    .ARM.Collect$$$$0000000B  mc_w.l(entry9a.o)
    0x08000140   0x00000000   Code   RO         4217    .ARM.Collect$$$$0000000D  mc_w.l(entry10a.o)
    0x08000140   0x00000000   Code   RO         4219    .ARM.Collect$$$$0000000F  mc_w.l(entry11a.o)
    0x08000140   0x00000004   Code   RO         4208    .ARM.Collect$$$$00002712  mc_w.l(entry2.o)
    0x08000144   0x00000024   Code   RO          925    .text               startup_stm32f10x_hd.o
    0x08000168   0x0000000e   Code   RO         3944    .text               mc_w.l(strlen.o)
    0x08000176   0x00000062   Code   RO         4224    .text               mc_w.l(uldiv.o)
    0x080001d8   0x00000024   Code   RO         4237    .text               mc_w.l(init.o)
    0x080001fc   0x0000001e   Code   RO         4239    .text               mc_w.l(llshl.o)
    0x0800021a   0x00000020   Code   RO         4241    .text               mc_w.l(llushr.o)
    0x0800023a   0x0000003a   Code   RO         4255    .text               mc_w.l(__dczerorl.o)
    0x08000274   0x00000004   Code   RO           89    i.BusFault_Handler  stm32f10x_it.o
    0x08000278   0x0000002c   Code   RO          335    i.CmdError          sdio_sd.o
    0x080002a4   0x00000134   Code   RO          336    i.CmdResp1Error     sdio_sd.o
    0x080003d8   0x0000004c   Code   RO          337    i.CmdResp2Error     sdio_sd.o
    0x08000424   0x00000038   Code   RO          338    i.CmdResp3Error     sdio_sd.o
    0x0800045c   0x0000009c   Code   RO          339    i.CmdResp6Error     sdio_sd.o
    0x080004f8   0x0000004c   Code   RO          340    i.CmdResp7Error     sdio_sd.o
    0x08000544   0x0000001c   Code   RO         1675    i.DMA_ClearFlag     stm32f10x_dma.o
    0x08000560   0x00000018   Code   RO         1677    i.DMA_Cmd           stm32f10x_dma.o
    0x08000578   0x0000002c   Code   RO         1680    i.DMA_GetFlagStatus  stm32f10x_dma.o
    0x080005a4   0x0000003c   Code   RO         1683    i.DMA_Init          stm32f10x_dma.o
    0x080005e0   0x00000002   Code   RO           90    i.DebugMon_Handler  stm32f10x_it.o
    0x080005e2   0x00000002   PAD
    0x080005e4   0x0000019c   Code   RO          341    i.FindSCR           sdio_sd.o
    0x08000780   0x00000016   Code   RO          185    i.GPIO_Config       config.o
    0x08000796   0x00000020   Code   RO          186    i.GPIO_Config_Detailed  config.o
    0x080007b6   0x00000116   Code   RO         2107    i.GPIO_Init         stm32f10x_gpio.o
    0x080008cc   0x00000012   Code   RO         2111    i.GPIO_ReadInputDataBit  stm32f10x_gpio.o
    0x080008de   0x00000004   Code   RO           91    i.HardFault_Handler  stm32f10x_it.o
    0x080008e2   0x00000002   PAD
    0x080008e4   0x0000019c   Code   RO          342    i.IsCardProgramming  sdio_sd.o
    0x08000a80   0x00000004   Code   RO           92    i.MemManage_Handler  stm32f10x_it.o
    0x08000a84   0x00000002   Code   RO           93    i.NMI_Handler       stm32f10x_it.o
    0x08000a86   0x00000022   Code   RO          188    i.NVIC_Config_Detailed  config.o
    0x08000aa8   0x00000070   Code   RO          929    i.NVIC_Init         misc.o
    0x08000b18   0x00000014   Code   RO          930    i.NVIC_PriorityGroupConfig  misc.o
    0x08000b2c   0x00000002   Code   RO           94    i.PendSV_Handler    stm32f10x_it.o
    0x08000b2e   0x00000002   PAD
    0x08000b30   0x00000020   Code   RO         2531    i.RCC_AHBPeriphClockCmd  stm32f10x_rcc.o
    0x08000b50   0x00000020   Code   RO         2534    i.RCC_APB2PeriphClockCmd  stm32f10x_rcc.o
    0x08000b70   0x000000d4   Code   RO         2542    i.RCC_GetClocksFreq  stm32f10x_rcc.o
    0x08000c44   0x00000124   Code   RO          343    i.SDEnWideBus       sdio_sd.o
    0x08000d68   0x0000000c   Code   RO         2824    i.SDIO_ClearFlag    stm32f10x_sdio.o
    0x08000d74   0x0000000c   Code   RO         2825    i.SDIO_ClearITPendingBit  stm32f10x_sdio.o
    0x08000d80   0x0000000c   Code   RO         2826    i.SDIO_ClockCmd     stm32f10x_sdio.o
    0x08000d8c   0x0000000c   Code   RO         2829    i.SDIO_DMACmd       stm32f10x_sdio.o
    0x08000d98   0x00000030   Code   RO         2830    i.SDIO_DataConfig   stm32f10x_sdio.o
    0x08000dc8   0x00000024   Code   RO         2832    i.SDIO_DeInit       stm32f10x_sdio.o
    0x08000dec   0x0000000c   Code   RO         2833    i.SDIO_GetCommandResponse  stm32f10x_sdio.o
    0x08000df8   0x00000018   Code   RO         2836    i.SDIO_GetFlagStatus  stm32f10x_sdio.o
    0x08000e10   0x00000018   Code   RO         2837    i.SDIO_GetITStatus  stm32f10x_sdio.o
    0x08000e28   0x00000010   Code   RO         2838    i.SDIO_GetPowerState  stm32f10x_sdio.o
    0x08000e38   0x00000018   Code   RO         2839    i.SDIO_GetResponse  stm32f10x_sdio.o
    0x08000e50   0x00000008   Code   RO          258    i.SDIO_IRQHandler   sd.o
    0x08000e58   0x00000020   Code   RO         2840    i.SDIO_ITConfig     stm32f10x_sdio.o
    0x08000e78   0x00000030   Code   RO         2841    i.SDIO_Init         stm32f10x_sdio.o
    0x08000ea8   0x0000000c   Code   RO         2842    i.SDIO_ReadData     stm32f10x_sdio.o
    0x08000eb4   0x0000002c   Code   RO         2844    i.SDIO_SendCommand  stm32f10x_sdio.o
    0x08000ee0   0x0000001c   Code   RO         2846    i.SDIO_SetPowerState  stm32f10x_sdio.o
    0x08000efc   0x0000000c   Code   RO         2852    i.SDIO_WriteData    stm32f10x_sdio.o
    0x08000f08   0x00000064   Code   RO          259    i.SD_AssertResult   sd.o
    0x08000f6c   0x000000fc   Code   RO          260    i.SD_Config         sd.o
    0x08001068   0x00000010   Code   RO          344    i.SD_DMAEndOfTransferStatus  sdio_sd.o
    0x08001078   0x00000020   Code   RO          346    i.SD_Detect         sdio_sd.o
    0x08001098   0x00000098   Code   RO          347    i.SD_EnableWideBusOperation  sdio_sd.o
    0x08001130   0x000002cc   Code   RO          349    i.SD_GetCardInfo    sdio_sd.o
    0x080013fc   0x00000060   Code   RO          261    i.SD_GetSize        sd.o
    0x0800145c   0x00000084   Code   RO          353    i.SD_Init           sdio_sd.o
    0x080014e0   0x00000140   Code   RO          354    i.SD_InitializeCards  sdio_sd.o
    0x08001620   0x00000120   Code   RO          262    i.SD_ListFiles      sd.o
    0x08001740   0x00000064   Code   RO          355    i.SD_LowLevel_DMA_RxConfig  sdio_sd.o
    0x080017a4   0x00000064   Code   RO          356    i.SD_LowLevel_DMA_TxConfig  sdio_sd.o
    0x08001808   0x00000064   Code   RO          357    i.SD_LowLevel_Init  sdio_sd.o
    0x0800186c   0x00000190   Code   RO          359    i.SD_PowerON        sdio_sd.o
    0x080019fc   0x00000040   Code   RO          264    i.SD_PrintSize      sd.o
    0x08001a3c   0x00000248   Code   RO          360    i.SD_ProcessIRQSrc  sdio_sd.o
    0x08001c84   0x0000027c   Code   RO          361    i.SD_ReadBlock      sdio_sd.o
    0x08001f00   0x000002f4   Code   RO          362    i.SD_ReadMultiBlocks  sdio_sd.o
    0x080021f4   0x00000034   Code   RO          363    i.SD_SelectDeselect  sdio_sd.o
    0x08002228   0x0000001c   Code   RO          366    i.SD_SetDeviceMode  sdio_sd.o
    0x08002244   0x00000034   Code   RO          367    i.SD_StopTransfer   sdio_sd.o
    0x08002278   0x0000036c   Code   RO          368    i.SD_WriteBlock     sdio_sd.o
    0x080025e4   0x00000410   Code   RO          369    i.SD_WriteMultiBlocks  sdio_sd.o
    0x080029f4   0x00000002   Code   RO           95    i.SVC_Handler       stm32f10x_it.o
    0x080029f6   0x00000008   Code   RO          888    i.SetSysClock       system_stm32f10x.o
    0x080029fe   0x00000002   PAD
    0x08002a00   0x000000e0   Code   RO          889    i.SetSysClockTo72   system_stm32f10x.o
    0x08002ae0   0x00000002   Code   RO           96    i.SysTick_Handler   stm32f10x_it.o
    0x08002ae2   0x00000002   PAD
    0x08002ae4   0x00000060   Code   RO          891    i.SystemInit        system_stm32f10x.o
    0x08002b44   0x00000018   Code   RO         3708    i.USART_Cmd         stm32f10x_usart.o
    0x08002b5c   0x00000020   Code   RO          228    i.USART_Config      usart.o
    0x08002b7c   0x0000007c   Code   RO          229    i.USART_Config_Detailed  usart.o
    0x08002bf8   0x0000001a   Code   RO         3711    i.USART_GetFlagStatus  stm32f10x_usart.o
    0x08002c12   0x0000004a   Code   RO         3714    i.USART_ITConfig    stm32f10x_usart.o
    0x08002c5c   0x000000d8   Code   RO         3715    i.USART_Init        stm32f10x_usart.o
    0x08002d34   0x00000008   Code   RO         3725    i.USART_SendData    stm32f10x_usart.o
    0x08002d3c   0x00000004   Code   RO           97    i.UsageFault_Handler  stm32f10x_it.o
    0x08002d40   0x00000020   Code   RO         4057    i.__0printf$4       mc_w.l(printf4.o)
    0x08002d60   0x00000028   Code   RO         4059    i.__0sprintf$4      mc_w.l(printf4.o)
    0x08002d88   0x0000000e   Code   RO         4249    i.__scatterload_copy  mc_w.l(handlers.o)
    0x08002d96   0x00000002   Code   RO         4250    i.__scatterload_null  mc_w.l(handlers.o)
    0x08002d98   0x0000000e   Code   RO         4251    i.__scatterload_zeroinit  mc_w.l(handlers.o)
    0x08002da6   0x00000002   PAD
    0x08002da8   0x0000022c   Code   RO         4064    i._printf_core      mc_w.l(printf4.o)
    0x08002fd4   0x0000000a   Code   RO         4066    i._sputc            mc_w.l(printf4.o)
    0x08002fde   0x00000002   PAD
    0x08002fe0   0x00000090   Code   RO          603    i.check_fs          ff.o
    0x08003070   0x00000014   Code   RO          604    i.chk_chr           ff.o
    0x08003084   0x00000370   Code   RO          605    i.chk_mounted       ff.o
    0x080033f4   0x0000001a   Code   RO          606    i.clust2sect        ff.o
    0x0800340e   0x00000002   PAD
    0x08003410   0x00000090   Code   RO          607    i.cmp_lfn           ff.o
    0x080034a0   0x00000012   Code   RO          370    i.convert_from_bytes_to_power_of_two  sdio_sd.o
    0x080034b2   0x000000ca   Code   RO          608    i.create_chain      ff.o
    0x0800357c   0x00000218   Code   RO          609    i.create_name       ff.o
    0x08003794   0x000000de   Code   RO          610    i.dir_find          ff.o
    0x08003872   0x00000116   Code   RO          611    i.dir_next          ff.o
    0x08003988   0x000000be   Code   RO          612    i.dir_read          ff.o
    0x08003a46   0x0000009c   Code   RO          615    i.dir_sdi           ff.o
    0x08003ae2   0x0000002e   Code   RO          554    i.disk_initialize   diskio.o
    0x08003b10   0x00000068   Code   RO          556    i.disk_read         diskio.o
    0x08003b78   0x00000022   Code   RO          557    i.disk_status       diskio.o
    0x08003b9a   0x00000002   PAD
    0x08003b9c   0x00000064   Code   RO          558    i.disk_write        diskio.o
    0x08003c00   0x00000114   Code   RO          618    i.f_getfree         ff.o
    0x08003d14   0x0000002c   Code   RO          622    i.f_mount           ff.o
    0x08003d40   0x00000078   Code   RO          624    i.f_opendir         ff.o
    0x08003db8   0x00000060   Code   RO          626    i.f_readdir         ff.o
    0x08003e18   0x0000000e   Code   RO          267    i.ff_convert        sd.o
    0x08003e26   0x0000001a   Code   RO          268    i.ff_wtoupper       sd.o
    0x08003e40   0x0000009e   Code   RO          635    i.follow_path       ff.o
    0x08003ede   0x00000002   PAD
    0x08003ee0   0x00000024   Code   RO          230    i.fputc             usart.o
    0x08003f04   0x000000e4   Code   RO          637    i.get_fat           ff.o
    0x08003fe8   0x00000128   Code   RO          638    i.get_fileinfo      ff.o
    0x08004110   0x00000044   Code   RO            1    i.main              main.o
    0x08004154   0x00000026   Code   RO          639    i.mem_cmp           ff.o
    0x0800417a   0x00000014   Code   RO          641    i.mem_set           ff.o
    0x0800418e   0x00000072   Code   RO          642    i.move_window       ff.o
    0x08004200   0x00000074   Code   RO          643    i.pick_lfn          ff.o
    0x08004274   0x00000136   Code   RO          644    i.put_fat           ff.o
    0x080043aa   0x00000020   Code   RO          646    i.sum_sfn           ff.o
    0x080043ca   0x0000002a   Code   RO          648    i.validate          ff.o
    0x080043f4   0x000000ba   Data   RO          650    .constdata          ff.o
    0x080044ae   0x00000002   PAD
    0x080044b0   0x00000020   Data   RO         4247    Region$$Table       anon$$obj.o


    Execution Region RW_IRAM1 (Base: 0x20000000, Size: 0x00000c30, Max: 0x0000c000, ABSOLUTE, COMPRESSED[0x00000020])

    Base Addr    Size         Type   Attr      Idx    E Section Name        Object

    0x20000000   0x00000200   Data   RW            2    .data               main.o
    0x20000200   0x00000028   Data   RW          372    .data               sdio_sd.o
    0x20000228   0x00000006   Data   RW          651    .data               ff.o
    0x2000022e   0x00000014   Data   RW         2562    .data               stm32f10x_rcc.o
    0x20000242   0x00000002   PAD
    0x20000244   0x00000004   Data   RW         4221    .data               mc_w.l(stdout.o)
    0x20000248   0x00000330   Zero   RW          269    .bss                sd.o
    0x20000578   0x000000b4   Zero   RW          371    .bss                sdio_sd.o
    0x2000062c   0x00000200   Zero   RW          649    .bss                ff.o
    0x2000082c   0x00000004   PAD
    0x20000830   0x00000400   Zero   RW          922    STACK               startup_stm32f10x_hd.o


==============================================================================

Image component sizes


      Code (inc. data)   RO Data    RW Data    ZI Data      Debug   Object Name

        88          0          0          0          0       2352   config.o
         0          0          0          0          0         32   core_cm3.o
       284         10          0          0          0       4654   diskio.o
      4688         72        186          6        512      29600   ff.o
        68         32          0        512          0      16627   main.o
       132         22          0          0          0       1735   misc.o
       848        364          0          0        816       5530   sd.o
      7942        422          0         40        180      33210   sdio_sd.o
        36          8        304          0       1024        920   startup_stm32f10x_hd.o
       156         18          0          0          0       4213   stm32f10x_dma.o
       296          0          0          0          0       2760   stm32f10x_gpio.o
        26          0          0          0          0     251714   stm32f10x_it.o
       276         32          0         20          0       4725   stm32f10x_rcc.o
       408         96          0          0          0      11791   stm32f10x_sdio.o
       348          6          0          0          0       5197   stm32f10x_usart.o
       328         28          0          0          0       2321   system_stm32f10x.o
       192         16          0          0          0       2687   usart.o

    ----------------------------------------------------------------------
     16132       1126        524        580       2536     380068   Object Totals
         0          0         32          0          0          0   (incl. Generated)
        16          0          2          2          4          0   (incl. Padding)

    ----------------------------------------------------------------------

      Code (inc. data)   RO Data    RW Data    ZI Data      Debug   Library Member Name

        58          0          0          0          0          0   __dczerorl.o
         0          0          0          0          0          0   entry.o
         0          0          0          0          0          0   entry10a.o
         0          0          0          0          0          0   entry11a.o
         8          4          0          0          0          0   entry2.o
         4          0          0          0          0          0   entry5.o
         0          0          0          0          0          0   entry7b.o
         0          0          0          0          0          0   entry8b.o
         8          4          0          0          0          0   entry9a.o
        30          0          0          0          0          0   handlers.o
        36          8          0          0          0         68   init.o
        30          0          0          0          0         68   llshl.o
        32          0          0          0          0         68   llushr.o
       638         20          0          0          0        336   printf4.o
         0          0          0          4          0          0   stdout.o
        14          0          0          0          0         68   strlen.o
        98          0          0          0          0         92   uldiv.o

    ----------------------------------------------------------------------
       960         36          0          4          0        700   Library Totals
         4          0          0          0          0          0   (incl. Padding)

    ----------------------------------------------------------------------

      Code (inc. data)   RO Data    RW Data    ZI Data      Debug   Library Name

       956         36          0          4          0        700   mc_w.l

    ----------------------------------------------------------------------
       960         36          0          4          0        700   Library Totals

    ----------------------------------------------------------------------

==============================================================================


      Code (inc. data)   RO Data    RW Data    ZI Data      Debug   

     17092       1162        524        584       2536     374916   Grand Totals
     17092       1162        524         32       2536     374916   ELF Image Totals (compressed)
     17092       1162        524         32          0          0   ROM Totals

==============================================================================

    Total RO  Size (Code + RO Data)                17616 (  17.20kB)
    Total RW  Size (RW Data + ZI Data)              3120 (   3.05kB)
    Total ROM Size (Code + RO Data + RW Data)      17648 (  17.23kB)

==============================================================================

