ARM Linker, 4.1 [Build 567] [Professional]

==============================================================================

Section Cross References

    main.o(i.EXTI15_10_IRQHandler) refers to stm32f10x_exti.o(i.EXTI_ClearITPendingBit) for EXTI_ClearITPendingBit
    main.o(i.EXTI15_10_IRQHandler) refers to stm32f10x_gpio.o(i.GPIO_ReadInputDataBit) for GPIO_ReadInputDataBit
    main.o(i.EXTI15_10_IRQHandler) refers to stm32f10x_gpio.o(i.GPIO_WriteBit) for GPIO_WriteBit
    main.o(i.EXTI2_IRQHandler) refers to stm32f10x_exti.o(i.EXTI_ClearITPendingBit) for EXTI_ClearITPendingBit
    main.o(i.EXTI2_IRQHandler) refers to stm32f10x_gpio.o(i.GPIO_ReadInputDataBit) for GPIO_ReadInputDataBit
    main.o(i.EXTI2_IRQHandler) refers to stm32f10x_gpio.o(i.GPIO_WriteBit) for GPIO_WriteBit
    main.o(i.main) refers to stm32f10x_rcc.o(i.RCC_APB2PeriphClockCmd) for RCC_APB2PeriphClockCmd
    main.o(i.main) refers to config.o(i.GPIO_Config) for GPIO_Config
    main.o(i.main) refers to stm32f10x_gpio.o(i.GPIO_EXTILineConfig) for GPIO_EXTILineConfig
    main.o(i.main) refers to config.o(i.EXTI_Config) for EXTI_Config
    main.o(i.main) refers to config.o(i.NVIC_Config) for NVIC_Config
    stm32f10x_rcc.o(i.RCC_GetClocksFreq) refers to stm32f10x_rcc.o(.data) for .data
    stm32f10x_rcc.o(i.RCC_WaitForHSEStartUp) refers to stm32f10x_rcc.o(i.RCC_GetFlagStatus) for RCC_GetFlagStatus
    stm32f10x_gpio.o(i.GPIO_AFIODeInit) refers to stm32f10x_rcc.o(i.RCC_APB2PeriphResetCmd) for RCC_APB2PeriphResetCmd
    stm32f10x_gpio.o(i.GPIO_DeInit) refers to stm32f10x_rcc.o(i.RCC_APB2PeriphResetCmd) for RCC_APB2PeriphResetCmd
    stm32f10x_spi.o(i.I2S_Init) refers to stm32f10x_rcc.o(i.RCC_GetClocksFreq) for RCC_GetClocksFreq
    stm32f10x_spi.o(i.SPI_I2S_DeInit) refers to stm32f10x_rcc.o(i.RCC_APB2PeriphResetCmd) for RCC_APB2PeriphResetCmd
    stm32f10x_spi.o(i.SPI_I2S_DeInit) refers to stm32f10x_rcc.o(i.RCC_APB1PeriphResetCmd) for RCC_APB1PeriphResetCmd
    stm32f10x_usart.o(i.USART_DeInit) refers to stm32f10x_rcc.o(i.RCC_APB2PeriphResetCmd) for RCC_APB2PeriphResetCmd
    stm32f10x_usart.o(i.USART_DeInit) refers to stm32f10x_rcc.o(i.RCC_APB1PeriphResetCmd) for RCC_APB1PeriphResetCmd
    stm32f10x_usart.o(i.USART_Init) refers to stm32f10x_rcc.o(i.RCC_GetClocksFreq) for RCC_GetClocksFreq
    stm32f10x_i2c.o(i.I2C_DeInit) refers to stm32f10x_rcc.o(i.RCC_APB1PeriphResetCmd) for RCC_APB1PeriphResetCmd
    stm32f10x_i2c.o(i.I2C_Init) refers to stm32f10x_rcc.o(i.RCC_GetClocksFreq) for RCC_GetClocksFreq
    stm32f10x_adc.o(i.ADC_DeInit) refers to stm32f10x_rcc.o(i.RCC_APB2PeriphResetCmd) for RCC_APB2PeriphResetCmd
    stm32f10x_bkp.o(i.BKP_DeInit) refers to stm32f10x_rcc.o(i.RCC_BackupResetCmd) for RCC_BackupResetCmd
    stm32f10x_can.o(i.CAN_DeInit) refers to stm32f10x_rcc.o(i.RCC_APB1PeriphResetCmd) for RCC_APB1PeriphResetCmd
    stm32f10x_can.o(i.CAN_GetITStatus) refers to stm32f10x_can.o(i.CheckITStatus) for CheckITStatus
    stm32f10x_cec.o(i.CEC_DeInit) refers to stm32f10x_rcc.o(i.RCC_APB1PeriphResetCmd) for RCC_APB1PeriphResetCmd
    stm32f10x_dac.o(i.DAC_DeInit) refers to stm32f10x_rcc.o(i.RCC_APB1PeriphResetCmd) for RCC_APB1PeriphResetCmd
    stm32f10x_flash.o(i.FLASH_EnableWriteProtection) refers to stm32f10x_flash.o(i.FLASH_WaitForLastOperation) for FLASH_WaitForLastOperation
    stm32f10x_flash.o(i.FLASH_EraseAllBank1Pages) refers to stm32f10x_flash.o(i.FLASH_WaitForLastBank1Operation) for FLASH_WaitForLastBank1Operation
    stm32f10x_flash.o(i.FLASH_EraseAllPages) refers to stm32f10x_flash.o(i.FLASH_WaitForLastOperation) for FLASH_WaitForLastOperation
    stm32f10x_flash.o(i.FLASH_EraseOptionBytes) refers to stm32f10x_flash.o(i.FLASH_GetReadOutProtectionStatus) for FLASH_GetReadOutProtectionStatus
    stm32f10x_flash.o(i.FLASH_EraseOptionBytes) refers to stm32f10x_flash.o(i.FLASH_WaitForLastOperation) for FLASH_WaitForLastOperation
    stm32f10x_flash.o(i.FLASH_ErasePage) refers to stm32f10x_flash.o(i.FLASH_WaitForLastOperation) for FLASH_WaitForLastOperation
    stm32f10x_flash.o(i.FLASH_ProgramHalfWord) refers to stm32f10x_flash.o(i.FLASH_WaitForLastOperation) for FLASH_WaitForLastOperation
    stm32f10x_flash.o(i.FLASH_ProgramOptionByteData) refers to stm32f10x_flash.o(i.FLASH_WaitForLastOperation) for FLASH_WaitForLastOperation
    stm32f10x_flash.o(i.FLASH_ProgramWord) refers to stm32f10x_flash.o(i.FLASH_WaitForLastOperation) for FLASH_WaitForLastOperation
    stm32f10x_flash.o(i.FLASH_ReadOutProtection) refers to stm32f10x_flash.o(i.FLASH_WaitForLastOperation) for FLASH_WaitForLastOperation
    stm32f10x_flash.o(i.FLASH_UserOptionByteConfig) refers to stm32f10x_flash.o(i.FLASH_WaitForLastOperation) for FLASH_WaitForLastOperation
    stm32f10x_flash.o(i.FLASH_WaitForLastBank1Operation) refers to stm32f10x_flash.o(i.FLASH_GetBank1Status) for FLASH_GetBank1Status
[...]
    stm32_eval_i2c_tsensor.o(i.LM75_ReadConfReg) refers to stm32f10x_dma.o(i.DMA_Cmd) for DMA_Cmd
    stm32_eval_i2c_tsensor.o(i.LM75_ReadConfReg) refers to stm32f10x_dma.o(i.DMA_GetFlagStatus) for DMA_GetFlagStatus
    stm32_eval_i2c_tsensor.o(i.LM75_ReadConfReg) refers to stm32f10x_i2c.o(i.I2C_GenerateSTOP) for I2C_GenerateSTOP
    stm32_eval_i2c_tsensor.o(i.LM75_ReadConfReg) refers to stm32f10x_dma.o(i.DMA_ClearFlag) for DMA_ClearFlag
    stm32_eval_i2c_tsensor.o(i.LM75_ReadConfReg) refers to stm32_eval_i2c_tsensor.o(.data) for .data
    stm32_eval_i2c_tsensor.o(i.LM75_ReadReg) refers to stm32f10x_i2c.o(i.I2C_GetFlagStatus) for I2C_GetFlagStatus
    stm32_eval_i2c_tsensor.o(i.LM75_ReadReg) refers to stm32_eval_i2c_tsensor.o(i.LM75_DMA_Config) for LM75_DMA_Config
    stm32_eval_i2c_tsensor.o(i.LM75_ReadReg) refers to stm32f10x_i2c.o(i.I2C_DMALastTransferCmd) for I2C_DMALastTransferCmd
    stm32_eval_i2c_tsensor.o(i.LM75_ReadReg) refers to stm32f10x_i2c.o(i.I2C_GenerateSTART) for I2C_GenerateSTART
    stm32_eval_i2c_tsensor.o(i.LM75_ReadReg) refers to stm32f10x_i2c.o(i.I2C_Send7bitAddress) for I2C_Send7bitAddress
    stm32_eval_i2c_tsensor.o(i.LM75_ReadReg) refers to stm32f10x_i2c.o(i.I2C_CheckEvent) for I2C_CheckEvent
    stm32_eval_i2c_tsensor.o(i.LM75_ReadReg) refers to stm32f10x_i2c.o(i.I2C_SendData) for I2C_SendData
    stm32_eval_i2c_tsensor.o(i.LM75_ReadReg) refers to stm32f10x_i2c.o(i.I2C_DMACmd) for I2C_DMACmd
    stm32_eval_i2c_tsensor.o(i.LM75_ReadReg) refers to stm32f10x_dma.o(i.DMA_Cmd) for DMA_Cmd
    stm32_eval_i2c_tsensor.o(i.LM75_ReadReg) refers to stm32f10x_dma.o(i.DMA_GetFlagStatus) for DMA_GetFlagStatus
    stm32_eval_i2c_tsensor.o(i.LM75_ReadReg) refers to stm32f10x_i2c.o(i.I2C_GenerateSTOP) for I2C_GenerateSTOP
    stm32_eval_i2c_tsensor.o(i.LM75_ReadReg) refers to stm32f10x_dma.o(i.DMA_ClearFlag) for DMA_ClearFlag
    stm32_eval_i2c_tsensor.o(i.LM75_ReadReg) refers to stm32_eval_i2c_tsensor.o(.data) for .data
    stm32_eval_i2c_tsensor.o(i.LM75_ReadTemp) refers to stm32f10x_i2c.o(i.I2C_GetFlagStatus) for I2C_GetFlagStatus
    stm32_eval_i2c_tsensor.o(i.LM75_ReadTemp) refers to stm32_eval_i2c_tsensor.o(i.LM75_DMA_Config) for LM75_DMA_Config
    stm32_eval_i2c_tsensor.o(i.LM75_ReadTemp) refers to stm32f10x_i2c.o(i.I2C_DMALastTransferCmd) for I2C_DMALastTransferCmd
    stm32_eval_i2c_tsensor.o(i.LM75_ReadTemp) refers to stm32f10x_i2c.o(i.I2C_GenerateSTART) for I2C_GenerateSTART
    stm32_eval_i2c_tsensor.o(i.LM75_ReadTemp) refers to stm32f10x_i2c.o(i.I2C_Send7bitAddress) for I2C_Send7bitAddress
    stm32_eval_i2c_tsensor.o(i.LM75_ReadTemp) refers to stm32f10x_i2c.o(i.I2C_CheckEvent) for I2C_CheckEvent
    stm32_eval_i2c_tsensor.o(i.LM75_ReadTemp) refers to stm32f10x_i2c.o(i.I2C_SendData) for I2C_SendData
    stm32_eval_i2c_tsensor.o(i.LM75_ReadTemp) refers to stm32f10x_i2c.o(i.I2C_DMACmd) for I2C_DMACmd
    stm32_eval_i2c_tsensor.o(i.LM75_ReadTemp) refers to stm32f10x_dma.o(i.DMA_Cmd) for DMA_Cmd
    stm32_eval_i2c_tsensor.o(i.LM75_ReadTemp) refers to stm32f10x_dma.o(i.DMA_GetFlagStatus) for DMA_GetFlagStatus
    stm32_eval_i2c_tsensor.o(i.LM75_ReadTemp) refers to stm32f10x_i2c.o(i.I2C_GenerateSTOP) for I2C_GenerateSTOP
    stm32_eval_i2c_tsensor.o(i.LM75_ReadTemp) refers to stm32f10x_dma.o(i.DMA_ClearFlag) for DMA_ClearFlag
    stm32_eval_i2c_tsensor.o(i.LM75_ReadTemp) refers to stm32_eval_i2c_tsensor.o(.data) for .data
    stm32_eval_i2c_tsensor.o(i.LM75_ShutDown) refers to stm32f10x_i2c.o(i.I2C_GetFlagStatus) for I2C_GetFlagStatus
    stm32_eval_i2c_tsensor.o(i.LM75_ShutDown) refers to stm32_eval_i2c_tsensor.o(i.LM75_DMA_Config) for LM75_DMA_Config
    stm32_eval_i2c_tsensor.o(i.LM75_ShutDown) refers to stm32f10x_i2c.o(i.I2C_DMALastTransferCmd) for I2C_DMALastTransferCmd
    stm32_eval_i2c_tsensor.o(i.LM75_ShutDown) refers to stm32f10x_i2c.o(i.I2C_GenerateSTART) for I2C_GenerateSTART
    stm32_eval_i2c_tsensor.o(i.LM75_ShutDown) refers to stm32f10x_i2c.o(i.I2C_Send7bitAddress) for I2C_Send7bitAddress
    stm32_eval_i2c_tsensor.o(i.LM75_ShutDown) refers to stm32f10x_i2c.o(i.I2C_CheckEvent) for I2C_CheckEvent
    stm32_eval_i2c_tsensor.o(i.LM75_ShutDown) refers to stm32f10x_i2c.o(i.I2C_SendData) for I2C_SendData
    stm32_eval_i2c_tsensor.o(i.LM75_ShutDown) refers to stm32f10x_i2c.o(i.I2C_DMACmd) for I2C_DMACmd
    stm32_eval_i2c_tsensor.o(i.LM75_ShutDown) refers to stm32f10x_dma.o(i.DMA_Cmd) for DMA_Cmd
    stm32_eval_i2c_tsensor.o(i.LM75_ShutDown) refers to stm32f10x_dma.o(i.DMA_GetFlagStatus) for DMA_GetFlagStatus
    stm32_eval_i2c_tsensor.o(i.LM75_ShutDown) refers to stm32f10x_i2c.o(i.I2C_GenerateSTOP) for I2C_GenerateSTOP
    stm32_eval_i2c_tsensor.o(i.LM75_ShutDown) refers to stm32f10x_dma.o(i.DMA_ClearFlag) for DMA_ClearFlag
    stm32_eval_i2c_tsensor.o(i.LM75_ShutDown) refers to stm32_eval_i2c_tsensor.o(.data) for .data
    stm32_eval_i2c_tsensor.o(i.LM75_WriteConfReg) refers to stm32f10x_i2c.o(i.I2C_GetFlagStatus) for I2C_GetFlagStatus
    stm32_eval_i2c_tsensor.o(i.LM75_WriteConfReg) refers to stm32_eval_i2c_tsensor.o(i.LM75_DMA_Config) for LM75_DMA_Config
    stm32_eval_i2c_tsensor.o(i.LM75_WriteConfReg) refers to stm32f10x_i2c.o(i.I2C_GenerateSTART) for I2C_GenerateSTART
    stm32_eval_i2c_tsensor.o(i.LM75_WriteConfReg) refers to stm32f10x_i2c.o(i.I2C_Send7bitAddress) for I2C_Send7bitAddress
    stm32_eval_i2c_tsensor.o(i.LM75_WriteConfReg) refers to stm32f10x_i2c.o(i.I2C_CheckEvent) for I2C_CheckEvent
    stm32_eval_i2c_tsensor.o(i.LM75_WriteConfReg) refers to stm32f10x_i2c.o(i.I2C_SendData) for I2C_SendData
    stm32_eval_i2c_tsensor.o(i.LM75_WriteConfReg) refers to stm32f10x_i2c.o(i.I2C_DMACmd) for I2C_DMACmd
    stm32_eval_i2c_tsensor.o(i.LM75_WriteConfReg) refers to stm32f10x_dma.o(i.DMA_Cmd) for DMA_Cmd
    stm32_eval_i2c_tsensor.o(i.LM75_WriteConfReg) refers to stm32f10x_dma.o(i.DMA_GetFlagStatus) for DMA_GetFlagStatus
    stm32_eval_i2c_tsensor.o(i.LM75_WriteConfReg) refers to stm32f10x_i2c.o(i.I2C_GenerateSTOP) for I2C_GenerateSTOP
    stm32_eval_i2c_tsensor.o(i.LM75_WriteConfReg) refers to stm32f10x_dma.o(i.DMA_ClearFlag) for DMA_ClearFlag
    stm32_eval_i2c_tsensor.o(i.LM75_WriteConfReg) refers to stm32_eval_i2c_tsensor.o(.data) for .data
    stm32_eval_i2c_tsensor.o(i.LM75_WriteReg) refers to stm32f10x_i2c.o(i.I2C_GetFlagStatus) for I2C_GetFlagStatus
    stm32_eval_i2c_tsensor.o(i.LM75_WriteReg) refers to stm32_eval_i2c_tsensor.o(i.LM75_DMA_Config) for LM75_DMA_Config
    stm32_eval_i2c_tsensor.o(i.LM75_WriteReg) refers to stm32f10x_i2c.o(i.I2C_GenerateSTART) for I2C_GenerateSTART
    stm32_eval_i2c_tsensor.o(i.LM75_WriteReg) refers to stm32f10x_i2c.o(i.I2C_Send7bitAddress) for I2C_Send7bitAddress
    stm32_eval_i2c_tsensor.o(i.LM75_WriteReg) refers to stm32f10x_i2c.o(i.I2C_CheckEvent) for I2C_CheckEvent
    stm32_eval_i2c_tsensor.o(i.LM75_WriteReg) refers to stm32f10x_i2c.o(i.I2C_SendData) for I2C_SendData
    stm32_eval_i2c_tsensor.o(i.LM75_WriteReg) refers to stm32f10x_i2c.o(i.I2C_DMACmd) for I2C_DMACmd
    stm32_eval_i2c_tsensor.o(i.LM75_WriteReg) refers to stm32f10x_dma.o(i.DMA_Cmd) for DMA_Cmd
    stm32_eval_i2c_tsensor.o(i.LM75_WriteReg) refers to stm32f10x_dma.o(i.DMA_GetFlagStatus) for DMA_GetFlagStatus
    stm32_eval_i2c_tsensor.o(i.LM75_WriteReg) refers to stm32f10x_i2c.o(i.I2C_GenerateSTOP) for I2C_GenerateSTOP
    stm32_eval_i2c_tsensor.o(i.LM75_WriteReg) refers to stm32f10x_dma.o(i.DMA_ClearFlag) for DMA_ClearFlag
    stm32_eval_i2c_tsensor.o(i.LM75_WriteReg) refers to stm32_eval_i2c_tsensor.o(.data) for .data
    stm32_eval_spi_flash.o(i.sFLASH_DeInit) refers to stm32_eval.o(i.sFLASH_LowLevel_DeInit) for sFLASH_LowLevel_DeInit
    stm32_eval_spi_flash.o(i.sFLASH_EraseBulk) refers to stm32_eval_spi_flash.o(i.sFLASH_WriteEnable) for sFLASH_WriteEnable
    stm32_eval_spi_flash.o(i.sFLASH_EraseBulk) refers to stm32f10x_gpio.o(i.GPIO_ResetBits) for GPIO_ResetBits
    stm32_eval_spi_flash.o(i.sFLASH_EraseBulk) refers to stm32_eval_spi_flash.o(i.sFLASH_SendByte) for sFLASH_SendByte
    stm32_eval_spi_flash.o(i.sFLASH_EraseBulk) refers to stm32f10x_gpio.o(i.GPIO_SetBits) for GPIO_SetBits
    stm32_eval_spi_flash.o(i.sFLASH_EraseBulk) refers to stm32_eval_spi_flash.o(i.sFLASH_WaitForWriteEnd) for sFLASH_WaitForWriteEnd
    stm32_eval_spi_flash.o(i.sFLASH_EraseSector) refers to stm32_eval_spi_flash.o(i.sFLASH_WriteEnable) for sFLASH_WriteEnable
    stm32_eval_spi_flash.o(i.sFLASH_EraseSector) refers to stm32f10x_gpio.o(i.GPIO_ResetBits) for GPIO_ResetBits
    stm32_eval_spi_flash.o(i.sFLASH_EraseSector) refers to stm32_eval_spi_flash.o(i.sFLASH_SendByte) for sFLASH_SendByte
    stm32_eval_spi_flash.o(i.sFLASH_EraseSector) refers to stm32f10x_gpio.o(i.GPIO_SetBits) for GPIO_SetBits
    stm32_eval_spi_flash.o(i.sFLASH_EraseSector) refers to stm32_eval_spi_flash.o(i.sFLASH_WaitForWriteEnd) for sFLASH_WaitForWriteEnd
    stm32_eval_spi_flash.o(i.sFLASH_Init) refers to stm32_eval.o(i.sFLASH_LowLevel_Init) for sFLASH_LowLevel_Init
    stm32_eval_spi_flash.o(i.sFLASH_Init) refers to stm32f10x_gpio.o(i.GPIO_SetBits) for GPIO_SetBits
    stm32_eval_spi_flash.o(i.sFLASH_Init) refers to stm32f10x_spi.o(i.SPI_Init) for SPI_Init
    stm32_eval_spi_flash.o(i.sFLASH_Init) refers to stm32f10x_spi.o(i.SPI_Cmd) for SPI_Cmd
    stm32_eval_spi_flash.o(i.sFLASH_ReadBuffer) refers to stm32f10x_gpio.o(i.GPIO_ResetBits) for GPIO_ResetBits
    stm32_eval_spi_flash.o(i.sFLASH_ReadBuffer) refers to stm32_eval_spi_flash.o(i.sFLASH_SendByte) for sFLASH_SendByte
    stm32_eval_spi_flash.o(i.sFLASH_ReadBuffer) refers to stm32f10x_gpio.o(i.GPIO_SetBits) for GPIO_SetBits
    stm32_eval_spi_flash.o(i.sFLASH_ReadByte) refers to stm32_eval_spi_flash.o(i.sFLASH_SendByte) for sFLASH_SendByte
    stm32_eval_spi_flash.o(i.sFLASH_ReadID) refers to stm32f10x_gpio.o(i.GPIO_ResetBits) for GPIO_ResetBits
    stm32_eval_spi_flash.o(i.sFLASH_ReadID) refers to stm32_eval_spi_flash.o(i.sFLASH_SendByte) for sFLASH_SendByte
    stm32_eval_spi_flash.o(i.sFLASH_ReadID) refers to stm32f10x_gpio.o(i.GPIO_SetBits) for GPIO_SetBits
    stm32_eval_spi_flash.o(i.sFLASH_SendByte) refers to stm32f10x_spi.o(i.SPI_I2S_GetFlagStatus) for SPI_I2S_GetFlagStatus
    stm32_eval_spi_flash.o(i.sFLASH_SendByte) refers to stm32f10x_spi.o(i.SPI_I2S_SendData) for SPI_I2S_SendData
    stm32_eval_spi_flash.o(i.sFLASH_SendByte) refers to stm32f10x_spi.o(i.SPI_I2S_ReceiveData) for SPI_I2S_ReceiveData
    stm32_eval_spi_flash.o(i.sFLASH_SendHalfWord) refers to stm32f10x_spi.o(i.SPI_I2S_GetFlagStatus) for SPI_I2S_GetFlagStatus
    stm32_eval_spi_flash.o(i.sFLASH_SendHalfWord) refers to stm32f10x_spi.o(i.SPI_I2S_SendData) for SPI_I2S_SendData
    stm32_eval_spi_flash.o(i.sFLASH_SendHalfWord) refers to stm32f10x_spi.o(i.SPI_I2S_ReceiveData) for SPI_I2S_ReceiveData
    stm32_eval_spi_flash.o(i.sFLASH_StartReadSequence) refers to stm32f10x_gpio.o(i.GPIO_ResetBits) for GPIO_ResetBits
    stm32_eval_spi_flash.o(i.sFLASH_StartReadSequence) refers to stm32_eval_spi_flash.o(i.sFLASH_SendByte) for sFLASH_SendByte
    stm32_eval_spi_flash.o(i.sFLASH_WaitForWriteEnd) refers to stm32f10x_gpio.o(i.GPIO_ResetBits) for GPIO_ResetBits
    stm32_eval_spi_flash.o(i.sFLASH_WaitForWriteEnd) refers to stm32_eval_spi_flash.o(i.sFLASH_SendByte) for sFLASH_SendByte
    stm32_eval_spi_flash.o(i.sFLASH_WaitForWriteEnd) refers to stm32f10x_gpio.o(i.GPIO_SetBits) for GPIO_SetBits
    stm32_eval_spi_flash.o(i.sFLASH_WriteBuffer) refers to stm32_eval_spi_flash.o(i.sFLASH_WritePage) for sFLASH_WritePage
    stm32_eval_spi_flash.o(i.sFLASH_WriteEnable) refers to stm32f10x_gpio.o(i.GPIO_ResetBits) for GPIO_ResetBits
    stm32_eval_spi_flash.o(i.sFLASH_WriteEnable) refers to stm32_eval_spi_flash.o(i.sFLASH_SendByte) for sFLASH_SendByte
    stm32_eval_spi_flash.o(i.sFLASH_WriteEnable) refers to stm32f10x_gpio.o(i.GPIO_SetBits) for GPIO_SetBits
    stm32_eval_spi_flash.o(i.sFLASH_WritePage) refers to stm32_eval_spi_flash.o(i.sFLASH_WriteEnable) for sFLASH_WriteEnable
    stm32_eval_spi_flash.o(i.sFLASH_WritePage) refers to stm32f10x_gpio.o(i.GPIO_ResetBits) for GPIO_ResetBits
    stm32_eval_spi_flash.o(i.sFLASH_WritePage) refers to stm32_eval_spi_flash.o(i.sFLASH_SendByte) for sFLASH_SendByte
    stm32_eval_spi_flash.o(i.sFLASH_WritePage) refers to stm32f10x_gpio.o(i.GPIO_SetBits) for GPIO_SetBits
    stm32_eval_spi_flash.o(i.sFLASH_WritePage) refers to stm32_eval_spi_flash.o(i.sFLASH_WaitForWriteEnd) for sFLASH_WaitForWriteEnd
    stm3210b_eval_lcd.o(i.LCD_Clear) refers to stm3210b_eval_lcd.o(i.LCD_SetCursor) for LCD_SetCursor
    stm3210b_eval_lcd.o(i.LCD_Clear) refers to stm3210b_eval_lcd.o(i.LCD_WriteRAM_Prepare) for LCD_WriteRAM_Prepare
    stm3210b_eval_lcd.o(i.LCD_Clear) refers to stm3210b_eval_lcd.o(i.LCD_WriteRAM) for LCD_WriteRAM
    stm3210b_eval_lcd.o(i.LCD_Clear) refers to stm32f10x_gpio.o(i.GPIO_WriteBit) for GPIO_WriteBit
    stm3210b_eval_lcd.o(i.LCD_Clear) refers to stm3210b_eval_lcd.o(.data) for .data
    stm3210b_eval_lcd.o(i.LCD_ClearLine) refers to stm3210b_eval_lcd.o(i.LCD_DisplayChar) for LCD_DisplayChar
    stm3210b_eval_lcd.o(i.LCD_ClearLine) refers to stm3210b_eval_lcd.o(.data) for .data
    stm3210b_eval_lcd.o(i.LCD_ClosedPolyLine) refers to stm3210b_eval_lcd.o(i.LCD_PolyLine) for LCD_PolyLine
    stm3210b_eval_lcd.o(i.LCD_ClosedPolyLine) refers to stm3210b_eval_lcd.o(i.LCD_DrawUniLine) for LCD_DrawUniLine
    stm3210b_eval_lcd.o(i.LCD_ClosedPolyLineRelative) refers to stm3210b_eval_lcd.o(i.LCD_PolyLineRelativeClosed) for LCD_PolyLineRelativeClosed
    stm3210b_eval_lcd.o(i.LCD_CtrlLinesConfig) refers to stm32f10x_rcc.o(i.RCC_APB2PeriphClockCmd) for RCC_APB2PeriphClockCmd
    stm3210b_eval_lcd.o(i.LCD_CtrlLinesConfig) refers to stm32f10x_gpio.o(i.GPIO_Init) for GPIO_Init
    stm3210b_eval_lcd.o(i.LCD_CtrlLinesConfig) refers to stm32f10x_gpio.o(i.GPIO_WriteBit) for GPIO_WriteBit
    stm3210b_eval_lcd.o(i.LCD_CtrlLinesWrite) refers to stm32f10x_gpio.o(i.GPIO_WriteBit) for GPIO_WriteBit
    stm3210b_eval_lcd.o(i.LCD_DeInit) refers to stm3210b_eval_lcd.o(i.LCD_DisplayOff) for LCD_DisplayOff
    stm3210b_eval_lcd.o(i.LCD_DeInit) refers to stm32f10x_spi.o(i.SPI_Cmd) for SPI_Cmd
    stm3210b_eval_lcd.o(i.LCD_DeInit) refers to stm32f10x_spi.o(i.SPI_I2S_DeInit) for SPI_I2S_DeInit
    stm3210b_eval_lcd.o(i.LCD_DeInit) refers to stm32f10x_rcc.o(i.RCC_APB1PeriphClockCmd) for RCC_APB1PeriphClockCmd
    stm3210b_eval_lcd.o(i.LCD_DeInit) refers to stm32f10x_gpio.o(i.GPIO_Init) for GPIO_Init
    stm3210b_eval_lcd.o(i.LCD_DisplayChar) refers to stm3210b_eval_lcd.o(i.LCD_DrawChar) for LCD_DrawChar
    stm3210b_eval_lcd.o(i.LCD_DisplayChar) refers to stm3210b_eval_lcd.o(.data) for .data
    stm3210b_eval_lcd.o(i.LCD_DisplayOff) refers to stm3210b_eval_lcd.o(i.LCD_WriteReg) for LCD_WriteReg
    stm3210b_eval_lcd.o(i.LCD_DisplayOff) refers to stm3210b_eval_lcd.o(i.delay) for delay
    stm3210b_eval_lcd.o(i.LCD_DisplayOff) refers to stm3210b_eval_lcd.o(.data) for .data
    stm3210b_eval_lcd.o(i.LCD_DisplayOn) refers to stm3210b_eval_lcd.o(i.LCD_WriteReg) for LCD_WriteReg
    stm3210b_eval_lcd.o(i.LCD_DisplayOn) refers to stm3210b_eval_lcd.o(i.delay) for delay
    stm3210b_eval_lcd.o(i.LCD_DisplayOn) refers to stm3210b_eval_lcd.o(.data) for .data
    stm3210b_eval_lcd.o(i.LCD_DisplayStringLine) refers to stm3210b_eval_lcd.o(i.LCD_DisplayChar) for LCD_DisplayChar
    stm3210b_eval_lcd.o(i.LCD_DisplayStringLine) refers to stm3210b_eval_lcd.o(.data) for .data
    stm3210b_eval_lcd.o(i.LCD_DrawChar) refers to stm3210b_eval_lcd.o(i.LCD_SetCursor) for LCD_SetCursor
    stm3210b_eval_lcd.o(i.LCD_DrawChar) refers to stm3210b_eval_lcd.o(i.LCD_WriteRAM_Prepare) for LCD_WriteRAM_Prepare
    stm3210b_eval_lcd.o(i.LCD_DrawChar) refers to stm3210b_eval_lcd.o(i.LCD_WriteRAM) for LCD_WriteRAM
    stm3210b_eval_lcd.o(i.LCD_DrawChar) refers to stm32f10x_gpio.o(i.GPIO_WriteBit) for GPIO_WriteBit
    stm3210b_eval_lcd.o(i.LCD_DrawChar) refers to stm3210b_eval_lcd.o(.data) for .data
    stm3210b_eval_lcd.o(i.LCD_DrawCircle) refers to stm3210b_eval_lcd.o(i.LCD_SetCursor) for LCD_SetCursor
    stm3210b_eval_lcd.o(i.LCD_DrawCircle) refers to stm3210b_eval_lcd.o(i.LCD_WriteRAMWord) for LCD_WriteRAMWord
    stm3210b_eval_lcd.o(i.LCD_DrawCircle) refers to stm3210b_eval_lcd.o(i.LCD_WriteRAM) for LCD_WriteRAM
    stm3210b_eval_lcd.o(i.LCD_DrawCircle) refers to stm3210b_eval_lcd.o(.data) for .data
    stm3210b_eval_lcd.o(i.LCD_DrawFullCircle) refers to stm3210b_eval_lcd.o(i.LCD_DrawLine) for LCD_DrawLine
    stm3210b_eval_lcd.o(i.LCD_DrawFullCircle) refers to stm3210b_eval_lcd.o(i.LCD_DrawCircle) for LCD_DrawCircle
    stm3210b_eval_lcd.o(i.LCD_DrawFullCircle) refers to stm3210b_eval_lcd.o(.data) for .data
    stm3210b_eval_lcd.o(i.LCD_DrawFullRect) refers to stm3210b_eval_lcd.o(i.LCD_DrawLine) for LCD_DrawLine
    stm3210b_eval_lcd.o(i.LCD_DrawFullRect) refers to stm3210b_eval_lcd.o(.data) for .data
    stm3210b_eval_lcd.o(i.LCD_DrawLine) refers to stm3210b_eval_lcd.o(i.LCD_SetCursor) for LCD_SetCursor
    stm3210b_eval_lcd.o(i.LCD_DrawLine) refers to stm3210b_eval_lcd.o(i.LCD_WriteRAM_Prepare) for LCD_WriteRAM_Prepare
    stm3210b_eval_lcd.o(i.LCD_DrawLine) refers to stm3210b_eval_lcd.o(i.LCD_WriteRAM) for LCD_WriteRAM
    stm3210b_eval_lcd.o(i.LCD_DrawLine) refers to stm32f10x_gpio.o(i.GPIO_WriteBit) for GPIO_WriteBit
    stm3210b_eval_lcd.o(i.LCD_DrawLine) refers to stm3210b_eval_lcd.o(i.LCD_WriteRAMWord) for LCD_WriteRAMWord
    stm3210b_eval_lcd.o(i.LCD_DrawLine) refers to stm3210b_eval_lcd.o(.data) for .data
    stm3210b_eval_lcd.o(i.LCD_DrawMonoPict) refers to stm3210b_eval_lcd.o(i.LCD_SetCursor) for LCD_SetCursor
    stm3210b_eval_lcd.o(i.LCD_DrawMonoPict) refers to stm3210b_eval_lcd.o(i.LCD_WriteRAM_Prepare) for LCD_WriteRAM_Prepare
    stm3210b_eval_lcd.o(i.LCD_DrawMonoPict) refers to stm3210b_eval_lcd.o(i.LCD_WriteRAM) for LCD_WriteRAM
    stm3210b_eval_lcd.o(i.LCD_DrawMonoPict) refers to stm32f10x_gpio.o(i.GPIO_WriteBit) for GPIO_WriteBit
    stm3210b_eval_lcd.o(i.LCD_DrawMonoPict) refers to stm3210b_eval_lcd.o(.data) for .data
    stm3210b_eval_lcd.o(i.LCD_DrawRect) refers to stm3210b_eval_lcd.o(i.LCD_DrawLine) for LCD_DrawLine
    stm3210b_eval_lcd.o(i.LCD_DrawUniLine) refers to stm3210b_eval_lcd.o(i.PutPixel) for PutPixel
    stm3210b_eval_lcd.o(i.LCD_FillPolyLine) refers to dfltui.o(.text) for __aeabi_ui2d
    stm3210b_eval_lcd.o(i.LCD_FillPolyLine) refers to dflti.o(.text) for __aeabi_i2d
    stm3210b_eval_lcd.o(i.LCD_FillPolyLine) refers to cdcmple.o(.text) for __aeabi_cdcmple
    stm3210b_eval_lcd.o(i.LCD_FillPolyLine) refers to cdrcmple.o(.text) for __aeabi_cdrcmple
    stm3210b_eval_lcd.o(i.LCD_FillPolyLine) refers to stm3210b_eval_lcd.o(i.LCD_DrawLine) for LCD_DrawLine
    stm3210b_eval_lcd.o(i.LCD_FillPolyLine) refers to stm3210b_eval_lcd.o(i.PutPixel) for PutPixel
    stm3210b_eval_lcd.o(i.LCD_FillPolyLine) refers to stm3210b_eval_lcd.o(.data) for .data
    stm3210b_eval_lcd.o(i.LCD_GetColors) refers to stm3210b_eval_lcd.o(.data) for .data
    stm3210b_eval_lcd.o(i.LCD_GetFont) refers to stm3210b_eval_lcd.o(.data) for .data
    stm3210b_eval_lcd.o(i.LCD_PolyLine) refers to stm3210b_eval_lcd.o(i.LCD_DrawUniLine) for LCD_DrawUniLine
    stm3210b_eval_lcd.o(i.LCD_PolyLineRelative) refers to stm3210b_eval_lcd.o(i.LCD_PolyLineRelativeClosed) for LCD_PolyLineRelativeClosed
    stm3210b_eval_lcd.o(i.LCD_PolyLineRelativeClosed) refers to stm3210b_eval_lcd.o(i.LCD_DrawUniLine) for LCD_DrawUniLine
    stm3210b_eval_lcd.o(i.LCD_PowerOn) refers to stm3210b_eval_lcd.o(i.LCD_WriteReg) for LCD_WriteReg
    stm3210b_eval_lcd.o(i.LCD_PowerOn) refers to stm3210b_eval_lcd.o(i.delay) for delay
    stm3210b_eval_lcd.o(i.LCD_PowerOn) refers to stm3210b_eval_lcd.o(.data) for .data
    stm3210b_eval_lcd.o(i.LCD_ReadReg) refers to stm3210b_eval_lcd.o(i.LCD_WriteRegIndex) for LCD_WriteRegIndex
    stm3210b_eval_lcd.o(i.LCD_ReadReg) refers to stm3210b_eval_lcd.o(i.LCD_nCS_StartByte) for LCD_nCS_StartByte
    stm3210b_eval_lcd.o(i.LCD_ReadReg) refers to stm32f10x_spi.o(i.SPI_I2S_SendData) for SPI_I2S_SendData
    stm3210b_eval_lcd.o(i.LCD_ReadReg) refers to stm32f10x_spi.o(i.SPI_I2S_GetFlagStatus) for SPI_I2S_GetFlagStatus
    stm3210b_eval_lcd.o(i.LCD_ReadReg) refers to stm32f10x_spi.o(i.SPI_I2S_ReceiveData) for SPI_I2S_ReceiveData
    stm3210b_eval_lcd.o(i.LCD_ReadReg) refers to stm32f10x_gpio.o(i.GPIO_WriteBit) for GPIO_WriteBit
    stm3210b_eval_lcd.o(i.LCD_SPIConfig) refers to stm32f10x_rcc.o(i.RCC_APB2PeriphClockCmd) for RCC_APB2PeriphClockCmd
    stm3210b_eval_lcd.o(i.LCD_SPIConfig) refers to stm32f10x_rcc.o(i.RCC_APB1PeriphClockCmd) for RCC_APB1PeriphClockCmd
    stm3210b_eval_lcd.o(i.LCD_SPIConfig) refers to stm32f10x_gpio.o(i.GPIO_Init) for GPIO_Init
    stm3210b_eval_lcd.o(i.LCD_SPIConfig) refers to stm32f10x_spi.o(i.SPI_I2S_DeInit) for SPI_I2S_DeInit
    stm3210b_eval_lcd.o(i.LCD_SPIConfig) refers to stm32f10x_spi.o(i.SPI_Init) for SPI_Init
    stm3210b_eval_lcd.o(i.LCD_SPIConfig) refers to stm32f10x_spi.o(i.SPI_Cmd) for SPI_Cmd
    stm3210b_eval_lcd.o(i.LCD_SPIConfig) refers to stm3210b_eval_lcd.o(.data) for .data
    stm3210b_eval_lcd.o(i.LCD_SetBackColor) refers to stm3210b_eval_lcd.o(.data) for .data
    stm3210b_eval_lcd.o(i.LCD_SetColors) refers to stm3210b_eval_lcd.o(.data) for .data
    stm3210b_eval_lcd.o(i.LCD_SetCursor) refers to stm3210b_eval_lcd.o(i.LCD_WriteReg) for LCD_WriteReg
    stm3210b_eval_lcd.o(i.LCD_SetCursor) refers to stm3210b_eval_lcd.o(.data) for .data
    stm3210b_eval_lcd.o(i.LCD_SetDisplayWindow) refers to stm3210b_eval_lcd.o(i.LCD_WriteReg) for LCD_WriteReg
    stm3210b_eval_lcd.o(i.LCD_SetDisplayWindow) refers to stm3210b_eval_lcd.o(i.LCD_SetCursor) for LCD_SetCursor
    stm3210b_eval_lcd.o(i.LCD_SetDisplayWindow) refers to stm3210b_eval_lcd.o(.data) for .data
    stm3210b_eval_lcd.o(i.LCD_SetFont) refers to stm3210b_eval_lcd.o(.data) for .data
    stm3210b_eval_lcd.o(i.LCD_SetTextColor) refers to stm3210b_eval_lcd.o(.data) for .data
    stm3210b_eval_lcd.o(i.LCD_Setup) refers to stm3210b_eval_lcd.o(i.LCD_CtrlLinesConfig) for LCD_CtrlLinesConfig
    stm3210b_eval_lcd.o(i.LCD_Setup) refers to stm3210b_eval_lcd.o(i.LCD_SPIConfig) for LCD_SPIConfig
    stm3210b_eval_lcd.o(i.LCD_Setup) refers to stm3210b_eval_lcd.o(i.delay) for delay
    stm3210b_eval_lcd.o(i.LCD_Setup) refers to stm3210b_eval_lcd.o(i.LCD_WriteReg) for LCD_WriteReg
    stm3210b_eval_lcd.o(i.LCD_Setup) refers to stm3210b_eval_lcd.o(.data) for .data
    stm3210b_eval_lcd.o(i.LCD_WindowModeDisable) refers to stm3210b_eval_lcd.o(i.LCD_SetDisplayWindow) for LCD_SetDisplayWindow
    stm3210b_eval_lcd.o(i.LCD_WindowModeDisable) refers to stm3210b_eval_lcd.o(i.LCD_WriteReg) for LCD_WriteReg
    stm3210b_eval_lcd.o(i.LCD_WindowModeDisable) refers to stm3210b_eval_lcd.o(.data) for .data
    stm3210b_eval_lcd.o(i.LCD_WriteRAM) refers to stm32f10x_spi.o(i.SPI_I2S_SendData) for SPI_I2S_SendData
    stm3210b_eval_lcd.o(i.LCD_WriteRAM) refers to stm32f10x_spi.o(i.SPI_I2S_GetFlagStatus) for SPI_I2S_GetFlagStatus
    stm3210b_eval_lcd.o(i.LCD_WriteRAM) refers to stm32f10x_gpio.o(i.GPIO_WriteBit) for GPIO_WriteBit
    stm3210b_eval_lcd.o(i.LCD_WriteRAM) refers to stm3210b_eval_lcd.o(.data) for .data
    stm3210b_eval_lcd.o(i.LCD_WriteRAMWord) refers to stm3210b_eval_lcd.o(i.LCD_WriteRAM_Prepare) for LCD_WriteRAM_Prepare
    stm3210b_eval_lcd.o(i.LCD_WriteRAMWord) refers to stm3210b_eval_lcd.o(i.LCD_WriteRAM) for LCD_WriteRAM
    stm3210b_eval_lcd.o(i.LCD_WriteRAMWord) refers to stm32f10x_gpio.o(i.GPIO_WriteBit) for GPIO_WriteBit
    stm3210b_eval_lcd.o(i.LCD_WriteRAM_Prepare) refers to stm3210b_eval_lcd.o(i.LCD_WriteRegIndex) for LCD_WriteRegIndex
    stm3210b_eval_lcd.o(i.LCD_WriteRAM_Prepare) refers to stm3210b_eval_lcd.o(i.LCD_nCS_StartByte) for LCD_nCS_StartByte
    stm3210b_eval_lcd.o(i.LCD_WriteReg) refers to stm3210b_eval_lcd.o(i.LCD_WriteRegIndex) for LCD_WriteRegIndex
    stm3210b_eval_lcd.o(i.LCD_WriteReg) refers to stm3210b_eval_lcd.o(i.LCD_nCS_StartByte) for LCD_nCS_StartByte
    stm3210b_eval_lcd.o(i.LCD_WriteReg) refers to stm32f10x_spi.o(i.SPI_I2S_SendData) for SPI_I2S_SendData
    stm3210b_eval_lcd.o(i.LCD_WriteReg) refers to stm32f10x_spi.o(i.SPI_I2S_GetFlagStatus) for SPI_I2S_GetFlagStatus
    stm3210b_eval_lcd.o(i.LCD_WriteReg) refers to stm32f10x_gpio.o(i.GPIO_WriteBit) for GPIO_WriteBit
    stm3210b_eval_lcd.o(i.LCD_WriteReg) refers to stm3210b_eval_lcd.o(.data) for .data
    stm3210b_eval_lcd.o(i.LCD_WriteRegIndex) refers to stm3210b_eval_lcd.o(i.LCD_nCS_StartByte) for LCD_nCS_StartByte
    stm3210b_eval_lcd.o(i.LCD_WriteRegIndex) refers to stm32f10x_spi.o(i.SPI_I2S_SendData) for SPI_I2S_SendData
    stm3210b_eval_lcd.o(i.LCD_WriteRegIndex) refers to stm32f10x_spi.o(i.SPI_I2S_GetFlagStatus) for SPI_I2S_GetFlagStatus
    stm3210b_eval_lcd.o(i.LCD_WriteRegIndex) refers to stm32f10x_gpio.o(i.GPIO_WriteBit) for GPIO_WriteBit
    stm3210b_eval_lcd.o(i.LCD_nCS_StartByte) refers to stm32f10x_gpio.o(i.GPIO_WriteBit) for GPIO_WriteBit
    stm3210b_eval_lcd.o(i.LCD_nCS_StartByte) refers to stm32f10x_spi.o(i.SPI_I2S_SendData) for SPI_I2S_SendData
    stm3210b_eval_lcd.o(i.LCD_nCS_StartByte) refers to stm32f10x_spi.o(i.SPI_I2S_GetFlagStatus) for SPI_I2S_GetFlagStatus
    stm3210b_eval_lcd.o(i.PutPixel) refers to stm3210b_eval_lcd.o(i.LCD_DrawLine) for LCD_DrawLine
    stm3210b_eval_lcd.o(i.STM3210B_LCD_Init) refers to stm3210b_eval_lcd.o(i.LCD_Setup) for LCD_Setup
    stm3210b_eval_lcd.o(i.STM3210B_LCD_Init) refers to stm3210b_eval_lcd.o(i.LCD_ReadReg) for LCD_ReadReg
    stm3210b_eval_lcd.o(i.STM3210B_LCD_Init) refers to stm3210b_eval_lcd.o(.data) for .data
    stm3210b_eval_lcd.o(.data) refers to stm3210b_eval_lcd.o(.constdata) for ASCII16x24_Table
    stm3210b_eval_lcd.o(.data) refers to stm3210b_eval_lcd.o(.constdata) for ASCII12x12_Table
    stm3210b_eval_lcd.o(.data) refers to stm3210b_eval_lcd.o(.constdata) for ASCII8x12_Table
    stm3210b_eval_lcd.o(.data) refers to stm3210b_eval_lcd.o(.constdata) for ASCII8x8_Table
    startup_stm32f10x_md.o(RESET) refers to startup_stm32f10x_md.o(STACK) for __initial_sp
    startup_stm32f10x_md.o(RESET) refers to startup_stm32f10x_md.o(.text) for Reset_Handler
    startup_stm32f10x_md.o(RESET) refers to stm32f10x_it.o(i.NMI_Handler) for NMI_Handler
    startup_stm32f10x_md.o(RESET) refers to stm32f10x_it.o(i.HardFault_Handler) for HardFault_Handler
    startup_stm32f10x_md.o(RESET) refers to stm32f10x_it.o(i.MemManage_Handler) for MemManage_Handler
    startup_stm32f10x_md.o(RESET) refers to stm32f10x_it.o(i.BusFault_Handler) for BusFault_Handler
    startup_stm32f10x_md.o(RESET) refers to stm32f10x_it.o(i.UsageFault_Handler) for UsageFault_Handler
    startup_stm32f10x_md.o(RESET) refers to stm32f10x_it.o(i.SVC_Handler) for SVC_Handler
    startup_stm32f10x_md.o(RESET) refers to stm32f10x_it.o(i.DebugMon_Handler) for DebugMon_Handler
    startup_stm32f10x_md.o(RESET) refers to stm32f10x_it.o(i.PendSV_Handler) for PendSV_Handler
    startup_stm32f10x_md.o(RESET) refers to stm32f10x_it.o(i.SysTick_Handler) for SysTick_Handler
    startup_stm32f10x_md.o(RESET) refers to main.o(i.EXTI2_IRQHandler) for EXTI2_IRQHandler
    startup_stm32f10x_md.o(RESET) refers to main.o(i.EXTI15_10_IRQHandler) for EXTI15_10_IRQHandler
    startup_stm32f10x_md.o(.text) refers to system_stm32f10x.o(i.SystemInit) for SystemInit
    startup_stm32f10x_md.o(.text) refers to entry.o(.ARM.Collect$$$$00000000) for __main
    config.o(i.EXTI_Config) refers to stm32f10x_exti.o(i.EXTI_Init) for EXTI_Init
    config.o(i.EXTI_Config_Detailed) refers to stm32f10x_exti.o(i.EXTI_Init) for EXTI_Init
    config.o(i.GPIO_Config) refers to stm32f10x_gpio.o(i.GPIO_Init) for GPIO_Init
    config.o(i.GPIO_Config_Detailed) refers to stm32f10x_gpio.o(i.GPIO_Init) for GPIO_Init
    config.o(i.NVIC_Config) refers to misc.o(i.NVIC_Init) for NVIC_Init
    config.o(i.NVIC_Config_Detailed) refers to misc.o(i.NVIC_Init) for NVIC_Init
    entry.o(.ARM.Collect$$$$00000000) refers (Special) to entry7.o(.ARM.Collect$$$$00000007) for _main_init
    entry.o(.ARM.Collect$$$$00000000) refers (Special) to entry5.o(.ARM.Collect$$$$00000004) for _main_scatterload
    entry.o(.ARM.Collect$$$$00000000) refers (Special) to entry2.o(.ARM.Collect$$$$00000001) for _main_stk
    dflti.o(.text) refers (Special) to iusefp.o(.text) for __I$use$fp
    dflti.o(.text) refers to depilogue.o(.text) for _double_epilogue
    dfltui.o(.text) refers (Special) to iusefp.o(.text) for __I$use$fp
    dfltui.o(.text) refers to depilogue.o(.text) for _double_epilogue
    cdcmple.o(.text) refers (Special) to iusefp.o(.text) for __I$use$fp
    cdrcmple.o(.text) refers (Special) to iusefp.o(.text) for __I$use$fp
    entry2.o(.ARM.Collect$$$$00000001) refers to entry2.o(.ARM.Collect$$$$00002712) for __lit__00000000
    entry2.o(.ARM.Collect$$$$00002712) refers to startup_stm32f10x_md.o(STACK) for __initial_sp
    entry2.o(__vectab_stack_and_reset_area) refers to startup_stm32f10x_md.o(STACK) for __initial_sp
    entry2.o(__vectab_stack_and_reset_area) refers to entry.o(.ARM.Collect$$$$00000000) for __main
    entry5.o(.ARM.Collect$$$$00000004) refers to init.o(.text) for __scatterload
    entry7.o(.ARM.Collect$$$$00000007) refers to main.o(i.main) for main
    depilogue.o(.text) refers to llshl.o(.text) for __aeabi_llsl
    depilogue.o(.text) refers to llushr.o(.text) for __aeabi_llsr
    init.o(.text) refers to entry5.o(.ARM.Collect$$$$00000004) for __main_after_scatterload


==============================================================================

Removing Unused input sections from the image.

    Removing stm32f10x_rcc.o(i.RCC_ADCCLKConfig), (20 bytes).
    Removing stm32f10x_rcc.o(i.RCC_AHBPeriphClockCmd), (24 bytes).
    Removing stm32f10x_rcc.o(i.RCC_APB1PeriphClockCmd), (24 bytes).
    Removing stm32f10x_rcc.o(i.RCC_APB1PeriphResetCmd), (24 bytes).
    Removing stm32f10x_rcc.o(i.RCC_APB2PeriphResetCmd), (24 bytes).
    Removing stm32f10x_rcc.o(i.RCC_AdjustHSICalibrationValue), (20 bytes).
    Removing stm32f10x_rcc.o(i.RCC_BackupResetCmd), (12 bytes).
    Removing stm32f10x_rcc.o(i.RCC_ClearFlag), (16 bytes).
    Removing stm32f10x_rcc.o(i.RCC_ClearITPendingBit), (12 bytes).
    Removing stm32f10x_rcc.o(i.RCC_ClockSecuritySystemCmd), (12 bytes).
    Removing stm32f10x_rcc.o(i.RCC_DeInit), (64 bytes).
    Removing stm32f10x_rcc.o(i.RCC_GetClocksFreq), (152 bytes).
    Removing stm32f10x_rcc.o(i.RCC_GetFlagStatus), (48 bytes).
    Removing stm32f10x_rcc.o(i.RCC_GetITStatus), (20 bytes).
    Removing stm32f10x_rcc.o(i.RCC_GetSYSCLKSource), (16 bytes).
    Removing stm32f10x_rcc.o(i.RCC_HCLKConfig), (20 bytes).
    Removing stm32f10x_rcc.o(i.RCC_HSEConfig), (52 bytes).
    Removing stm32f10x_rcc.o(i.RCC_HSICmd), (12 bytes).
    Removing stm32f10x_rcc.o(i.RCC_ITConfig), (24 bytes).
    Removing stm32f10x_rcc.o(i.RCC_LSEConfig), (32 bytes).
    Removing stm32f10x_rcc.o(i.RCC_LSICmd), (12 bytes).
    Removing stm32f10x_rcc.o(i.RCC_MCOConfig), (12 bytes).
    Removing stm32f10x_rcc.o(i.RCC_PCLK1Config), (20 bytes).
    Removing stm32f10x_rcc.o(i.RCC_PCLK2Config), (20 bytes).
    Removing stm32f10x_rcc.o(i.RCC_PLLCmd), (12 bytes).
    Removing stm32f10x_rcc.o(i.RCC_PLLConfig), (20 bytes).
    Removing stm32f10x_rcc.o(i.RCC_RTCCLKCmd), (12 bytes).
    Removing stm32f10x_rcc.o(i.RCC_RTCCLKConfig), (16 bytes).
    Removing stm32f10x_rcc.o(i.RCC_SYSCLKConfig), (20 bytes).
    Removing stm32f10x_rcc.o(i.RCC_USBCLKConfig), (12 bytes).
    Removing stm32f10x_rcc.o(i.RCC_WaitForHSEStartUp), (38 bytes).
    Removing stm32f10x_rcc.o(.data), (20 bytes).
    Removing stm32f10x_gpio.o(i.GPIO_AFIODeInit), (22 bytes).
    Removing stm32f10x_gpio.o(i.GPIO_DeInit), (180 bytes).
    Removing stm32f10x_gpio.o(i.GPIO_ETH_MediaInterfaceConfig), (12 bytes).
    Removing stm32f10x_gpio.o(i.GPIO_EventOutputCmd), (12 bytes).
    Removing stm32f10x_gpio.o(i.GPIO_EventOutputConfig), (28 bytes).
    Removing stm32f10x_gpio.o(i.GPIO_PinLockConfig), (16 bytes).
    Removing stm32f10x_gpio.o(i.GPIO_PinRemapConfig), (88 bytes).
    Removing stm32f10x_gpio.o(i.GPIO_ReadInputData), (6 bytes).
    Removing stm32f10x_gpio.o(i.GPIO_ReadOutputData), (6 bytes).
    Removing stm32f10x_gpio.o(i.GPIO_ReadOutputDataBit), (14 bytes).
    Removing stm32f10x_gpio.o(i.GPIO_ResetBits), (4 bytes).
    Removing stm32f10x_gpio.o(i.GPIO_SetBits), (4 bytes).
    Removing stm32f10x_gpio.o(i.GPIO_StructInit), (16 bytes).
    Removing stm32f10x_gpio.o(i.GPIO_Write), (4 bytes).
    Removing misc.o(i.NVIC_PriorityGroupConfig), (20 bytes).
    Removing misc.o(i.NVIC_SetVectorTable), (20 bytes).
    Removing misc.o(i.NVIC_SystemLPConfig), (24 bytes).
    Removing misc.o(i.SysTick_CLKSourceConfig), (24 bytes).
    Removing stm32f10x_exti.o(i.EXTI_ClearFlag), (12 bytes).
    Removing stm32f10x_exti.o(i.EXTI_DeInit), (28 bytes).
    Removing stm32f10x_exti.o(i.EXTI_GenerateSWInterrupt), (16 bytes).
    Removing stm32f10x_exti.o(i.EXTI_GetFlagStatus), (20 bytes).
    Removing stm32f10x_exti.o(i.EXTI_GetITStatus), (32 bytes).
    Removing stm32f10x_exti.o(i.EXTI_StructInit), (14 bytes).
    Removing stm32f10x_spi.o(i.I2S_Cmd), (20 bytes).
    Removing stm32f10x_spi.o(i.I2S_Init), (146 bytes).
    Removing stm32f10x_spi.o(i.I2S_StructInit), (18 bytes).
    Removing stm32f10x_spi.o(i.SPI_BiDirectionalLineConfig), (22 bytes).
    Removing stm32f10x_spi.o(i.SPI_CalculateCRC), (20 bytes).
    Removing stm32f10x_spi.o(i.SPI_Cmd), (20 bytes).
    Removing stm32f10x_spi.o(i.SPI_DataSizeConfig), (16 bytes).
    Removing stm32f10x_spi.o(i.SPI_GetCRC), (12 bytes).
    Removing stm32f10x_spi.o(i.SPI_GetCRCPolynomial), (4 bytes).
    Removing stm32f10x_spi.o(i.SPI_I2S_ClearFlag), (6 bytes).
    Removing stm32f10x_spi.o(i.SPI_I2S_ClearITPendingBit), (14 bytes).
    Removing stm32f10x_spi.o(i.SPI_I2S_DMACmd), (16 bytes).
    Removing stm32f10x_spi.o(i.SPI_I2S_DeInit), (84 bytes).
    Removing stm32f10x_spi.o(i.SPI_I2S_GetFlagStatus), (14 bytes).
    Removing stm32f10x_spi.o(i.SPI_I2S_GetITStatus), (42 bytes).
    Removing stm32f10x_spi.o(i.SPI_I2S_ITConfig), (24 bytes).
    Removing stm32f10x_spi.o(i.SPI_I2S_ReceiveData), (4 bytes).
    Removing stm32f10x_spi.o(i.SPI_I2S_SendData), (4 bytes).
    Removing stm32f10x_spi.o(i.SPI_Init), (56 bytes).
    Removing stm32f10x_spi.o(i.SPI_NSSInternalSoftwareConfig), (24 bytes).
    Removing stm32f10x_spi.o(i.SPI_SSOutputCmd), (20 bytes).
    Removing stm32f10x_spi.o(i.SPI_StructInit), (24 bytes).
    Removing stm32f10x_spi.o(i.SPI_TransmitCRC), (10 bytes).
    Removing stm32f10x_fsmc.o(i.FSMC_ClearFlag), (42 bytes).
    Removing stm32f10x_fsmc.o(i.FSMC_ClearITPendingBit), (44 bytes).
    Removing stm32f10x_fsmc.o(i.FSMC_GetECC), (18 bytes).
    Removing stm32f10x_fsmc.o(i.FSMC_GetFlagStatus), (40 bytes).
    Removing stm32f10x_fsmc.o(i.FSMC_GetITStatus), (48 bytes).
    Removing stm32f10x_fsmc.o(i.FSMC_ITConfig), (80 bytes).
    Removing stm32f10x_fsmc.o(i.FSMC_NANDCmd), (56 bytes).
    Removing stm32f10x_fsmc.o(i.FSMC_NANDDeInit), (40 bytes).
    Removing stm32f10x_fsmc.o(i.FSMC_NANDECCCmd), (56 bytes).
    Removing stm32f10x_fsmc.o(i.FSMC_NANDInit), (100 bytes).
    Removing stm32f10x_fsmc.o(i.FSMC_NANDStructInit), (54 bytes).
    Removing stm32f10x_fsmc.o(i.FSMC_NORSRAMCmd), (32 bytes).
    Removing stm32f10x_fsmc.o(i.FSMC_NORSRAMDeInit), (36 bytes).
    Removing stm32f10x_fsmc.o(i.FSMC_NORSRAMInit), (192 bytes).
    Removing stm32f10x_fsmc.o(i.FSMC_NORSRAMStructInit), (98 bytes).
    Removing stm32f10x_fsmc.o(i.FSMC_PCCARDCmd), (32 bytes).
    Removing stm32f10x_fsmc.o(i.FSMC_PCCARDDeInit), (28 bytes).
    Removing stm32f10x_fsmc.o(i.FSMC_PCCARDInit), (112 bytes).
    Removing stm32f10x_fsmc.o(i.FSMC_PCCARDStructInit), (60 bytes).
    Removing stm32f10x_usart.o(i.USART_ClearFlag), (6 bytes).
    Removing stm32f10x_usart.o(i.USART_ClearITPendingBit), (12 bytes).
    Removing stm32f10x_usart.o(i.USART_ClockInit), (30 bytes).
    Removing stm32f10x_usart.o(i.USART_ClockStructInit), (12 bytes).
    Removing stm32f10x_usart.o(i.USART_Cmd), (20 bytes).
    Removing stm32f10x_usart.o(i.USART_DMACmd), (16 bytes).
    Removing stm32f10x_usart.o(i.USART_DeInit), (116 bytes).
    Removing stm32f10x_usart.o(i.USART_GetFlagStatus), (14 bytes).
    Removing stm32f10x_usart.o(i.USART_GetITStatus), (62 bytes).
    Removing stm32f10x_usart.o(i.USART_HalfDuplexCmd), (20 bytes).
    Removing stm32f10x_usart.o(i.USART_ITConfig), (48 bytes).
    Removing stm32f10x_usart.o(i.USART_Init), (180 bytes).
    Removing stm32f10x_usart.o(i.USART_IrDACmd), (20 bytes).
    Removing stm32f10x_usart.o(i.USART_IrDAConfig), (16 bytes).
    Removing stm32f10x_usart.o(i.USART_LINBreakDetectLengthConfig), (16 bytes).
    Removing stm32f10x_usart.o(i.USART_LINCmd), (20 bytes).
    Removing stm32f10x_usart.o(i.USART_OneBitMethodCmd), (20 bytes).
    Removing stm32f10x_usart.o(i.USART_OverSampling8Cmd), (20 bytes).
    Removing stm32f10x_usart.o(i.USART_ReceiveData), (8 bytes).
    Removing stm32f10x_usart.o(i.USART_ReceiverWakeUpCmd), (20 bytes).
    Removing stm32f10x_usart.o(i.USART_SendBreak), (10 bytes).
    Removing stm32f10x_usart.o(i.USART_SendData), (8 bytes).
    Removing stm32f10x_usart.o(i.USART_SetAddress), (16 bytes).
    Removing stm32f10x_usart.o(i.USART_SetGuardTime), (16 bytes).
    Removing stm32f10x_usart.o(i.USART_SetPrescaler), (16 bytes).
    Removing stm32f10x_usart.o(i.USART_SmartCardCmd), (20 bytes).
    Removing stm32f10x_usart.o(i.USART_SmartCardNACKCmd), (20 bytes).
    Removing stm32f10x_usart.o(i.USART_StructInit), (22 bytes).
    Removing stm32f10x_usart.o(i.USART_WakeUpConfig), (16 bytes).
    Removing stm32f10x_sdio.o(i.SDIO_CEATAITCmd), (16 bytes).
    Removing stm32f10x_sdio.o(i.SDIO_ClearFlag), (12 bytes).
    Removing stm32f10x_sdio.o(i.SDIO_ClearITPendingBit), (12 bytes).
    Removing stm32f10x_sdio.o(i.SDIO_ClockCmd), (12 bytes).
    Removing stm32f10x_sdio.o(i.SDIO_CmdStructInit), (14 bytes).
    Removing stm32f10x_sdio.o(i.SDIO_CommandCompletionCmd), (12 bytes).
    Removing stm32f10x_sdio.o(i.SDIO_DMACmd), (12 bytes).
    Removing stm32f10x_sdio.o(i.SDIO_DataConfig), (44 bytes).
    Removing stm32f10x_sdio.o(i.SDIO_DataStructInit), (20 bytes).
    Removing stm32f10x_sdio.o(i.SDIO_DeInit), (36 bytes).
    Removing stm32f10x_sdio.o(i.SDIO_GetCommandResponse), (12 bytes).
    Removing stm32f10x_sdio.o(i.SDIO_GetDataCounter), (12 bytes).
    Removing stm32f10x_sdio.o(i.SDIO_GetFIFOCount), (12 bytes).
    Removing stm32f10x_sdio.o(i.SDIO_GetFlagStatus), (20 bytes).
    Removing stm32f10x_sdio.o(i.SDIO_GetITStatus), (20 bytes).
    Removing stm32f10x_sdio.o(i.SDIO_GetPowerState), (16 bytes).
    Removing stm32f10x_sdio.o(i.SDIO_GetResponse), (12 bytes).
    Removing stm32f10x_sdio.o(i.SDIO_ITConfig), (24 bytes).
    Removing stm32f10x_sdio.o(i.SDIO_Init), (44 bytes).
    Removing stm32f10x_sdio.o(i.SDIO_ReadData), (12 bytes).
    Removing stm32f10x_sdio.o(i.SDIO_SendCEATACmd), (12 bytes).
    Removing stm32f10x_sdio.o(i.SDIO_SendCommand), (40 bytes).
    Removing stm32f10x_sdio.o(i.SDIO_SendSDIOSuspendCmd), (12 bytes).
    Removing stm32f10x_sdio.o(i.SDIO_SetPowerState), (24 bytes).
    Removing stm32f10x_sdio.o(i.SDIO_SetSDIOOperation), (12 bytes).
    Removing stm32f10x_sdio.o(i.SDIO_SetSDIOReadWaitMode), (12 bytes).
    Removing stm32f10x_sdio.o(i.SDIO_StartSDIOReadWait), (12 bytes).
    Removing stm32f10x_sdio.o(i.SDIO_StopSDIOReadWait), (12 bytes).
    Removing stm32f10x_sdio.o(i.SDIO_StructInit), (16 bytes).
    Removing stm32f10x_sdio.o(i.SDIO_WriteData), (12 bytes).
    Removing stm32f10x_dma.o(i.DMA_ClearFlag), (20 bytes).
    Removing stm32f10x_dma.o(i.DMA_ClearITPendingBit), (20 bytes).
    Removing stm32f10x_dma.o(i.DMA_Cmd), (22 bytes).
    Removing stm32f10x_dma.o(i.DMA_DeInit), (236 bytes).
    Removing stm32f10x_dma.o(i.DMA_GetCurrDataCounter), (6 bytes).
    Removing stm32f10x_dma.o(i.DMA_GetFlagStatus), (32 bytes).
    Removing stm32f10x_dma.o(i.DMA_GetITStatus), (32 bytes).
    Removing stm32f10x_dma.o(i.DMA_ITConfig), (16 bytes).
    Removing stm32f10x_dma.o(i.DMA_Init), (58 bytes).
    Removing stm32f10x_dma.o(i.DMA_SetCurrDataCounter), (4 bytes).
    Removing stm32f10x_dma.o(i.DMA_StructInit), (26 bytes).
    Removing stm32f10x_i2c.o(i.I2C_ARPCmd), (20 bytes).
    Removing stm32f10x_i2c.o(i.I2C_AcknowledgeConfig), (20 bytes).
    Removing stm32f10x_i2c.o(i.I2C_CalculatePEC), (20 bytes).
    Removing stm32f10x_i2c.o(i.I2C_CheckEvent), (24 bytes).
    Removing stm32f10x_i2c.o(i.I2C_ClearFlag), (6 bytes).
    Removing stm32f10x_i2c.o(i.I2C_ClearITPendingBit), (6 bytes).
    Removing stm32f10x_i2c.o(i.I2C_Cmd), (20 bytes).
    Removing stm32f10x_i2c.o(i.I2C_DMACmd), (20 bytes).
    Removing stm32f10x_i2c.o(i.I2C_DMALastTransferCmd), (20 bytes).
    Removing stm32f10x_i2c.o(i.I2C_DeInit), (44 bytes).
    Removing stm32f10x_i2c.o(i.I2C_DualAddressCmd), (20 bytes).
    Removing stm32f10x_i2c.o(i.I2C_FastModeDutyCycleConfig), (22 bytes).
    Removing stm32f10x_i2c.o(i.I2C_GeneralCallCmd), (20 bytes).
    Removing stm32f10x_i2c.o(i.I2C_GenerateSTART), (20 bytes).
    Removing stm32f10x_i2c.o(i.I2C_GenerateSTOP), (20 bytes).
    Removing stm32f10x_i2c.o(i.I2C_GetFlagStatus), (30 bytes).
    Removing stm32f10x_i2c.o(i.I2C_GetITStatus), (32 bytes).
    Removing stm32f10x_i2c.o(i.I2C_GetLastEvent), (14 bytes).
    Removing stm32f10x_i2c.o(i.I2C_GetPEC), (6 bytes).
    Removing stm32f10x_i2c.o(i.I2C_ITConfig), (16 bytes).
    Removing stm32f10x_i2c.o(i.I2C_Init), (184 bytes).
    Removing stm32f10x_i2c.o(i.I2C_NACKPositionConfig), (22 bytes).
    Removing stm32f10x_i2c.o(i.I2C_OwnAddress2Config), (16 bytes).
    Removing stm32f10x_i2c.o(i.I2C_PECPositionConfig), (22 bytes).
    Removing stm32f10x_i2c.o(i.I2C_ReadRegister), (4 bytes).
    Removing stm32f10x_i2c.o(i.I2C_ReceiveData), (6 bytes).
    Removing stm32f10x_i2c.o(i.I2C_SMBusAlertConfig), (22 bytes).
    Removing stm32f10x_i2c.o(i.I2C_Send7bitAddress), (16 bytes).
    Removing stm32f10x_i2c.o(i.I2C_SendData), (4 bytes).
    Removing stm32f10x_i2c.o(i.I2C_SoftwareResetCmd), (20 bytes).
    Removing stm32f10x_i2c.o(i.I2C_StretchClockCmd), (20 bytes).
    Removing stm32f10x_i2c.o(i.I2C_StructInit), (28 bytes).
    Removing stm32f10x_i2c.o(i.I2C_TransmitPEC), (20 bytes).
    Removing stm32f10x_adc.o(i.ADC_AnalogWatchdogCmd), (16 bytes).
    Removing stm32f10x_adc.o(i.ADC_AnalogWatchdogSingleChannelConfig), (12 bytes).
    Removing stm32f10x_adc.o(i.ADC_AnalogWatchdogThresholdsConfig), (6 bytes).
    Removing stm32f10x_adc.o(i.ADC_AutoInjectedConvCmd), (20 bytes).
    Removing stm32f10x_adc.o(i.ADC_ClearFlag), (6 bytes).
    Removing stm32f10x_adc.o(i.ADC_ClearITPendingBit), (8 bytes).
    Removing stm32f10x_adc.o(i.ADC_Cmd), (20 bytes).
    Removing stm32f10x_adc.o(i.ADC_DMACmd), (20 bytes).
    Removing stm32f10x_adc.o(i.ADC_DeInit), (68 bytes).
    Removing stm32f10x_adc.o(i.ADC_DiscModeChannelCountConfig), (16 bytes).
    Removing stm32f10x_adc.o(i.ADC_DiscModeCmd), (20 bytes).
    Removing stm32f10x_adc.o(i.ADC_ExternalTrigConvCmd), (20 bytes).
    Removing stm32f10x_adc.o(i.ADC_ExternalTrigInjectedConvCmd), (20 bytes).
    Removing stm32f10x_adc.o(i.ADC_ExternalTrigInjectedConvConfig), (12 bytes).
    Removing stm32f10x_adc.o(i.ADC_GetCalibrationStatus), (14 bytes).
    Removing stm32f10x_adc.o(i.ADC_GetConversionValue), (6 bytes).
    Removing stm32f10x_adc.o(i.ADC_GetDualModeConversionValue), (12 bytes).
    Removing stm32f10x_adc.o(i.ADC_GetFlagStatus), (14 bytes).
    Removing stm32f10x_adc.o(i.ADC_GetITStatus), (26 bytes).
    Removing stm32f10x_adc.o(i.ADC_GetInjectedConversionValue), (8 bytes).
    Removing stm32f10x_adc.o(i.ADC_GetResetCalibrationStatus), (14 bytes).
    Removing stm32f10x_adc.o(i.ADC_GetSoftwareStartConvStatus), (14 bytes).
    Removing stm32f10x_adc.o(i.ADC_GetSoftwareStartInjectedConvCmdStatus), (14 bytes).
    Removing stm32f10x_adc.o(i.ADC_ITConfig), (18 bytes).
    Removing stm32f10x_adc.o(i.ADC_Init), (72 bytes).
    Removing stm32f10x_adc.o(i.ADC_InjectedChannelConfig), (74 bytes).
    Removing stm32f10x_adc.o(i.ADC_InjectedDiscModeCmd), (20 bytes).
    Removing stm32f10x_adc.o(i.ADC_InjectedSequencerLengthConfig), (16 bytes).
    Removing stm32f10x_adc.o(i.ADC_RegularChannelConfig), (116 bytes).
    Removing stm32f10x_adc.o(i.ADC_ResetCalibration), (10 bytes).
    Removing stm32f10x_adc.o(i.ADC_SetInjectedOffset), (4 bytes).
    Removing stm32f10x_adc.o(i.ADC_SoftwareStartConvCmd), (20 bytes).
    Removing stm32f10x_adc.o(i.ADC_SoftwareStartInjectedConvCmd), (20 bytes).
    Removing stm32f10x_adc.o(i.ADC_StartCalibration), (10 bytes).
    Removing stm32f10x_adc.o(i.ADC_StructInit), (18 bytes).
    Removing stm32f10x_adc.o(i.ADC_TempSensorVrefintCmd), (32 bytes).
    Removing stm32f10x_bkp.o(i.BKP_ClearFlag), (16 bytes).
    Removing stm32f10x_bkp.o(i.BKP_ClearITPendingBit), (16 bytes).
    Removing stm32f10x_bkp.o(i.BKP_DeInit), (18 bytes).
    Removing stm32f10x_bkp.o(i.BKP_GetFlagStatus), (12 bytes).
    Removing stm32f10x_bkp.o(i.BKP_GetITStatus), (12 bytes).
    Removing stm32f10x_bkp.o(i.BKP_ITConfig), (12 bytes).
    Removing stm32f10x_bkp.o(i.BKP_RTCOutputConfig), (20 bytes).
    Removing stm32f10x_bkp.o(i.BKP_ReadBackupRegister), (12 bytes).
    Removing stm32f10x_bkp.o(i.BKP_SetRTCCalibrationValue), (20 bytes).
    Removing stm32f10x_bkp.o(i.BKP_TamperPinCmd), (12 bytes).
    Removing stm32f10x_bkp.o(i.BKP_TamperPinLevelConfig), (12 bytes).
    Removing stm32f10x_bkp.o(i.BKP_WriteBackupRegister), (12 bytes).
    Removing stm32f10x_can.o(i.CAN_CancelTransmit), (36 bytes).
    Removing stm32f10x_can.o(i.CAN_ClearFlag), (48 bytes).
    Removing stm32f10x_can.o(i.CAN_ClearITPendingBit), (120 bytes).
    Removing stm32f10x_can.o(i.CAN_DBGFreeze), (20 bytes).
    Removing stm32f10x_can.o(i.CAN_DeInit), (44 bytes).
    Removing stm32f10x_can.o(i.CAN_FIFORelease), (22 bytes).
    Removing stm32f10x_can.o(i.CAN_FilterInit), (216 bytes).
    Removing stm32f10x_can.o(i.CAN_GetFlagStatus), (52 bytes).
    Removing stm32f10x_can.o(i.CAN_GetITStatus), (180 bytes).
    Removing stm32f10x_can.o(i.CAN_GetLSBTransmitErrorCounter), (8 bytes).
    Removing stm32f10x_can.o(i.CAN_GetLastErrorCode), (10 bytes).
    Removing stm32f10x_can.o(i.CAN_GetReceiveErrorCounter), (6 bytes).
    Removing stm32f10x_can.o(i.CAN_ITConfig), (16 bytes).
    Removing stm32f10x_can.o(i.CAN_Init), (232 bytes).
    Removing stm32f10x_can.o(i.CAN_MessagePending), (22 bytes).
    Removing stm32f10x_can.o(i.CAN_OperatingModeRequest), (140 bytes).
    Removing stm32f10x_can.o(i.CAN_Receive), (142 bytes).
    Removing stm32f10x_can.o(i.CAN_SlaveStartBank), (44 bytes).
    Removing stm32f10x_can.o(i.CAN_Sleep), (30 bytes).
    Removing stm32f10x_can.o(i.CAN_StructInit), (32 bytes).
    Removing stm32f10x_can.o(i.CAN_TTComModeCmd), (90 bytes).
    Removing stm32f10x_can.o(i.CAN_Transmit), (154 bytes).
    Removing stm32f10x_can.o(i.CAN_TransmitStatus), (112 bytes).
    Removing stm32f10x_can.o(i.CAN_WakeUp), (42 bytes).
    Removing stm32f10x_can.o(i.CheckITStatus), (12 bytes).
    Removing stm32f10x_cec.o(i.CEC_ClearFlag), (36 bytes).
    Removing stm32f10x_cec.o(i.CEC_ClearITPendingBit), (36 bytes).
    Removing stm32f10x_cec.o(i.CEC_Cmd), (32 bytes).
    Removing stm32f10x_cec.o(i.CEC_DeInit), (24 bytes).
    Removing stm32f10x_cec.o(i.CEC_EndOfMessageCmd), (12 bytes).
    Removing stm32f10x_cec.o(i.CEC_GetFlagStatus), (36 bytes).
    Removing stm32f10x_cec.o(i.CEC_GetITStatus), (32 bytes).
    Removing stm32f10x_cec.o(i.CEC_ITConfig), (12 bytes).
    Removing stm32f10x_cec.o(i.CEC_Init), (28 bytes).
    Removing stm32f10x_cec.o(i.CEC_OwnAddressConfig), (12 bytes).
    Removing stm32f10x_cec.o(i.CEC_ReceiveDataByte), (12 bytes).
    Removing stm32f10x_cec.o(i.CEC_SendDataByte), (12 bytes).
    Removing stm32f10x_cec.o(i.CEC_SetPrescaler), (12 bytes).
    Removing stm32f10x_cec.o(i.CEC_StartOfMessage), (12 bytes).
    Removing stm32f10x_crc.o(i.CRC_CalcBlockCRC), (28 bytes).
    Removing stm32f10x_crc.o(i.CRC_CalcCRC), (12 bytes).
    Removing stm32f10x_crc.o(i.CRC_GetCRC), (12 bytes).
    Removing stm32f10x_crc.o(i.CRC_GetIDRegister), (12 bytes).
    Removing stm32f10x_crc.o(i.CRC_ResetDR), (12 bytes).
    Removing stm32f10x_crc.o(i.CRC_SetIDRegister), (12 bytes).
    Removing stm32f10x_dac.o(i.DAC_Cmd), (28 bytes).
    Removing stm32f10x_dac.o(i.DAC_DMACmd), (28 bytes).
    Removing stm32f10x_dac.o(i.DAC_DeInit), (24 bytes).
    Removing stm32f10x_dac.o(i.DAC_DualSoftwareTriggerCmd), (32 bytes).
    Removing stm32f10x_dac.o(i.DAC_GetDataOutputValue), (16 bytes).
    Removing stm32f10x_dac.o(i.DAC_Init), (56 bytes).
    Removing stm32f10x_dac.o(i.DAC_SetChannel1Data), (12 bytes).
    Removing stm32f10x_dac.o(i.DAC_SetChannel2Data), (12 bytes).
    Removing stm32f10x_dac.o(i.DAC_SetDualChannelData), (28 bytes).
    Removing stm32f10x_dac.o(i.DAC_SoftwareTriggerCmd), (32 bytes).
    Removing stm32f10x_dac.o(i.DAC_StructInit), (12 bytes).
    Removing stm32f10x_dac.o(i.DAC_WaveGenerationCmd), (28 bytes).
    Removing stm32f10x_dbgmcu.o(i.DBGMCU_Config), (24 bytes).
    Removing stm32f10x_dbgmcu.o(i.DBGMCU_GetDEVID), (16 bytes).
    Removing stm32f10x_dbgmcu.o(i.DBGMCU_GetREVID), (12 bytes).
    Removing stm32f10x_flash.o(i.FLASH_ClearFlag), (12 bytes).
    Removing stm32f10x_flash.o(i.FLASH_EnableWriteProtection), (172 bytes).
    Removing stm32f10x_flash.o(i.FLASH_EraseAllBank1Pages), (56 bytes).
    Removing stm32f10x_flash.o(i.FLASH_EraseAllPages), (56 bytes).
    Removing stm32f10x_flash.o(i.FLASH_EraseOptionBytes), (124 bytes).
    Removing stm32f10x_flash.o(i.FLASH_ErasePage), (60 bytes).
    Removing stm32f10x_flash.o(i.FLASH_GetBank1Status), (40 bytes).
    Removing stm32f10x_flash.o(i.FLASH_GetFlagStatus), (32 bytes).
    Removing stm32f10x_flash.o(i.FLASH_GetPrefetchBufferStatus), (20 bytes).
    Removing stm32f10x_flash.o(i.FLASH_GetReadOutProtectionStatus), (20 bytes).
    Removing stm32f10x_flash.o(i.FLASH_GetStatus), (40 bytes).
    Removing stm32f10x_flash.o(i.FLASH_GetUserOptionByte), (12 bytes).
    Removing stm32f10x_flash.o(i.FLASH_GetWriteProtectionOptionByte), (12 bytes).
    Removing stm32f10x_flash.o(i.FLASH_HalfCycleAccessCmd), (24 bytes).
    Removing stm32f10x_flash.o(i.FLASH_ITConfig), (24 bytes).
    Removing stm32f10x_flash.o(i.FLASH_Lock), (16 bytes).
    Removing stm32f10x_flash.o(i.FLASH_LockBank1), (16 bytes).
    Removing stm32f10x_flash.o(i.FLASH_PrefetchBufferCmd), (24 bytes).
    Removing stm32f10x_flash.o(i.FLASH_ProgramHalfWord), (52 bytes).
    Removing stm32f10x_flash.o(i.FLASH_ProgramOptionByteData), (76 bytes).
    Removing stm32f10x_flash.o(i.FLASH_ProgramWord), (72 bytes).
    Removing stm32f10x_flash.o(i.FLASH_ReadOutProtection), (136 bytes).
    Removing stm32f10x_flash.o(i.FLASH_SetLatency), (20 bytes).
    Removing stm32f10x_flash.o(i.FLASH_Unlock), (24 bytes).
    Removing stm32f10x_flash.o(i.FLASH_UnlockBank1), (24 bytes).
    Removing stm32f10x_flash.o(i.FLASH_UserOptionByteConfig), (96 bytes).
    Removing stm32f10x_flash.o(i.FLASH_WaitForLastBank1Operation), (36 bytes).
    Removing stm32f10x_flash.o(i.FLASH_WaitForLastOperation), (36 bytes).
    Removing stm32f10x_iwdg.o(i.IWDG_Enable), (16 bytes).
    Removing stm32f10x_iwdg.o(i.IWDG_GetFlagStatus), (20 bytes).
    Removing stm32f10x_iwdg.o(i.IWDG_ReloadCounter), (16 bytes).
    Removing stm32f10x_iwdg.o(i.IWDG_SetPrescaler), (12 bytes).
    Removing stm32f10x_iwdg.o(i.IWDG_SetReload), (12 bytes).
    Removing stm32f10x_iwdg.o(i.IWDG_WriteAccessCmd), (12 bytes).
    Removing stm32f10x_pwr.o(i.PWR_BackupAccessCmd), (12 bytes).
    Removing stm32f10x_pwr.o(i.PWR_ClearFlag), (16 bytes).
    Removing stm32f10x_pwr.o(i.PWR_DeInit), (24 bytes).
    Removing stm32f10x_pwr.o(i.PWR_EnterSTANDBYMode), (40 bytes).
    Removing stm32f10x_pwr.o(i.PWR_EnterSTOPMode), (60 bytes).
    Removing stm32f10x_pwr.o(i.PWR_GetFlagStatus), (20 bytes).
    Removing stm32f10x_pwr.o(i.PWR_PVDCmd), (12 bytes).
    Removing stm32f10x_pwr.o(i.PWR_PVDLevelConfig), (20 bytes).
    Removing stm32f10x_pwr.o(i.PWR_WakeUpPinCmd), (12 bytes).
    Removing stm32f10x_rtc.o(i.RTC_ClearFlag), (16 bytes).
    Removing stm32f10x_rtc.o(i.RTC_ClearITPendingBit), (16 bytes).
    Removing stm32f10x_rtc.o(i.RTC_EnterConfigMode), (16 bytes).
    Removing stm32f10x_rtc.o(i.RTC_ExitConfigMode), (16 bytes).
    Removing stm32f10x_rtc.o(i.RTC_GetCounter), (16 bytes).
    Removing stm32f10x_rtc.o(i.RTC_GetDivider), (20 bytes).
    Removing stm32f10x_rtc.o(i.RTC_GetFlagStatus), (20 bytes).
    Removing stm32f10x_rtc.o(i.RTC_GetITStatus), (32 bytes).
    Removing stm32f10x_rtc.o(i.RTC_ITConfig), (28 bytes).
    Removing stm32f10x_rtc.o(i.RTC_SetAlarm), (28 bytes).
    Removing stm32f10x_rtc.o(i.RTC_SetCounter), (28 bytes).
    Removing stm32f10x_rtc.o(i.RTC_SetPrescaler), (32 bytes).
    Removing stm32f10x_rtc.o(i.RTC_WaitForLastTask), (20 bytes).
    Removing stm32f10x_rtc.o(i.RTC_WaitForSynchro), (32 bytes).
    Removing stm32f10x_tim.o(i.TI1_Config), (104 bytes).
    Removing stm32f10x_tim.o(i.TI2_Config), (120 bytes).
    Removing stm32f10x_tim.o(i.TIM_ARRPreloadConfig), (20 bytes).
    Removing stm32f10x_tim.o(i.TIM_BDTRConfig), (34 bytes).
    Removing stm32f10x_tim.o(i.TIM_BDTRStructInit), (18 bytes).
    Removing stm32f10x_tim.o(i.TIM_CCPreloadControl), (20 bytes).
    Removing stm32f10x_tim.o(i.TIM_CCxCmd), (22 bytes).
    Removing stm32f10x_tim.o(i.TIM_CCxNCmd), (22 bytes).
    Removing stm32f10x_tim.o(i.TIM_ClearFlag), (6 bytes).
    Removing stm32f10x_tim.o(i.TIM_ClearITPendingBit), (6 bytes).
    Removing stm32f10x_tim.o(i.TIM_ClearOC1Ref), (12 bytes).
    Removing stm32f10x_tim.o(i.TIM_ClearOC2Ref), (14 bytes).
    Removing stm32f10x_tim.o(i.TIM_ClearOC3Ref), (12 bytes).
    Removing stm32f10x_tim.o(i.TIM_ClearOC4Ref), (14 bytes).
    Removing stm32f10x_tim.o(i.TIM_Cmd), (20 bytes).
    Removing stm32f10x_tim.o(i.TIM_CounterModeConfig), (12 bytes).
    Removing stm32f10x_tim.o(i.TIM_CtrlPWMOutputs), (22 bytes).
    Removing stm32f10x_tim.o(i.TIM_DMACmd), (16 bytes).
    Removing stm32f10x_tim.o(i.TIM_DMAConfig), (8 bytes).
    Removing stm32f10x_tim.o(i.TIM_DeInit), (368 bytes).
    Removing stm32f10x_tim.o(i.TIM_ETRClockMode1Config), (18 bytes).
    Removing stm32f10x_tim.o(i.TIM_ETRClockMode2Config), (18 bytes).
    Removing stm32f10x_tim.o(i.TIM_ETRConfig), (18 bytes).
    Removing stm32f10x_tim.o(i.TIM_EncoderInterfaceConfig), (44 bytes).
    Removing stm32f10x_tim.o(i.TIM_ForcedOC1Config), (12 bytes).
    Removing stm32f10x_tim.o(i.TIM_ForcedOC2Config), (14 bytes).
    Removing stm32f10x_tim.o(i.TIM_ForcedOC3Config), (12 bytes).
    Removing stm32f10x_tim.o(i.TIM_ForcedOC4Config), (14 bytes).
    Removing stm32f10x_tim.o(i.TIM_GenerateEvent), (4 bytes).
    Removing stm32f10x_tim.o(i.TIM_GetCapture1), (4 bytes).
    Removing stm32f10x_tim.o(i.TIM_GetCapture2), (4 bytes).
    Removing stm32f10x_tim.o(i.TIM_GetCapture3), (4 bytes).
    Removing stm32f10x_tim.o(i.TIM_GetCapture4), (6 bytes).
    Removing stm32f10x_tim.o(i.TIM_GetCounter), (4 bytes).
    Removing stm32f10x_tim.o(i.TIM_GetFlagStatus), (14 bytes).
    Removing stm32f10x_tim.o(i.TIM_GetITStatus), (24 bytes).
    Removing stm32f10x_tim.o(i.TIM_GetPrescaler), (4 bytes).
    Removing stm32f10x_tim.o(i.TIM_ICInit), (296 bytes).
    Removing stm32f10x_tim.o(i.TIM_ICStructInit), (16 bytes).
    Removing stm32f10x_tim.o(i.TIM_ITConfig), (16 bytes).
    Removing stm32f10x_tim.o(i.TIM_ITRxExternalClockConfig), (20 bytes).
    Removing stm32f10x_tim.o(i.TIM_InternalClockConfig), (10 bytes).
    Removing stm32f10x_tim.o(i.TIM_OC1FastConfig), (12 bytes).
    Removing stm32f10x_tim.o(i.TIM_OC1Init), (128 bytes).
    Removing stm32f10x_tim.o(i.TIM_OC1NPolarityConfig), (12 bytes).
    Removing stm32f10x_tim.o(i.TIM_OC1PolarityConfig), (12 bytes).
    Removing stm32f10x_tim.o(i.TIM_OC1PreloadConfig), (12 bytes).
    Removing stm32f10x_tim.o(i.TIM_OC2FastConfig), (14 bytes).
    Removing stm32f10x_tim.o(i.TIM_OC2Init), (124 bytes).
    Removing stm32f10x_tim.o(i.TIM_OC2NPolarityConfig), (14 bytes).
    Removing stm32f10x_tim.o(i.TIM_OC2PolarityConfig), (14 bytes).
    Removing stm32f10x_tim.o(i.TIM_OC2PreloadConfig), (14 bytes).
    Removing stm32f10x_tim.o(i.TIM_OC3FastConfig), (12 bytes).
    Removing stm32f10x_tim.o(i.TIM_OC3Init), (120 bytes).
    Removing stm32f10x_tim.o(i.TIM_OC3NPolarityConfig), (14 bytes).
    Removing stm32f10x_tim.o(i.TIM_OC3PolarityConfig), (14 bytes).
    Removing stm32f10x_tim.o(i.TIM_OC3PreloadConfig), (12 bytes).
    Removing stm32f10x_tim.o(i.TIM_OC4FastConfig), (14 bytes).
    Removing stm32f10x_tim.o(i.TIM_OC4Init), (96 bytes).
    Removing stm32f10x_tim.o(i.TIM_OC4PolarityConfig), (14 bytes).
    Removing stm32f10x_tim.o(i.TIM_OC4PreloadConfig), (14 bytes).
    Removing stm32f10x_tim.o(i.TIM_OCStructInit), (20 bytes).
    Removing stm32f10x_tim.o(i.TIM_PWMIConfig), (108 bytes).
    Removing stm32f10x_tim.o(i.TIM_PrescalerConfig), (6 bytes).
    Removing stm32f10x_tim.o(i.TIM_SelectCCDMA), (20 bytes).
    Removing stm32f10x_tim.o(i.TIM_SelectCOM), (20 bytes).
    Removing stm32f10x_tim.o(i.TIM_SelectHallSensor), (20 bytes).
    Removing stm32f10x_tim.o(i.TIM_SelectInputTrigger), (12 bytes).
    Removing stm32f10x_tim.o(i.TIM_SelectMasterSlaveMode), (16 bytes).
    Removing stm32f10x_tim.o(i.TIM_SelectOCxM), (66 bytes).
    Removing stm32f10x_tim.o(i.TIM_SelectOnePulseMode), (16 bytes).
    Removing stm32f10x_tim.o(i.TIM_SelectOutputTrigger), (16 bytes).
    Removing stm32f10x_tim.o(i.TIM_SelectSlaveMode), (16 bytes).
    Removing stm32f10x_tim.o(i.TIM_SetAutoreload), (4 bytes).
    Removing stm32f10x_tim.o(i.TIM_SetClockDivision), (16 bytes).
    Removing stm32f10x_tim.o(i.TIM_SetCompare1), (4 bytes).
    Removing stm32f10x_tim.o(i.TIM_SetCompare2), (4 bytes).
    Removing stm32f10x_tim.o(i.TIM_SetCompare3), (4 bytes).
    Removing stm32f10x_tim.o(i.TIM_SetCompare4), (6 bytes).
    Removing stm32f10x_tim.o(i.TIM_SetCounter), (4 bytes).
    Removing stm32f10x_tim.o(i.TIM_SetIC1Prescaler), (16 bytes).
    Removing stm32f10x_tim.o(i.TIM_SetIC2Prescaler), (18 bytes).
    Removing stm32f10x_tim.o(i.TIM_SetIC3Prescaler), (16 bytes).
    Removing stm32f10x_tim.o(i.TIM_SetIC4Prescaler), (18 bytes).
    Removing stm32f10x_tim.o(i.TIM_TIxExternalClockConfig), (46 bytes).
    Removing stm32f10x_tim.o(i.TIM_TimeBaseInit), (156 bytes).
    Removing stm32f10x_tim.o(i.TIM_TimeBaseStructInit), (18 bytes).
    Removing stm32f10x_tim.o(i.TIM_UpdateDisableConfig), (20 bytes).
    Removing stm32f10x_tim.o(i.TIM_UpdateRequestConfig), (20 bytes).
    Removing stm32f10x_wwdg.o(i.WWDG_ClearFlag), (12 bytes).
    Removing stm32f10x_wwdg.o(i.WWDG_DeInit), (24 bytes).
    Removing stm32f10x_wwdg.o(i.WWDG_Enable), (16 bytes).
    Removing stm32f10x_wwdg.o(i.WWDG_EnableIT), (12 bytes).
    Removing stm32f10x_wwdg.o(i.WWDG_GetFlagStatus), (12 bytes).
    Removing stm32f10x_wwdg.o(i.WWDG_SetCounter), (16 bytes).
    Removing stm32f10x_wwdg.o(i.WWDG_SetPrescaler), (20 bytes).
    Removing stm32f10x_wwdg.o(i.WWDG_SetWindowValue), (24 bytes).
    Removing core_cm3.o(.emb_text), (32 bytes).
    Removing system_stm32f10x.o(i.SystemCoreClockUpdate), (100 bytes).
    Removing system_stm32f10x.o(.data), (20 bytes).
    Removing stm32_eval.o(i.LM75_LowLevel_DeInit), (88 bytes).
    Removing stm32_eval.o(i.LM75_LowLevel_Init), (88 bytes).
    Removing stm32_eval.o(i.SD_LowLevel_DeInit), (120 bytes).
    Removing stm32_eval.o(i.SD_LowLevel_Init), (212 bytes).
    Removing stm32_eval.o(i.STM_EVAL_COMInit), (172 bytes).
    Removing stm32_eval.o(i.STM_EVAL_LEDInit), (64 bytes).
    Removing stm32_eval.o(i.STM_EVAL_LEDOff), (24 bytes).
    Removing stm32_eval.o(i.STM_EVAL_LEDOn), (24 bytes).
    Removing stm32_eval.o(i.STM_EVAL_LEDToggle), (28 bytes).
    Removing stm32_eval.o(i.STM_EVAL_PBGetState), (24 bytes).
    Removing stm32_eval.o(i.STM_EVAL_PBInit), (164 bytes).
    Removing stm32_eval.o(i.sFLASH_LowLevel_DeInit), (100 bytes).
    Removing stm32_eval.o(i.sFLASH_LowLevel_Init), (104 bytes).
    Removing stm32_eval.o(.constdata), (168 bytes).
    Removing stm32_eval.o(.data), (72 bytes).
    Removing stm32_eval_spi_sd.o(i.SD_DeInit), (4 bytes).
    Removing stm32_eval_spi_sd.o(i.SD_Detect), (24 bytes).
    Removing stm32_eval_spi_sd.o(i.SD_GetCIDRegister), (268 bytes).
    Removing stm32_eval_spi_sd.o(i.SD_GetCSDRegister), (432 bytes).
    Removing stm32_eval_spi_sd.o(i.SD_GetCardInfo), (44 bytes).
    Removing stm32_eval_spi_sd.o(i.SD_GetDataResponse), (50 bytes).
    Removing stm32_eval_spi_sd.o(i.SD_GetResponse), (36 bytes).
    Removing stm32_eval_spi_sd.o(i.SD_GetStatus), (64 bytes).
    Removing stm32_eval_spi_sd.o(i.SD_GoIdleState), (104 bytes).
    Removing stm32_eval_spi_sd.o(i.SD_Init), (44 bytes).
    Removing stm32_eval_spi_sd.o(i.SD_ReadBlock), (108 bytes).
    Removing stm32_eval_spi_sd.o(i.SD_ReadByte), (52 bytes).
    Removing stm32_eval_spi_sd.o(i.SD_ReadMultiBlocks), (136 bytes).
    Removing stm32_eval_spi_sd.o(i.SD_SendCmd), (54 bytes).
    Removing stm32_eval_spi_sd.o(i.SD_WriteBlock), (120 bytes).
    Removing stm32_eval_spi_sd.o(i.SD_WriteByte), (52 bytes).
    Removing stm32_eval_spi_sd.o(i.SD_WriteMultiBlocks), (144 bytes).
    Removing stm32_eval_i2c_tsensor.o(i.LM75_DMA_Config), (100 bytes).
    Removing stm32_eval_i2c_tsensor.o(i.LM75_DeInit), (4 bytes).
    Removing stm32_eval_i2c_tsensor.o(i.LM75_GetStatus), (136 bytes).
    Removing stm32_eval_i2c_tsensor.o(i.LM75_Init), (88 bytes).
    Removing stm32_eval_i2c_tsensor.o(i.LM75_ReadConfReg), (388 bytes).
    Removing stm32_eval_i2c_tsensor.o(i.LM75_ReadReg), (396 bytes).
    Removing stm32_eval_i2c_tsensor.o(i.LM75_ReadTemp), (396 bytes).
    Removing stm32_eval_i2c_tsensor.o(i.LM75_ShutDown), (728 bytes).
    Removing stm32_eval_i2c_tsensor.o(i.LM75_WriteConfReg), (320 bytes).
    Removing stm32_eval_i2c_tsensor.o(i.LM75_WriteReg), (332 bytes).
    Removing stm32_eval_i2c_tsensor.o(.data), (4 bytes).
    Removing stm32_eval_spi_flash.o(i.sFLASH_DeInit), (4 bytes).
    Removing stm32_eval_spi_flash.o(i.sFLASH_EraseBulk), (44 bytes).
    Removing stm32_eval_spi_flash.o(i.sFLASH_EraseSector), (68 bytes).
    Removing stm32_eval_spi_flash.o(i.sFLASH_Init), (100 bytes).
    Removing stm32_eval_spi_flash.o(i.sFLASH_ReadBuffer), (88 bytes).
    Removing stm32_eval_spi_flash.o(i.sFLASH_ReadByte), (6 bytes).
    Removing stm32_eval_spi_flash.o(i.sFLASH_ReadID), (68 bytes).
    Removing stm32_eval_spi_flash.o(i.sFLASH_SendByte), (52 bytes).
    Removing stm32_eval_spi_flash.o(i.sFLASH_SendHalfWord), (52 bytes).
    Removing stm32_eval_spi_flash.o(i.sFLASH_StartReadSequence), (48 bytes).
    Removing stm32_eval_spi_flash.o(i.sFLASH_WaitForWriteEnd), (44 bytes).
    Removing stm32_eval_spi_flash.o(i.sFLASH_WriteBuffer), (196 bytes).
    Removing stm32_eval_spi_flash.o(i.sFLASH_WriteEnable), (36 bytes).
    Removing stm32_eval_spi_flash.o(i.sFLASH_WritePage), (92 bytes).
    Removing stm3210b_eval_lcd.o(i.LCD_Clear), (100 bytes).
    Removing stm3210b_eval_lcd.o(i.LCD_ClearLine), (48 bytes).
    Removing stm3210b_eval_lcd.o(i.LCD_ClosedPolyLine), (34 bytes).
    Removing stm3210b_eval_lcd.o(i.LCD_ClosedPolyLineRelative), (6 bytes).
    Removing stm3210b_eval_lcd.o(i.LCD_CtrlLinesConfig), (100 bytes).
    Removing stm3210b_eval_lcd.o(i.LCD_CtrlLinesWrite), (4 bytes).
    Removing stm3210b_eval_lcd.o(i.LCD_DeInit), (136 bytes).
    Removing stm3210b_eval_lcd.o(i.LCD_DisplayChar), (32 bytes).
    Removing stm3210b_eval_lcd.o(i.LCD_DisplayOff), (72 bytes).
    Removing stm3210b_eval_lcd.o(i.LCD_DisplayOn), (100 bytes).
    Removing stm3210b_eval_lcd.o(i.LCD_DisplayStringLine), (60 bytes).
    Removing stm3210b_eval_lcd.o(i.LCD_DrawChar), (180 bytes).
    Removing stm3210b_eval_lcd.o(i.LCD_DrawCircle), (576 bytes).
    Removing stm3210b_eval_lcd.o(i.LCD_DrawFullCircle), (176 bytes).
    Removing stm3210b_eval_lcd.o(i.LCD_DrawFullRect), (136 bytes).
    Removing stm3210b_eval_lcd.o(i.LCD_DrawLine), (164 bytes).
    Removing stm3210b_eval_lcd.o(i.LCD_DrawMonoPict), (128 bytes).
    Removing stm3210b_eval_lcd.o(i.LCD_DrawRect), (66 bytes).
    Removing stm3210b_eval_lcd.o(i.LCD_DrawUniLine), (184 bytes).
    Removing stm3210b_eval_lcd.o(i.LCD_FillPolyLine), (428 bytes).
    Removing stm3210b_eval_lcd.o(i.LCD_GetColors), (16 bytes).
    Removing stm3210b_eval_lcd.o(i.LCD_GetFont), (12 bytes).
    Removing stm3210b_eval_lcd.o(i.LCD_PolyLine), (40 bytes).
    Removing stm3210b_eval_lcd.o(i.LCD_PolyLineRelative), (6 bytes).
    Removing stm3210b_eval_lcd.o(i.LCD_PolyLineRelativeClosed), (98 bytes).
    Removing stm3210b_eval_lcd.o(i.LCD_PowerOn), (280 bytes).
    Removing stm3210b_eval_lcd.o(i.LCD_ReadReg), (204 bytes).
    Removing stm3210b_eval_lcd.o(i.LCD_SPIConfig), (212 bytes).
    Removing stm3210b_eval_lcd.o(i.LCD_SetBackColor), (12 bytes).
    Removing stm3210b_eval_lcd.o(i.LCD_SetColors), (12 bytes).
    Removing stm3210b_eval_lcd.o(i.LCD_SetCursor), (88 bytes).
    Removing stm3210b_eval_lcd.o(i.LCD_SetDisplayWindow), (184 bytes).
    Removing stm3210b_eval_lcd.o(i.LCD_SetFont), (12 bytes).
    Removing stm3210b_eval_lcd.o(i.LCD_SetTextColor), (12 bytes).
    Removing stm3210b_eval_lcd.o(i.LCD_Setup), (1764 bytes).
    Removing stm3210b_eval_lcd.o(i.LCD_WindowModeDisable), (84 bytes).
    Removing stm3210b_eval_lcd.o(i.LCD_WriteRAM), (168 bytes).
    Removing stm3210b_eval_lcd.o(i.LCD_WriteRAMWord), (32 bytes).
    Removing stm3210b_eval_lcd.o(i.LCD_WriteRAM_Prepare), (18 bytes).
    Removing stm3210b_eval_lcd.o(i.LCD_WriteReg), (192 bytes).
    Removing stm3210b_eval_lcd.o(i.LCD_WriteRegIndex), (76 bytes).
    Removing stm3210b_eval_lcd.o(i.LCD_nCS_StartByte), (48 bytes).
    Removing stm3210b_eval_lcd.o(i.PutPixel), (28 bytes).
    Removing stm3210b_eval_lcd.o(i.STM3210B_LCD_Init), (68 bytes).
    Removing stm3210b_eval_lcd.o(i.delay), (20 bytes).
    Removing stm3210b_eval_lcd.o(.constdata), (4560 bytes).
    Removing stm3210b_eval_lcd.o(.constdata), (2304 bytes).
    Removing stm3210b_eval_lcd.o(.constdata), (2304 bytes).
    Removing stm3210b_eval_lcd.o(.constdata), (1536 bytes).
    Removing stm3210b_eval_lcd.o(.data), (20 bytes).
    Removing stm3210b_eval_lcd.o(.data), (8 bytes).
    Removing stm3210b_eval_lcd.o(.data), (8 bytes).
    Removing stm3210b_eval_lcd.o(.data), (8 bytes).
    Removing startup_stm32f10x_md.o(HEAP), (512 bytes).
    Removing config.o(i.EXTI_Config_Detailed), (24 bytes).
    Removing config.o(i.GPIO_Config_Detailed), (22 bytes).
    Removing config.o(i.NVIC_Config_Detailed), (26 bytes).
    Removing dflti.o(.text), (34 bytes).
    Removing dfltui.o(.text), (26 bytes).
    Removing cdcmple.o(.text), (40 bytes).
    Removing cdrcmple.o(.text), (40 bytes).
    Removing depilogue.o(.text), (194 bytes).

585 unused section(s) (total 39564 bytes) removed from the image.

==============================================================================

Image Symbol Table

    Local Symbols

    Symbol Name                              Value     Ov Type        Size  Object(Section)

    ../../microlib/fpepilogue.c              0x00000000   Number         0  depilogue.o ABSOLUTE
    ../../microlib/fpflt.c                   0x00000000   Number         0  dfltui.o ABSOLUTE
    ../../microlib/fpflt.c                   0x00000000   Number         0  dflti.o ABSOLUTE
    ../../microlib/init/entry.s              0x00000000   Number         0  entry5.o ABSOLUTE
    ../../microlib/init/entry.s              0x00000000   Number         0  entry2.o ABSOLUTE
    ../../microlib/init/entry.s              0x00000000   Number         0  entry7.o ABSOLUTE
    ../../microlib/init/entry.s              0x00000000   Number         0  entry.o ABSOLUTE
    ../../microlib/longlong.c                0x00000000   Number         0  llushr.o ABSOLUTE
    ../../microlib/longlong.c                0x00000000   Number         0  llshl.o ABSOLUTE
    ../../microlib/stubs.s                   0x00000000   Number         0  iusefp.o ABSOLUTE
    ..\..\..\Libraries\CMSIS\CM3\CoreSupport\core_cm3.c 0x00000000   Number         0  core_cm3.o ABSOLUTE
    ..\..\..\Libraries\CMSIS\CM3\DeviceSupport\ST\STM32F10x\startup\arm\startup_stm32f10x_md.s 0x00000000   Number         0  startup_stm32f10x_md.o ABSOLUTE
    ..\..\..\Libraries\EK\config.c           0x00000000   Number         0  config.o ABSOLUTE
    ..\..\..\Libraries\STM32F10x_StdPeriph_Driver\src\misc.c 0x00000000   Number         0  misc.o ABSOLUTE
    ..\..\..\Libraries\STM32F10x_StdPeriph_Driver\src\stm32f10x_adc.c 0x00000000   Number         0  stm32f10x_adc.o ABSOLUTE
    ..\..\..\Libraries\STM32F10x_StdPeriph_Driver\src\stm32f10x_bkp.c 0x00000000   Number         0  stm32f10x_bkp.o ABSOLUTE
    ..\..\..\Libraries\STM32F10x_StdPeriph_Driver\src\stm32f10x_can.c 0x00000000   Number         0  stm32f10x_can.o ABSOLUTE
    ..\..\..\Libraries\STM32F10x_StdPeriph_Driver\src\stm32f10x_cec.c 0x00000000   Number         0  stm32f10x_cec.o ABSOLUTE
    ..\..\..\Libraries\STM32F10x_StdPeriph_Driver\src\stm32f10x_crc.c 0x00000000   Number         0  stm32f10x_crc.o ABSOLUTE
    ..\..\..\Libraries\STM32F10x_StdPeriph_Driver\src\stm32f10x_dac.c 0x00000000   Number         0  stm32f10x_dac.o ABSOLUTE
    ..\..\..\Libraries\STM32F10x_StdPeriph_Driver\src\stm32f10x_dbgmcu.c 0x00000000   Number         0  stm32f10x_dbgmcu.o ABSOLUTE
    ..\..\..\Libraries\STM32F10x_StdPeriph_Driver\src\stm32f10x_dma.c 0x00000000   Number         0  stm32f10x_dma.o ABSOLUTE
    ..\..\..\Libraries\STM32F10x_StdPeriph_Driver\src\stm32f10x_exti.c 0x00000000   Number         0  stm32f10x_exti.o ABSOLUTE
    ..\..\..\Libraries\STM32F10x_StdPeriph_Driver\src\stm32f10x_flash.c 0x00000000   Number         0  stm32f10x_flash.o ABSOLUTE
    ..\..\..\Libraries\STM32F10x_StdPeriph_Driver\src\stm32f10x_fsmc.c 0x00000000   Number         0  stm32f10x_fsmc.o ABSOLUTE
    ..\..\..\Libraries\STM32F10x_StdPeriph_Driver\src\stm32f10x_gpio.c 0x00000000   Number         0  stm32f10x_gpio.o ABSOLUTE
    ..\..\..\Libraries\STM32F10x_StdPeriph_Driver\src\stm32f10x_i2c.c 0x00000000   Number         0  stm32f10x_i2c.o ABSOLUTE
    ..\..\..\Libraries\STM32F10x_StdPeriph_Driver\src\stm32f10x_iwdg.c 0x00000000   Number         0  stm32f10x_iwdg.o ABSOLUTE
    ..\..\..\Libraries\STM32F10x_StdPeriph_Driver\src\stm32f10x_pwr.c 0x00000000   Number         0  stm32f10x_pwr.o ABSOLUTE
    ..\..\..\Libraries\STM32F10x_StdPeriph_Driver\src\stm32f10x_rcc.c 0x00000000   Number         0  stm32f10x_rcc.o ABSOLUTE
    ..\..\..\Libraries\STM32F10x_StdPeriph_Driver\src\stm32f10x_rtc.c 0x00000000   Number         0  stm32f10x_rtc.o ABSOLUTE
    ..\..\..\Libraries\STM32F10x_StdPeriph_Driver\src\stm32f10x_sdio.c 0x00000000   Number         0  stm32f10x_sdio.o ABSOLUTE
    ..\..\..\Libraries\STM32F10x_StdPeriph_Driver\src\stm32f10x_spi.c 0x00000000   Number         0  stm32f10x_spi.o ABSOLUTE
    ..\..\..\Libraries\STM32F10x_StdPeriph_Driver\src\stm32f10x_tim.c 0x00000000   Number         0  stm32f10x_tim.o ABSOLUTE
    ..\..\..\Libraries\STM32F10x_StdPeriph_Driver\src\stm32f10x_usart.c 0x00000000   Number         0  stm32f10x_usart.o ABSOLUTE
    ..\..\..\Libraries\STM32F10x_StdPeriph_Driver\src\stm32f10x_wwdg.c 0x00000000   Number         0  stm32f10x_wwdg.o ABSOLUTE
    ..\..\..\Utilities\STM32_EVAL\Common\stm32_eval_i2c_tsensor.c 0x00000000   Number         0  stm32_eval_i2c_tsensor.o ABSOLUTE
    ..\..\..\Utilities\STM32_EVAL\Common\stm32_eval_spi_flash.c 0x00000000   Number         0  stm32_eval_spi_flash.o ABSOLUTE
    ..\..\..\Utilities\STM32_EVAL\Common\stm32_eval_spi_sd.c 0x00000000   Number         0  stm32_eval_spi_sd.o ABSOLUTE
    ..\..\..\Utilities\STM32_EVAL\STM3210B_EVAL\stm3210b_eval_lcd.c 0x00000000   Number         0  stm3210b_eval_lcd.o ABSOLUTE
    ..\..\..\Utilities\STM32_EVAL\stm32_eval.c 0x00000000   Number         0  stm32_eval.o ABSOLUTE
    ..\\..\\..\\Libraries\\CMSIS\\CM3\\CoreSupport\\core_cm3.c 0x00000000   Number         0  core_cm3.o ABSOLUTE
    ..\main.c                                0x00000000   Number         0  main.o ABSOLUTE
    ..\stm32f10x_it.c                        0x00000000   Number         0  stm32f10x_it.o ABSOLUTE
    ..\system_stm32f10x.c                    0x00000000   Number         0  system_stm32f10x.o ABSOLUTE
    cdcmple.s                                0x00000000   Number         0  cdcmple.o ABSOLUTE
    cdrcmple.s                               0x00000000   Number         0  cdrcmple.o ABSOLUTE
    dc.s                                     0x00000000   Number         0  dc.o ABSOLUTE
    handlers.s                               0x00000000   Number         0  handlers.o ABSOLUTE
    init.s                                   0x00000000   Number         0  init.o ABSOLUTE
    RESET                                    0x08000000   Section      236  startup_stm32f10x_md.o(RESET)
    .ARM.Collect$$$$00000000                 0x080000ec   Section        0  entry.o(.ARM.Collect$$$$00000000)
    .ARM.Collect$$$$00000001                 0x080000ec   Section        4  entry2.o(.ARM.Collect$$$$00000001)
    .ARM.Collect$$$$00000004                 0x080000f0   Section        4  entry5.o(.ARM.Collect$$$$00000004)
    .ARM.Collect$$$$00000007                 0x080000f4   Section        8  entry7.o(.ARM.Collect$$$$00000007)
    .ARM.Collect$$$$00002712                 0x080000fc   Section        4  entry2.o(.ARM.Collect$$$$00002712)
    __lit__00000000                          0x080000fc   Data           4  entry2.o(.ARM.Collect$$$$00002712)
    .text                                    0x08000100   Section       36  startup_stm32f10x_md.o(.text)
    .text                                    0x08000124   Section       36  init.o(.text)
    i.BusFault_Handler                       0x08000148   Section        0  stm32f10x_it.o(i.BusFault_Handler)
    i.DebugMon_Handler                       0x0800014a   Section        0  stm32f10x_it.o(i.DebugMon_Handler)
    i.EXTI15_10_IRQHandler                   0x0800014c   Section        0  main.o(i.EXTI15_10_IRQHandler)
    i.EXTI2_IRQHandler                       0x08000180   Section        0  main.o(i.EXTI2_IRQHandler)
    i.EXTI_ClearITPendingBit                 0x080001ac   Section        0  stm32f10x_exti.o(i.EXTI_ClearITPendingBit)
    i.EXTI_Config                            0x080001b8   Section        0  config.o(i.EXTI_Config)
    i.EXTI_Init                              0x080001d4   Section        0  stm32f10x_exti.o(i.EXTI_Init)
    i.GPIO_Config                            0x08000258   Section        0  config.o(i.GPIO_Config)
    i.GPIO_EXTILineConfig                    0x08000270   Section        0  stm32f10x_gpio.o(i.GPIO_EXTILineConfig)
    i.GPIO_Init                              0x08000298   Section        0  stm32f10x_gpio.o(i.GPIO_Init)
    i.GPIO_ReadInputDataBit                  0x0800033c   Section        0  stm32f10x_gpio.o(i.GPIO_ReadInputDataBit)
    i.GPIO_WriteBit                          0x0800034a   Section        0  stm32f10x_gpio.o(i.GPIO_WriteBit)
    i.HardFault_Handler                      0x08000354   Section        0  stm32f10x_it.o(i.HardFault_Handler)
    i.MemManage_Handler                      0x08000356   Section        0  stm32f10x_it.o(i.MemManage_Handler)
    i.NMI_Handler                            0x08000358   Section        0  stm32f10x_it.o(i.NMI_Handler)
    i.NVIC_Config                            0x0800035a   Section        0  config.o(i.NVIC_Config)
    i.NVIC_Init                              0x08000378   Section        0  misc.o(i.NVIC_Init)
    i.PendSV_Handler                         0x080003d4   Section        0  stm32f10x_it.o(i.PendSV_Handler)
    i.RCC_APB2PeriphClockCmd                 0x080003d8   Section        0  stm32f10x_rcc.o(i.RCC_APB2PeriphClockCmd)
    i.SVC_Handler                            0x080003f0   Section        0  stm32f10x_it.o(i.SVC_Handler)
    i.SetSysClockTo72                        0x080003f4   Section        0  system_stm32f10x.o(i.SetSysClockTo72)
    SetSysClockTo72                          0x080003f5   Thumb Code   136  system_stm32f10x.o(i.SetSysClockTo72)
    i.SysTick_Handler                        0x08000484   Section        0  stm32f10x_it.o(i.SysTick_Handler)
    i.SystemInit                             0x08000488   Section        0  system_stm32f10x.o(i.SystemInit)
    i.UsageFault_Handler                     0x080004d8   Section        0  stm32f10x_it.o(i.UsageFault_Handler)
    i.__scatterload_copy                     0x080004da   Section       14  handlers.o(i.__scatterload_copy)
    i.__scatterload_null                     0x080004e8   Section        2  handlers.o(i.__scatterload_null)
    i.__scatterload_zeroinit                 0x080004ea   Section       14  handlers.o(i.__scatterload_zeroinit)
    i.main                                   0x080004f8   Section        0  main.o(i.main)
    STACK                                    0x20000000   Section     1024  startup_stm32f10x_md.o(STACK)

    Global Symbols

    Symbol Name                              Value     Ov Type        Size  Object(Section)

    BuildAttributes$$THM_ISAv4$P$D$K$B$S$PE$A:L22UL41UL21$X:L11$S22US41US21$IEEE1$IW$USESV6$~STKCKD$USESV7$~SHL$OSPACE$ROPI$EBA8$MICROLIB$REQ8$PRES8$EABIv2 0x00000000   Number         0  anon$$obj.o ABSOLUTE
    __ARM_use_no_argv                        0x00000000   Number         0  main.o ABSOLUTE
    __decompress                              - Undefined Weak Reference
    __Vectors_Size                           0x000000ec   Number         0  startup_stm32f10x_md.o ABSOLUTE
    __Vectors                                0x08000000   Data           4  startup_stm32f10x_md.o(RESET)
    __Vectors_End                            0x080000ec   Data           0  startup_stm32f10x_md.o(RESET)
    __main                                   0x080000ed   Thumb Code     0  entry.o(.ARM.Collect$$$$00000000)
    _main_stk                                0x080000ed   Thumb Code     0  entry2.o(.ARM.Collect$$$$00000001)
    _main_scatterload                        0x080000f1   Thumb Code     0  entry5.o(.ARM.Collect$$$$00000004)
    __main_after_scatterload                 0x080000f5   Thumb Code     0  entry5.o(.ARM.Collect$$$$00000004)
    _main_init                               0x080000f5   Thumb Code     0  entry7.o(.ARM.Collect$$$$00000007)
    Reset_Handler                            0x08000101   Thumb Code     8  startup_stm32f10x_md.o(.text)
    ADC1_2_IRQHandler                        0x0800011b   Thumb Code     0  startup_stm32f10x_md.o(.text)
    CAN1_RX1_IRQHandler                      0x0800011b   Thumb Code     0  startup_stm32f10x_md.o(.text)
    CAN1_SCE_IRQHandler                      0x0800011b   Thumb Code     0  startup_stm32f10x_md.o(.text)
    DMA1_Channel1_IRQHandler                 0x0800011b   Thumb Code     0  startup_stm32f10x_md.o(.text)
    DMA1_Channel2_IRQHandler                 0x0800011b   Thumb Code     0  startup_stm32f10x_md.o(.text)
    DMA1_Channel3_IRQHandler                 0x0800011b   Thumb Code     0  startup_stm32f10x_md.o(.text)
    DMA1_Channel4_IRQHandler                 0x0800011b   Thumb Code     0  startup_stm32f10x_md.o(.text)
    DMA1_Channel5_IRQHandler                 0x0800011b   Thumb Code     0  startup_stm32f10x_md.o(.text)
    DMA1_Channel6_IRQHandler                 0x0800011b   Thumb Code     0  startup_stm32f10x_md.o(.text)
    DMA1_Channel7_IRQHandler                 0x0800011b   Thumb Code     0  startup_stm32f10x_md.o(.text)
    EXTI0_IRQHandler                         0x0800011b   Thumb Code     0  startup_stm32f10x_md.o(.text)
    EXTI1_IRQHandler                         0x0800011b   Thumb Code     0  startup_stm32f10x_md.o(.text)
    EXTI3_IRQHandler                         0x0800011b   Thumb Code     0  startup_stm32f10x_md.o(.text)
    EXTI4_IRQHandler                         0x0800011b   Thumb Code     0  startup_stm32f10x_md.o(.text)
    EXTI9_5_IRQHandler                       0x0800011b   Thumb Code     0  startup_stm32f10x_md.o(.text)
    FLASH_IRQHandler                         0x0800011b   Thumb Code     0  startup_stm32f10x_md.o(.text)
    I2C1_ER_IRQHandler                       0x0800011b   Thumb Code     0  startup_stm32f10x_md.o(.text)
    I2C1_EV_IRQHandler                       0x0800011b   Thumb Code     0  startup_stm32f10x_md.o(.text)
    I2C2_ER_IRQHandler                       0x0800011b   Thumb Code     0  startup_stm32f10x_md.o(.text)
    I2C2_EV_IRQHandler                       0x0800011b   Thumb Code     0  startup_stm32f10x_md.o(.text)
    PVD_IRQHandler                           0x0800011b   Thumb Code     0  startup_stm32f10x_md.o(.text)
    RCC_IRQHandler                           0x0800011b   Thumb Code     0  startup_stm32f10x_md.o(.text)
    RTCAlarm_IRQHandler                      0x0800011b   Thumb Code     0  startup_stm32f10x_md.o(.text)
    RTC_IRQHandler                           0x0800011b   Thumb Code     0  startup_stm32f10x_md.o(.text)
    SPI1_IRQHandler                          0x0800011b   Thumb Code     0  startup_stm32f10x_md.o(.text)
    SPI2_IRQHandler                          0x0800011b   Thumb Code     0  startup_stm32f10x_md.o(.text)
    TAMPER_IRQHandler                        0x0800011b   Thumb Code     0  startup_stm32f10x_md.o(.text)
    TIM1_BRK_IRQHandler                      0x0800011b   Thumb Code     0  startup_stm32f10x_md.o(.text)
    TIM1_CC_IRQHandler                       0x0800011b   Thumb Code     0  startup_stm32f10x_md.o(.text)
    TIM1_TRG_COM_IRQHandler                  0x0800011b   Thumb Code     0  startup_stm32f10x_md.o(.text)
    TIM1_UP_IRQHandler                       0x0800011b   Thumb Code     0  startup_stm32f10x_md.o(.text)
    TIM2_IRQHandler                          0x0800011b   Thumb Code     0  startup_stm32f10x_md.o(.text)
    TIM3_IRQHandler                          0x0800011b   Thumb Code     0  startup_stm32f10x_md.o(.text)
    TIM4_IRQHandler                          0x0800011b   Thumb Code     0  startup_stm32f10x_md.o(.text)
    USART1_IRQHandler                        0x0800011b   Thumb Code     0  startup_stm32f10x_md.o(.text)
    USART2_IRQHandler                        0x0800011b   Thumb Code     0  startup_stm32f10x_md.o(.text)
    USART3_IRQHandler                        0x0800011b   Thumb Code     0  startup_stm32f10x_md.o(.text)
    USBWakeUp_IRQHandler                     0x0800011b   Thumb Code     0  startup_stm32f10x_md.o(.text)
    USB_HP_CAN1_TX_IRQHandler                0x0800011b   Thumb Code     0  startup_stm32f10x_md.o(.text)
    USB_LP_CAN1_RX0_IRQHandler               0x0800011b   Thumb Code     0  startup_stm32f10x_md.o(.text)
    WWDG_IRQHandler                          0x0800011b   Thumb Code     0  startup_stm32f10x_md.o(.text)
    __scatterload                            0x08000125   Thumb Code    28  init.o(.text)
    __scatterload_rt2                        0x08000125   Thumb Code     0  init.o(.text)
    BusFault_Handler                         0x08000149   Thumb Code     2  stm32f10x_it.o(i.BusFault_Handler)
    DebugMon_Handler                         0x0800014b   Thumb Code     2  stm32f10x_it.o(i.DebugMon_Handler)
    EXTI15_10_IRQHandler                     0x0800014d   Thumb Code    44  main.o(i.EXTI15_10_IRQHandler)
    EXTI2_IRQHandler                         0x08000181   Thumb Code    38  main.o(i.EXTI2_IRQHandler)
    EXTI_ClearITPendingBit                   0x080001ad   Thumb Code     6  stm32f10x_exti.o(i.EXTI_ClearITPendingBit)
    EXTI_Config                              0x080001b9   Thumb Code    28  config.o(i.EXTI_Config)
    EXTI_Init                                0x080001d5   Thumb Code   128  stm32f10x_exti.o(i.EXTI_Init)
    GPIO_Config                              0x08000259   Thumb Code    24  config.o(i.GPIO_Config)
    GPIO_EXTILineConfig                      0x08000271   Thumb Code    34  stm32f10x_gpio.o(i.GPIO_EXTILineConfig)
    GPIO_Init                                0x08000299   Thumb Code   164  stm32f10x_gpio.o(i.GPIO_Init)
    GPIO_ReadInputDataBit                    0x0800033d   Thumb Code    14  stm32f10x_gpio.o(i.GPIO_ReadInputDataBit)
    GPIO_WriteBit                            0x0800034b   Thumb Code    10  stm32f10x_gpio.o(i.GPIO_WriteBit)
    HardFault_Handler                        0x08000355   Thumb Code     2  stm32f10x_it.o(i.HardFault_Handler)
    MemManage_Handler                        0x08000357   Thumb Code     2  stm32f10x_it.o(i.MemManage_Handler)
    NMI_Handler                              0x08000359   Thumb Code     2  stm32f10x_it.o(i.NMI_Handler)
    NVIC_Config                              0x0800035b   Thumb Code    30  config.o(i.NVIC_Config)
    NVIC_Init                                0x08000379   Thumb Code    92  misc.o(i.NVIC_Init)
    PendSV_Handler                           0x080003d5   Thumb Code     2  stm32f10x_it.o(i.PendSV_Handler)
    RCC_APB2PeriphClockCmd                   0x080003d9   Thumb Code    18  stm32f10x_rcc.o(i.RCC_APB2PeriphClockCmd)
    SVC_Handler                              0x080003f1   Thumb Code     2  stm32f10x_it.o(i.SVC_Handler)
    SysTick_Handler                          0x08000485   Thumb Code     2  stm32f10x_it.o(i.SysTick_Handler)
    SystemInit                               0x08000489   Thumb Code    64  system_stm32f10x.o(i.SystemInit)
    UsageFault_Handler                       0x080004d9   Thumb Code     2  stm32f10x_it.o(i.UsageFault_Handler)
    __scatterload_copy                       0x080004db   Thumb Code    14  handlers.o(i.__scatterload_copy)
    __scatterload_null                       0x080004e9   Thumb Code     2  handlers.o(i.__scatterload_null)
    __scatterload_zeroinit                   0x080004eb   Thumb Code    14  handlers.o(i.__scatterload_zeroinit)
    main                                     0x080004f9   Thumb Code    88  main.o(i.main)
    Region$$Table$$Base                      0x08000558   Number         0  anon$$obj.o(Region$$Table)
    Region$$Table$$Limit                     0x08000568   Number         0  anon$$obj.o(Region$$Table)
    __initial_sp                             0x20000400   Data           0  startup_stm32f10x_md.o(STACK)



==============================================================================

Memory Map of the image

  Image Entry point : 0x080000ed

  Load Region LR_IROM1 (Base: 0x08000000, Size: 0x00000568, Max: 0x00020000, ABSOLUTE)

    Execution Region ER_IROM1 (Base: 0x08000000, Size: 0x00000568, Max: 0x00020000, ABSOLUTE)

    Base Addr    Size         Type   Attr      Idx    E Section Name        Object

    0x08000000   0x000000ec   Data   RO         4046    RESET               startup_stm32f10x_md.o
    0x080000ec   0x00000000   Code   RO         4094  * .ARM.Collect$$$$00000000  mc_w.l(entry.o)
    0x080000ec   0x00000004   Code   RO         4105    .ARM.Collect$$$$00000001  mc_w.l(entry2.o)
    0x080000f0   0x00000004   Code   RO         4108    .ARM.Collect$$$$00000004  mc_w.l(entry5.o)
    0x080000f4   0x00000008   Code   RO         4109    .ARM.Collect$$$$00000007  mc_w.l(entry7.o)
    0x080000fc   0x00000004   Code   RO         4106    .ARM.Collect$$$$00002712  mc_w.l(entry2.o)
    0x08000100   0x00000024   Code   RO         4047    .text               startup_stm32f10x_md.o
    0x08000124   0x00000024   Code   RO         4113    .text               mc_w.l(init.o)
    0x08000148   0x00000002   Code   RO            1    i.BusFault_Handler  stm32f10x_it.o
    0x0800014a   0x00000002   Code   RO            2    i.DebugMon_Handler  stm32f10x_it.o
    0x0800014c   0x00000034   Code   RO          152    i.EXTI15_10_IRQHandler  main.o
    0x08000180   0x0000002c   Code   RO          153    i.EXTI2_IRQHandler  main.o
    0x080001ac   0x0000000c   Code   RO          698    i.EXTI_ClearITPendingBit  stm32f10x_exti.o
    0x080001b8   0x0000001c   Code   RO         4051    i.EXTI_Config       config.o
    0x080001d4   0x00000084   Code   RO          703    i.EXTI_Init         stm32f10x_exti.o
    0x08000258   0x00000018   Code   RO         4053    i.GPIO_Config       config.o
    0x08000270   0x00000028   Code   RO          541    i.GPIO_EXTILineConfig  stm32f10x_gpio.o
    0x08000298   0x000000a4   Code   RO          544    i.GPIO_Init         stm32f10x_gpio.o
    0x0800033c   0x0000000e   Code   RO          548    i.GPIO_ReadInputDataBit  stm32f10x_gpio.o
    0x0800034a   0x0000000a   Code   RO          555    i.GPIO_WriteBit     stm32f10x_gpio.o
    0x08000354   0x00000002   Code   RO            3    i.HardFault_Handler  stm32f10x_it.o
    0x08000356   0x00000002   Code   RO            4    i.MemManage_Handler  stm32f10x_it.o
    0x08000358   0x00000002   Code   RO            5    i.NMI_Handler       stm32f10x_it.o
    0x0800035a   0x0000001e   Code   RO         4055    i.NVIC_Config       config.o
    0x08000378   0x0000005c   Code   RO          658    i.NVIC_Init         misc.o
    0x080003d4   0x00000002   Code   RO            6    i.PendSV_Handler    stm32f10x_it.o
    0x080003d6   0x00000002   PAD
    0x080003d8   0x00000018   Code   RO          266    i.RCC_APB2PeriphClockCmd  stm32f10x_rcc.o
    0x080003f0   0x00000002   Code   RO            7    i.SVC_Handler       stm32f10x_it.o
    0x080003f2   0x00000002   PAD
    0x080003f4   0x00000090   Code   RO         3346    i.SetSysClockTo72   system_stm32f10x.o
    0x08000484   0x00000002   Code   RO            8    i.SysTick_Handler   stm32f10x_it.o
    0x08000486   0x00000002   PAD
    0x08000488   0x00000050   Code   RO         3348    i.SystemInit        system_stm32f10x.o
    0x080004d8   0x00000002   Code   RO            9    i.UsageFault_Handler  stm32f10x_it.o
    0x080004da   0x0000000e   Code   RO         4121    i.__scatterload_copy  mc_w.l(handlers.o)
    0x080004e8   0x00000002   Code   RO         4122    i.__scatterload_null  mc_w.l(handlers.o)
    0x080004ea   0x0000000e   Code   RO         4123    i.__scatterload_zeroinit  mc_w.l(handlers.o)
    0x080004f8   0x00000060   Code   RO          154    i.main              main.o
    0x08000558   0x00000010   Data   RO         4119    Region$$Table       anon$$obj.o


    Execution Region RW_IRAM1 (Base: 0x20000000, Size: 0x00000400, Max: 0x00005000, ABSOLUTE)

    Base Addr    Size         Type   Attr      Idx    E Section Name        Object

    0x20000000   0x00000400   Zero   RW         4044    STACK               startup_stm32f10x_md.o


==============================================================================

Image component sizes


      Code (inc. data)   RO Data    RW Data    ZI Data      Debug   Object Name

        82          0          0          0          0       2507   config.o
         0          0          0          0          0         32   core_cm3.o
       192         22          0          0          0       1353   main.o
        92          0          0          0          0       2860   misc.o
        36          8        236          0       1024        880   startup_stm32f10x_md.o
       144         10          0          0          0       3925   stm32f10x_exti.o
       228          6          0          0          0      12278   stm32f10x_gpio.o
        18          0          0          0          0      15950   stm32f10x_it.o
        24          6          0          0          0     202429   stm32f10x_rcc.o
       224         24          0          0          0       5393   system_stm32f10x.o

    ----------------------------------------------------------------------
      1046         76        252          0       1024     247607   Object Totals
         0          0         16          0          0          0   (incl. Generated)
         6          0          0          0          0          1   (incl. Padding)

    ----------------------------------------------------------------------

      Code (inc. data)   RO Data    RW Data    ZI Data      Debug   Library Member Name

         0          0          0          0          0          0   entry.o
         8          4          0          0          0          0   entry2.o
         4          0          0          0          0          0   entry5.o
         8          4          0          0          0          0   entry7.o
        30          0          0          0          0          0   handlers.o
        36          8          0          0          0         68   init.o

    ----------------------------------------------------------------------
        86         16          0          0          0         68   Library Totals
         0          0          0          0          0          0   (incl. Padding)

    ----------------------------------------------------------------------

      Code (inc. data)   RO Data    RW Data    ZI Data      Debug   Library Name

        86         16          0          0          0         68   mc_w.l

    ----------------------------------------------------------------------
        86         16          0          0          0         68   Library Totals

    ----------------------------------------------------------------------

==============================================================================


      Code (inc. data)   RO Data    RW Data    ZI Data      Debug   

      1132         92        252          0       1024     246584   Grand Totals
      1132         92        252          0       1024     246584   ELF Image Totals
      1132         92        252          0          0          0   ROM Totals

==============================================================================

    Total RO  Size (Code + RO Data)                 1384 (   1.35kB)
    Total RW  Size (RW Data + ZI Data)              1024 (   1.00kB)
    Total ROM Size (Code + RO Data + RW Data)       1384 (   1.35kB)

==============================================================================

