<html>
<body>
<pre>
<h1>µVision Build Log</h1>
<h2>Project:</h2>
C:\Users\ek\Desktop\stm32\stm32f10x\Project\led_on_taster_interrupt\MDK-ARM\Project.uvproj
Project File Date:  03/14/2015

<h2>Output:</h2>
Build target 'STM3210B-EVAL'
compiling stm32f10x_it.c...
compiling main.c...
compiling stm32f10x_rcc.c...
compiling stm32f10x_gpio.c...
compiling misc.c...
compiling stm32f10x_exti.c...
compiling stm32f10x_spi.c...
compiling stm32f10x_fsmc.c...
compiling stm32f10x_usart.c...
compiling stm32f10x_sdio.c...
compiling stm32f10x_dma.c...
compiling stm32f10x_i2c.c...
compiling stm32f10x_adc.c...
compiling stm32f10x_bkp.c...
compiling stm32f10x_can.c...
compiling stm32f10x_cec.c...
compiling stm32f10x_crc.c...
compiling stm32f10x_dac.c...
compiling stm32f10x_dbgmcu.c...
compiling stm32f10x_flash.c...
compiling stm32f10x_iwdg.c...
compiling stm32f10x_pwr.c...
compiling stm32f10x_rtc.c...
compiling stm32f10x_tim.c...
compiling stm32f10x_wwdg.c...
compiling system_stm32f10x.c...
compiling stm32_eval.c...
compiling stm32_eval_spi_sd.c...
compiling stm32_eval_i2c_tsensor.c...
compiling stm32_eval_spi_flash.c...
compiling stm3210b_eval_lcd.c...
linking...
Program Size: Code=1152 RO-data=252 RW-data=0 ZI-data=1024  
".\STM3210B-EVAL\STM3210B-EVAL.axf" - 0 Error(s), 0 Warning(s).
Load "C:\\Users\\ek\\Desktop\\stm32\\stm32f10x\\Project\\led_on_taster_interrupt\\MDK-ARM\\STM3210B-EVAL\\STM3210B-EVAL.AXF" 
