<html>
<body>
<pre>
<h1>µVision Build Log</h1>
<h2>Project:</h2>
C:\Users\ek\Desktop\stm32\stm32f10x\Project\led_on_taster_interrupt_refactor\MDK-ARM\Project.uvproj
Project File Date:  03/15/2015

<h2>Output:</h2>
Build target 'STM3210E-EVAL'
compiling main.c...
compiling config.c...
linking...
Program Size: Code=1132 RO-data=320 RW-data=0 ZI-data=1024  
".\STM3210E-EVAL\STM3210E-EVAL.axf" - 0 Error(s), 0 Warning(s).
Load "C:\\Users\\ek\\Desktop\\stm32\\stm32f10x\\Project\\led_on_taster_interrupt_refactor\\MDK-ARM\\STM3210E-EVAL\\STM3210E-EVAL.AXF" 
